###############################################################################
#
# IAR ELF Linker V7.80.4.12462/W32 for ARM                26/Sep/2019  11:46:47
# Copyright 2007-2017 IAR Systems AB.
#
#    Output file  =  
#        D:\车厂标签\Firmware\firmware\AB13BaseAD20New\EWARM\AD-20\Exe\AD-20.out
#    Map file     =  
#        D:\车厂标签\Firmware\firmware\AB13BaseAD20New\EWARM\AD-20\List\AD-20.map
#    Command line =  
#        D:\车厂标签\Firmware\firmware\AB13BaseAD20New\EWARM\AD-20\Obj\bc26.o
#        D:\车厂标签\Firmware\firmware\AB13BaseAD20New\EWARM\AD-20\Obj\cJSON.o
#        D:\车厂标签\Firmware\firmware\AB13BaseAD20New\EWARM\AD-20\Obj\cmsis_os.o
#        D:\车厂标签\Firmware\firmware\AB13BaseAD20New\EWARM\AD-20\Obj\console.o
#        D:\车厂标签\Firmware\firmware\AB13BaseAD20New\EWARM\AD-20\Obj\croutine.o
#        D:\车厂标签\Firmware\firmware\AB13BaseAD20New\EWARM\AD-20\Obj\DataSave.o
#        D:\车厂标签\Firmware\firmware\AB13BaseAD20New\EWARM\AD-20\Obj\dfu.o
#        D:\车厂标签\Firmware\firmware\AB13BaseAD20New\EWARM\AD-20\Obj\dhcp.o
#        D:\车厂标签\Firmware\firmware\AB13BaseAD20New\EWARM\AD-20\Obj\dns.o
#        D:\车厂标签\Firmware\firmware\AB13BaseAD20New\EWARM\AD-20\Obj\EC20.o
#        D:\车厂标签\Firmware\firmware\AB13BaseAD20New\EWARM\AD-20\Obj\event_groups.o
#        D:\车厂标签\Firmware\firmware\AB13BaseAD20New\EWARM\AD-20\Obj\freertos.o
#        D:\车厂标签\Firmware\firmware\AB13BaseAD20New\EWARM\AD-20\Obj\heap_4.o
#        D:\车厂标签\Firmware\firmware\AB13BaseAD20New\EWARM\AD-20\Obj\http.o
#        D:\车厂标签\Firmware\firmware\AB13BaseAD20New\EWARM\AD-20\Obj\list.o
#        D:\车厂标签\Firmware\firmware\AB13BaseAD20New\EWARM\AD-20\Obj\main.o
#        D:\车厂标签\Firmware\firmware\AB13BaseAD20New\EWARM\AD-20\Obj\MQTT_Conn.o
#        D:\车厂标签\Firmware\firmware\AB13BaseAD20New\EWARM\AD-20\Obj\MQTTClient.o
#        D:\车厂标签\Firmware\firmware\AB13BaseAD20New\EWARM\AD-20\Obj\MQTTConnectClient.o
#        D:\车厂标签\Firmware\firmware\AB13BaseAD20New\EWARM\AD-20\Obj\MQTTConnectServer.o
#        D:\车厂标签\Firmware\firmware\AB13BaseAD20New\EWARM\AD-20\Obj\MQTTDeserializePublish.o
#        D:\车厂标签\Firmware\firmware\AB13BaseAD20New\EWARM\AD-20\Obj\MQTTFormat.o
#        D:\车厂标签\Firmware\firmware\AB13BaseAD20New\EWARM\AD-20\Obj\MQTTFreeRTOS.o
#        D:\车厂标签\Firmware\firmware\AB13BaseAD20New\EWARM\AD-20\Obj\MQTTPacket.o
#        D:\车厂标签\Firmware\firmware\AB13BaseAD20New\EWARM\AD-20\Obj\MQTTSerializePublish.o
#        D:\车厂标签\Firmware\firmware\AB13BaseAD20New\EWARM\AD-20\Obj\MQTTSubscribeClient.o
#        D:\车厂标签\Firmware\firmware\AB13BaseAD20New\EWARM\AD-20\Obj\MQTTSubscribeServer.o
#        D:\车厂标签\Firmware\firmware\AB13BaseAD20New\EWARM\AD-20\Obj\MQTTUnsubscribeClient.o
#        D:\车厂标签\Firmware\firmware\AB13BaseAD20New\EWARM\AD-20\Obj\MQTTUnsubscribeServer.o
#        D:\车厂标签\Firmware\firmware\AB13BaseAD20New\EWARM\AD-20\Obj\netctrl.o
#        D:\车厂标签\Firmware\firmware\AB13BaseAD20New\EWARM\AD-20\Obj\port.o
#        D:\车厂标签\Firmware\firmware\AB13BaseAD20New\EWARM\AD-20\Obj\portasm.o
#        D:\车厂标签\Firmware\firmware\AB13BaseAD20New\EWARM\AD-20\Obj\prjlib.o
#        D:\车厂标签\Firmware\firmware\AB13BaseAD20New\EWARM\AD-20\Obj\Process.o
#        D:\车厂标签\Firmware\firmware\AB13BaseAD20New\EWARM\AD-20\Obj\queue.o
#        D:\车厂标签\Firmware\firmware\AB13BaseAD20New\EWARM\AD-20\Obj\Radio_A7139.o
#        D:\车厂标签\Firmware\firmware\AB13BaseAD20New\EWARM\AD-20\Obj\RelayComProtocal.o
#        D:\车厂标签\Firmware\firmware\AB13BaseAD20New\EWARM\AD-20\Obj\rtc_ext.o
#        D:\车厂标签\Firmware\firmware\AB13BaseAD20New\EWARM\AD-20\Obj\socket.o
#        D:\车厂标签\Firmware\firmware\AB13BaseAD20New\EWARM\AD-20\Obj\socket_bsd.o
#        D:\车厂标签\Firmware\firmware\AB13BaseAD20New\EWARM\AD-20\Obj\sockutil.o
#        D:\车厂标签\Firmware\firmware\AB13BaseAD20New\EWARM\AD-20\Obj\spi_flash.o
#        D:\车厂标签\Firmware\firmware\AB13BaseAD20New\EWARM\AD-20\Obj\startup_stm32f103xe.o
#        D:\车厂标签\Firmware\firmware\AB13BaseAD20New\EWARM\AD-20\Obj\stm32f1xx_hal.o
#        D:\车厂标签\Firmware\firmware\AB13BaseAD20New\EWARM\AD-20\Obj\stm32f1xx_hal_cortex.o
#        D:\车厂标签\Firmware\firmware\AB13BaseAD20New\EWARM\AD-20\Obj\stm32f1xx_hal_crc.o
#        D:\车厂标签\Firmware\firmware\AB13BaseAD20New\EWARM\AD-20\Obj\stm32f1xx_hal_dma.o
#        D:\车厂标签\Firmware\firmware\AB13BaseAD20New\EWARM\AD-20\Obj\stm32f1xx_hal_flash.o
#        D:\车厂标签\Firmware\firmware\AB13BaseAD20New\EWARM\AD-20\Obj\stm32f1xx_hal_flash_ex.o
#        D:\车厂标签\Firmware\firmware\AB13BaseAD20New\EWARM\AD-20\Obj\stm32f1xx_hal_gpio.o
#        D:\车厂标签\Firmware\firmware\AB13BaseAD20New\EWARM\AD-20\Obj\stm32f1xx_hal_gpio_ex.o
#        D:\车厂标签\Firmware\firmware\AB13BaseAD20New\EWARM\AD-20\Obj\stm32f1xx_hal_i2c.o
#        D:\车厂标签\Firmware\firmware\AB13BaseAD20New\EWARM\AD-20\Obj\stm32f1xx_hal_iwdg.o
#        D:\车厂标签\Firmware\firmware\AB13BaseAD20New\EWARM\AD-20\Obj\stm32f1xx_hal_msp.o
#        D:\车厂标签\Firmware\firmware\AB13BaseAD20New\EWARM\AD-20\Obj\stm32f1xx_hal_pwr.o
#        D:\车厂标签\Firmware\firmware\AB13BaseAD20New\EWARM\AD-20\Obj\stm32f1xx_hal_rcc.o
#        D:\车厂标签\Firmware\firmware\AB13BaseAD20New\EWARM\AD-20\Obj\stm32f1xx_hal_rcc_ex.o
#        D:\车厂标签\Firmware\firmware\AB13BaseAD20New\EWARM\AD-20\Obj\stm32f1xx_hal_spi.o
#        D:\车厂标签\Firmware\firmware\AB13BaseAD20New\EWARM\AD-20\Obj\stm32f1xx_hal_spi_ex.o
#        D:\车厂标签\Firmware\firmware\AB13BaseAD20New\EWARM\AD-20\Obj\stm32f1xx_hal_tim.o
#        D:\车厂标签\Firmware\firmware\AB13BaseAD20New\EWARM\AD-20\Obj\stm32f1xx_hal_tim_ex.o
#        D:\车厂标签\Firmware\firmware\AB13BaseAD20New\EWARM\AD-20\Obj\stm32f1xx_hal_timebase_TIM.o
#        D:\车厂标签\Firmware\firmware\AB13BaseAD20New\EWARM\AD-20\Obj\stm32f1xx_hal_uart.o
#        D:\车厂标签\Firmware\firmware\AB13BaseAD20New\EWARM\AD-20\Obj\stm32f1xx_it.o
#        D:\车厂标签\Firmware\firmware\AB13BaseAD20New\EWARM\AD-20\Obj\system.o
#        D:\车厂标签\Firmware\firmware\AB13BaseAD20New\EWARM\AD-20\Obj\system_stm32f1xx.o
#        D:\车厂标签\Firmware\firmware\AB13BaseAD20New\EWARM\AD-20\Obj\tasks.o
#        D:\车厂标签\Firmware\firmware\AB13BaseAD20New\EWARM\AD-20\Obj\timers.o
#        D:\车厂标签\Firmware\firmware\AB13BaseAD20New\EWARM\AD-20\Obj\uart.o
#        D:\车厂标签\Firmware\firmware\AB13BaseAD20New\EWARM\AD-20\Obj\util.o
#        D:\车厂标签\Firmware\firmware\AB13BaseAD20New\EWARM\AD-20\Obj\w5500.o
#        D:\车厂标签\Firmware\firmware\AB13BaseAD20New\EWARM\AD-20\Obj\w5500_comm.o
#        D:\车厂标签\Firmware\firmware\AB13BaseAD20New\EWARM\AD-20\Obj\wifi.o
#        D:\车厂标签\Firmware\firmware\AB13BaseAD20New\EWARM\AD-20\Obj\wizchip_conf.o
#        --redirect _Printf=_PrintfFull --redirect _Scanf=_ScanfFull -o
#        D:\车厂标签\Firmware\firmware\AB13BaseAD20New\EWARM\AD-20\Exe\AD-20.out
#        --map
#        D:\车厂标签\Firmware\firmware\AB13BaseAD20New\EWARM\AD-20\List\AD-20.map
#        --config
#        D:\车厂标签\Firmware\firmware\AB13BaseAD20New\EWARM/stm32f103xe_flash.icf
#        --semihosting --entry __iar_program_start --vfe
#
###############################################################################

*******************************************************************************
*** RUNTIME MODEL ATTRIBUTES
***

CppFlavor                     = *
__Heap_Handler                = DLMalloc
__SystemLibrary               = DLib
__dlib_dynamic_initialization = normal


*******************************************************************************
*** PLACEMENT SUMMARY
***

"A0":  place at 0x08005000 { ro section .intvec };
"P1":  place in [from 0x08005000 to 0x0807ffff] { ro };
"P2":  place in [from 0x20000000 to 0x2000ffff] { rw, block CSTACK, block HEAP };
initialize by copy { rw };

  Section             Kind        Address     Size  Object
  -------             ----        -------     ----  ------
"A0":                                        0x130
  .intvec             ro code  0x08005000    0x130  startup_stm32f103xe.o [1]
                             - 0x08005130    0x130

"P1":                                      0x15337
  .text               ro code  0x08005130   0x1dbc  Process.o [1]
  .text               ro code  0x08006eec     0x44  strcpy_unaligned.o [5]
  .text               ro code  0x08006f30     0x1c  strcat.o [3]
  .text               ro code  0x08006f4c    0x500  prjlib.o [1]
  .text               ro code  0x0800744c    0x8a8  MQTT_Conn.o [1]
  .text               ro code  0x08007cf4    0xb30  tasks.o [1]
  .text               ro code  0x08008824    0x6d0  console.o [1]
  .text               ro code  0x08008ef4    0x290  heap_4.o [1]
  .text               ro code  0x08009184     0x66  ABImemset.o [5]
  .text               ro code  0x080091ea     0x1a  xsnprout.o [3]
  .text               ro code  0x08009204    0x69c  rtc_ext.o [1]
  .text               ro code  0x080098a0     0x36  strlen.o [5]
  .text               ro code  0x080098d6      0xa  xsprout.o [3]
  .text               ro code  0x080098e0    0x924  queue.o [1]
  .text               ro code  0x0800a204    0x3a8  cmsis_os.o [1]
  .text               ro code  0x0800a5ac    0x360  RelayComProtocal.o [1]
  .text               ro code  0x0800a90c      0xc  stm32f1xx_hal.o [1]
  .text               ro code  0x0800a918    0x8e8  uart.o [1]
  .text               ro code  0x0800b200   0x1708  cJSON.o [1]
  .text               ro code  0x0800c908     0x30  I32ToDbl.o [4]
  .text               ro code  0x0800c938     0x42  strcmp_unaligned.o [5]
  .text               ro code  0x0800c97a      0x8  abs.o [3]
  .rodata             const    0x0800c982      0x2  stm32f1xx_hal_rcc.o [1]
  .text               ro code  0x0800c984    0x218  DataSave.o [1]
  .text               ro code  0x0800cb9c    0x200  port.o [1]
  .text               ro code  0x0800cd9c      0xa  isdigit.o [3]
  .text               ro code  0x0800cda6     0x28  isprint.o [3]
  .text               ro code  0x0800cdce     0x30  isgraph.o [3]
  .text               ro code  0x0800ce00     0x76  ABImemcpy_unaligned.o [5]
  .text               ro code  0x0800ce78    0x158  MQTTFreeRTOS.o [1]
  .text               ro code  0x0800cfd0    0x7f6  MQTTClient.o [1]
  .text               ro code  0x0800d7c8    0x9b0  system.o [1]
  .text               ro code  0x0800e178     0x2c  strncmp.o [3]
  .text               ro code  0x0800e1a4     0x9e  list.o [1]
  .text               ro code  0x0800e244    0x110  freertos.o [1]
  .text               ro code  0x0800e354     0x3c  vsnprint.o [3]
  .text               ro code  0x0800e390     0x34  sprintf.o [3]
  .text               ro code  0x0800e3c4    0xb2c  stm32f1xx_hal_i2c.o [1]
  .text               ro code  0x0800eef0    0x7c0  stm32f1xx_hal_uart.o [1]
  .text               ro code  0x0800f6b0    0x334  stm32f1xx_hal_gpio.o [1]
  .text               ro code  0x0800f9e4     0x14  tolower.o [3]
  .text               ro code  0x0800f9f8    0x1a2  DblMul.o [4]
  .text               ro code  0x0800fb9c     0xe8  DblAdd.o [4]
  .rodata             const    0x0800fc84     0x4c  http.o [1]
  .text               ro code  0x0800fcd0    0x848  pow.o [4]
  .text               ro code  0x08010518     0x58  DblToI32.o [4]
  .text               ro code  0x08010570     0x20  DblCmpEq.o [4]
  .text               ro code  0x08010590    0x180  DblSub.o [4]
  .text               ro code  0x08010710     0x2e  DblCmpLe.o [4]
  .text               ro code  0x08010740     0x2e  DblCmpGe.o [4]
  .text               ro code  0x08010770     0x5e  floor.o [4]
  .text               ro code  0x080107d0     0x16  strchr.o [5]
  .text               ro code  0x080107e8    0x974  spi_flash.o [1]
  CODE                ro code  0x0801115c     0x88  portasm.o [1]
  .text               ro code  0x080111e4     0x28  isxxx.o [3]
  .text               ro code  0x0801120c    0x264  MQTTPacket.o [1]
  .text               ro code  0x08011470    0x318  MQTTConnectClient.o [1]
  .text               ro code  0x08011788    0x128  MQTTDeserializePublish.o [1]
  .text               ro code  0x080118b0    0x170  MQTTSerializePublish.o [1]
  .text               ro code  0x08011a20    0x194  MQTTSubscribeClient.o [1]
  .text               ro code  0x08011bb4      0xc  stm32f1xx_hal_pwr.o [1]
  .text               ro code  0x08011bc0    0x180  bc26.o [1]
  .text               ro code  0x08011d40    0x174  wifi.o [1]
  .text               ro code  0x08011eb4    0x158  w5500_comm.o [1]
  .text               ro code  0x0801200c     0x5e  stm32f1xx_hal_iwdg.o [1]
  .text               ro code  0x0801206c     0x28  stm32f1xx_hal.o [1]
  .text               ro code  0x08012094   0x119a  xprintffull.o [3]
  .text               ro code  0x08013230    0x54c  stm32f1xx_hal_msp.o [1]
  .text               ro code  0x0801377c    0x728  stm32f1xx_hal_rcc.o [1]
  .text               ro code  0x08013ea4    0x6bc  stm32f1xx_hal_dma.o [1]
  .text               ro code  0x08014560      0x2  stm32f1xx_hal_uart.o [1]
  .text               ro code  0x08014562      0x2  stm32f1xx_hal_uart.o [1]
  .text               ro code  0x08014564      0x2  stm32f1xx_hal_uart.o [1]
  .text               ro code  0x08014568     0x24  setlocale.o [3]
  .text               ro code  0x0801458c      0xc  xlocale_c.o [3]
  .text               ro code  0x08014598     0x44  xdnorm.o [4]
  .text               ro code  0x080145dc     0x7e  xdint.o [4]
  .text               ro code  0x0801465c      0xc  errno.o [3]
  .text               ro code  0x08014668    0x256  DblDiv.o [4]
  .text               ro code  0x080148c0     0xac  xlog.o [4]
  .text               ro code  0x0801496c    0x2bc  xexp.o [4]
  .text               ro code  0x08014c28     0x1e  isxdigit.o [3]
  .text               ro code  0x08014c46     0x16  xlocale_c.o [3]
  .text               ro code  0x08014c5c     0x24  xlocale_c.o [3]
  .text               ro code  0x08014c80     0x20  xmbtowc.o [3]
  .text               ro code  0x08014ca0     0x58  memchr.o [5]
  .text               ro code  0x08014cf8      0xa  xmbcurmax.o [3]
  .text               ro code  0x08014d04   0x14f4  dlmalloc.o [3]
  .text               ro code  0x080161f8     0x1a  xwctomb.o [3]
  .text               ro code  0x08016214     0xee  I64DivMod.o [5]
  .text               ro code  0x08016304    0x10c  xdscale.o [4]
  .text               ro code  0x08016410     0x6c  localeconv.o [3]
  .text               ro code  0x0801647c      0xe  div.o [3]
  .text               ro code  0x0801648c    0x15c  stm32f1xx_hal_cortex.o [1]
  .text               ro code  0x080165e8    0x786  main.o [1]
  .text               ro code  0x08016d70     0x90  stm32f1xx_hal_timebase_TIM.o [1]
  .text               ro code  0x08016e00      0x2  xtls.o [3]
  .text               ro code  0x08016e02     0x32  xdtest.o [4]
  .text               ro code  0x08016e34     0x60  xencoding_sb.o [3]
  .text               ro code  0x08016e94      0x6  abort.o [3]
  .text               ro code  0x08016e9c     0x2c  xgetmemchunk.o [3]
  .text               ro code  0x08016ec8      0x2  I64DivZer.o [5]
  .text               ro code  0x08016ecc     0x28  stm32f1xx_hal.o [1]
  .text               ro code  0x08016ef4     0x8a  stm32f1xx_hal_spi_ex.o [1]
  .text               ro code  0x08016f80    0x35c  dfu.o [1]
  .text               ro code  0x080172dc     0x18  stm32f1xx_hal.o [1]
  .text               ro code  0x080172f4    0x272  stm32f1xx_hal_tim.o [1]
  .text               ro code  0x08017568     0x14  exit.o [6]
  .text               ro code  0x0801757c    0x4c0  http.o [1]
  .text               ro code  0x08017a3c     0x10  wifi.o [1]
  .text               ro code  0x08017a4c      0x2  stm32f1xx_hal_tim.o [1]
  .text               ro code  0x08017a4e      0x2  stm32f1xx_hal_tim.o [1]
  .text               ro code  0x08017a50      0x2  stm32f1xx_hal_tim.o [1]
  .text               ro code  0x08017a52      0x2  stm32f1xx_hal_tim_ex.o [1]
  .text               ro code  0x08017a54      0x2  stm32f1xx_hal_tim.o [1]
  .text               ro code  0x08017a56      0x2  stm32f1xx_hal_tim_ex.o [1]
  .text               ro code  0x08017a58     0x44  snprintf.o [3]
  .text               ro code  0x08017a9c     0x2e  strstr.o [3]
  .rodata             const    0x08017acc    0x200  prjlib.o [1]
  .rodata             const    0x08017ccc    0x184  RelayComProtocal.o [1]
  .rodata             const    0x08017e50    0x184  RelayComProtocal.o [1]
  .rodata             const    0x08017fd4    0x180  RelayComProtocal.o [1]
  .rodata             const    0x08018154    0x114  RelayComProtocal.o [1]
  .text               ro code  0x08018268     0xe8  stm32f1xx_it.o [1]
  .text               ro code  0x08018350     0x68  system_stm32f1xx.o [1]
  .rodata             const    0x080183b8     0x58  MQTTClient.o [1]
  .rodata             const    0x08018410     0x50  dfu.o [1]
  .rodata             const    0x08018460     0x4c  Process.o [1]
  .rodata             const    0x080184ac     0x4c  stm32f1xx_hal_msp.o [1]
  .rodata             const    0x080184f8     0x48  Process.o [1]
  .rodata             const    0x08018540     0x48  rtc_ext.o [1]
  .rodata             const    0x08018588     0x48  spi_flash.o [1]
  .rodata             const    0x080185d0     0x44  http.o [1]
  .rodata             const    0x08018614     0x40  main.o [1]
  .rodata             const    0x08018654     0x40  system.o [1]
  .text               ro code  0x08018694     0x40  zero_init3.o [5]
  .rodata             const    0x080186d4     0x3c  dfu.o [1]
  .rodata             const    0x08018710     0x3c  MQTT_Conn.o [1]
  .rodata             const    0x0801874c     0x3c  Process.o [1]
  .rodata             const    0x08018788     0x3c  spi_flash.o [1]
  .rodata             const    0x080187c4     0x3c  system.o [1]
  .rodata             const    0x08018800     0x3c  system.o [1]
  .rodata             const    0x0801883c     0x38  dfu.o [1]
  .rodata             const    0x08018874     0x38  dfu.o [1]
  .rodata             const    0x080188ac     0x38  http.o [1]
  .rodata             const    0x080188e4     0x38  Process.o [1]
  .rodata             const    0x0801891c     0x38  spi_flash.o [1]
  .rodata             const    0x08018954     0x38  system.o [1]
  .text               ro code  0x0801898c     0x38  packbits_init_single.o [5]
  .rodata             const    0x080189c4     0x34  MQTT_Conn.o [1]
  .rodata             const    0x080189f8     0x34  MQTT_Conn.o [1]
  .rodata             const    0x08018a2c     0x34  Process.o [1]
  .rodata             const    0x08018a60     0x34  RelayComProtocal.o [1]
  .rodata             const    0x08018a94     0x30  dfu.o [1]
  .rodata             const    0x08018ac4     0x30  freertos.o [1]
  .rodata             const    0x08018af4     0x30  http.o [1]
  .rodata             const    0x08018b24     0x30  MQTT_Conn.o [1]
  .rodata             const    0x08018b54     0x30  spi_flash.o [1]
  .rodata             const    0x08018b84     0x30  spi_flash.o [1]
  .rodata             const    0x08018bb4     0x30  system.o [1]
  .rodata             const    0x08018be4     0x2c  dfu.o [1]
  .rodata             const    0x08018c10     0x2c  MQTT_Conn.o [1]
  .rodata             const    0x08018c3c     0x2c  MQTT_Conn.o [1]
  .rodata             const    0x08018c68     0x2c  MQTT_Conn.o [1]
  .rodata             const    0x08018c94     0x2c  Process.o [1]
  .rodata             const    0x08018cc0     0x2c  system.o [1]
  .rodata             const    0x08018cec     0x2c  system.o [1]
  .rodata             const    0x08018d18     0x2c  uart.o [1]
  .rodata             const    0x08018d44     0x2c  uart.o [1]
  .rodata             const    0x08018d70     0x2c  w5500_comm.o [1]
  .rodata             const    0x08018d9c     0x28  DataSave.o [1]
  .rodata             const    0x08018dc4     0x28  DataSave.o [1]
  .rodata             const    0x08018dec     0x28  dfu.o [1]
  .rodata             const    0x08018e14     0x28  http.o [1]
  .rodata             const    0x08018e3c     0x28  http.o [1]
  .rodata             const    0x08018e64     0x28  MQTT_Conn.o [1]
  .rodata             const    0x08018e8c     0x28  MQTT_Conn.o [1]
  .rodata             const    0x08018eb4     0x28  Process.o [1]
  .rodata             const    0x08018edc     0x28  Process.o [1]
  .rodata             const    0x08018f04     0x28  Process.o [1]
  .rodata             const    0x08018f2c     0x28  spi_flash.o [1]
  .rodata             const    0x08018f54     0x28  spi_flash.o [1]
  .rodata             const    0x08018f7c     0x28  spi_flash.o [1]
  .rodata             const    0x08018fa4     0x28  system.o [1]
  .rodata             const    0x08018fcc     0x28  system.o [1]
  .text               ro code  0x08018ff4     0x28  data_init.o [5]
  .rodata             const    0x0801901c     0x24  bc26.o [1]
  .rodata             const    0x08019040     0x24  DataSave.o [1]
  .rodata             const    0x08019064     0x24  dfu.o [1]
  .rodata             const    0x08019088     0x24  dfu.o [1]
  .rodata             const    0x080190ac     0x24  MQTT_Conn.o [1]
  .rodata             const    0x080190d0     0x24  MQTT_Conn.o [1]
  .rodata             const    0x080190f4     0x24  Process.o [1]
  .rodata             const    0x08019118     0x24  RelayComProtocal.o [1]
  .rodata             const    0x0801913c     0x24  rtc_ext.o [1]
  .rodata             const    0x08019160     0x24  rtc_ext.o [1]
  .rodata             const    0x08019184     0x24  spi_flash.o [1]
  .rodata             const    0x080191a8     0x24  spi_flash.o [1]
  .rodata             const    0x080191cc     0x24  spi_flash.o [1]
  .rodata             const    0x080191f0     0x24  system.o [1]
  .rodata             const    0x08019214     0x24  system.o [1]
  .rodata             const    0x08019238     0x24  system.o [1]
  .rodata             const    0x0801925c     0x24  system.o [1]
  .rodata             const    0x08019280     0x24  system.o [1]
  .rodata             const    0x080192a4     0x24  uart.o [1]
  .rodata             const    0x080192c8     0x24  uart.o [1]
  .rodata             const    0x080192ec     0x24  uart.o [1]
  .rodata             const    0x08019310     0x24  w5500_comm.o [1]
  .rodata             const    0x08019334     0x24  wifi.o [1]
  .iar.init_table     const    0x08019358     0x20  - Linker created -
  .rodata             const    0x08019378     0x20  console.o [1]
  .rodata             const    0x08019398     0x20  DataSave.o [1]
  .rodata             const    0x080193b8     0x20  DataSave.o [1]
  .rodata             const    0x080193d8     0x20  dfu.o [1]
  .rodata             const    0x080193f8     0x20  dfu.o [1]
  .rodata             const    0x08019418     0x20  dfu.o [1]
  .rodata             const    0x08019438     0x20  http.o [1]
  .rodata             const    0x08019458     0x20  http.o [1]
  .rodata             const    0x08019478     0x20  http.o [1]
  .rodata             const    0x08019498     0x20  http.o [1]
  .rodata             const    0x080194b8     0x20  MQTT_Conn.o [1]
  .rodata             const    0x080194d8     0x20  MQTT_Conn.o [1]
  .rodata             const    0x080194f8     0x20  MQTT_Conn.o [1]
  .rodata             const    0x08019518     0x20  MQTT_Conn.o [1]
  .rodata             const    0x08019538     0x20  MQTT_Conn.o [1]
  .rodata             const    0x08019558     0x20  Process.o [1]
  .rodata             const    0x08019578     0x20  Process.o [1]
  .rodata             const    0x08019598     0x20  Process.o [1]
  .rodata             const    0x080195b8     0x20  Process.o [1]
  .rodata             const    0x080195d8     0x20  RelayComProtocal.o [1]
  .rodata             const    0x080195f8     0x20  rtc_ext.o [1]
  .rodata             const    0x08019618     0x20  spi_flash.o [1]
  .rodata             const    0x08019638     0x20  system.o [1]
  .rodata             const    0x08019658     0x20  system.o [1]
  .rodata             const    0x08019678     0x20  system.o [1]
  .rodata             const    0x08019698     0x1c  console.o [1]
  .rodata             const    0x080196b4     0x1c  console.o [1]
  .rodata             const    0x080196d0     0x1c  console.o [1]
  .rodata             const    0x080196ec     0x1c  console.o [1]
  .rodata             const    0x08019708     0x1c  DataSave.o [1]
  .rodata             const    0x08019724     0x1c  DataSave.o [1]
  .rodata             const    0x08019740     0x1c  dfu.o [1]
  .rodata             const    0x0801975c     0x1c  dfu.o [1]
  .rodata             const    0x08019778     0x1c  freertos.o [1]
  .rodata             const    0x08019794     0x1c  http.o [1]
  .rodata             const    0x080197b0     0x1c  MQTT_Conn.o [1]
  .rodata             const    0x080197cc     0x1c  MQTT_Conn.o [1]
  .rodata             const    0x080197e8     0x1c  MQTT_Conn.o [1]
  .rodata             const    0x08019804     0x1c  Process.o [1]
  .rodata             const    0x08019820     0x1c  Process.o [1]
  .rodata             const    0x0801983c     0x1c  Process.o [1]
  .rodata             const    0x08019858     0x1c  Process.o [1]
  .rodata             const    0x08019874     0x1c  RelayComProtocal.o [1]
  .rodata             const    0x08019890     0x1c  spi_flash.o [1]
  .rodata             const    0x080198ac     0x1c  stm32f1xx_it.o [1]
  .rodata             const    0x080198c8     0x1c  system.o [1]
  .rodata             const    0x080198e4     0x1c  system.o [1]
  .rodata             const    0x08019900     0x1c  uart.o [1]
  .rodata             const    0x0801991c     0x1c  w5500_comm.o [1]
  .text               ro code  0x08019938     0x1a  cmain.o [5]
  .text               ro code  0x08019952      0x4  low_level_init.o [3]
  .text               ro code  0x08019956      0x4  exit.o [3]
  .text               ro code  0x0801995c      0xa  cexit.o [5]
  .rodata             const    0x08019968     0x18  console.o [1]
  .rodata             const    0x08019980     0x18  DataSave.o [1]
  .rodata             const    0x08019998     0x18  DataSave.o [1]
  .rodata             const    0x080199b0     0x18  main.o [1]
  .rodata             const    0x080199c8     0x18  MQTT_Conn.o [1]
  .rodata             const    0x080199e0     0x18  MQTT_Conn.o [1]
  .rodata             const    0x080199f8     0x18  MQTT_Conn.o [1]
  .rodata             const    0x08019a10     0x18  Process.o [1]
  .rodata             const    0x08019a28     0x18  Process.o [1]
  .rodata             const    0x08019a40     0x18  Process.o [1]
  .rodata             const    0x08019a58     0x18  Process.o [1]
  .rodata             const    0x08019a70     0x18  Process.o [1]
  .rodata             const    0x08019a88     0x18  Process.o [1]
  .rodata             const    0x08019aa0     0x18  RelayComProtocal.o [1]
  .rodata             const    0x08019ab8     0x18  spi_flash.o [1]
  .rodata             const    0x08019ad0     0x18  uart.o [1]
  .rodata             const    0x08019ae8     0x14  console.o [1]
  .rodata             const    0x08019afc     0x14  console.o [1]
  .rodata             const    0x08019b10     0x14  console.o [1]
  .rodata             const    0x08019b24     0x14  dfu.o [1]
  .rodata             const    0x08019b38     0x14  freertos.o [1]
  .rodata             const    0x08019b4c     0x14  main.o [1]
  .rodata             const    0x08019b60     0x14  MQTT_Conn.o [1]
  .rodata             const    0x08019b74     0x14  Process.o [1]
  .rodata             const    0x08019b88     0x14  Process.o [1]
  .rodata             const    0x08019b9c     0x14  Process.o [1]
  .rodata             const    0x08019bb0     0x14  Process.o [1]
  .rodata             const    0x08019bc4     0x14  Process.o [1]
  .rodata             const    0x08019bd8     0x14  system.o [1]
  .rodata             const    0x08019bec     0x14  system.o [1]
  .rodata             const    0x08019c00     0x10  DataSave.o [1]
  .rodata             const    0x08019c10     0x10  DataSave.o [1]
  .rodata             const    0x08019c20     0x10  dfu.o [1]
  .rodata             const    0x08019c30     0x10  http.o [1]
  .rodata             const    0x08019c40     0x10  Process.o [1]
  .rodata             const    0x08019c50     0x10  Process.o [1]
  .rodata             const    0x08019c60     0x10  Process.o [1]
  .rodata             const    0x08019c70     0x10  Process.o [1]
  .rodata             const    0x08019c80     0x10  Process.o [1]
  .rodata             const    0x08019c90     0x10  Process.o [1]
  .rodata             const    0x08019ca0     0x10  Process.o [1]
  .rodata             const    0x08019cb0     0x10  Process.o [1]
  .rodata             const    0x08019cc0     0x10  Process.o [1]
  .rodata             const    0x08019cd0     0x10  RelayComProtocal.o [1]
  .rodata             const    0x08019ce0     0x10  stm32f1xx_hal_rcc.o [1]
  .rodata             const    0x08019cf0     0x10  system.o [1]
  .rodata             const    0x08019d00     0x10  system.o [1]
  .rodata             const    0x08019d10     0x10  system.o [1]
  .rodata             const    0x08019d20     0x10  system.o [1]
  .rodata             const    0x08019d30     0x10  system_stm32f1xx.o [1]
  .rodata             const    0x08019d40     0x10  uart.o [1]
  .text               ro code  0x08019d50     0x10  startup_stm32f103xe.o [1]
  .rodata             const    0x08019d60      0xc  console.o [1]
  .rodata             const    0x08019d6c      0xc  console.o [1]
  .rodata             const    0x08019d78      0xc  console.o [1]
  .rodata             const    0x08019d84      0xc  DataSave.o [1]
  .rodata             const    0x08019d90      0xc  DataSave.o [1]
  .rodata             const    0x08019d9c      0xc  DataSave.o [1]
  .rodata             const    0x08019da8      0xc  dfu.o [1]
  .rodata             const    0x08019db4      0xc  dfu.o [1]
  .rodata             const    0x08019dc0      0xc  dfu.o [1]
  .rodata             const    0x08019dcc      0xc  dfu.o [1]
  .rodata             const    0x08019dd8      0xc  http.o [1]
  .rodata             const    0x08019de4      0xc  http.o [1]
  .rodata             const    0x08019df0      0xc  main.o [1]
  .rodata             const    0x08019dfc      0xc  main.o [1]
  .rodata             const    0x08019e08      0xc  MQTT_Conn.o [1]
  .rodata             const    0x08019e14      0xc  MQTT_Conn.o [1]
  .rodata             const    0x08019e20      0xc  MQTT_Conn.o [1]
  .rodata             const    0x08019e2c      0xc  Process.o [1]
  .rodata             const    0x08019e38      0xc  Process.o [1]
  .rodata             const    0x08019e44      0xc  Process.o [1]
  .rodata             const    0x08019e50      0xc  Process.o [1]
  .rodata             const    0x08019e5c      0xc  Process.o [1]
  .rodata             const    0x08019e68      0xc  Process.o [1]
  .rodata             const    0x08019e74      0xc  Process.o [1]
  .rodata             const    0x08019e80      0xc  Process.o [1]
  .rodata             const    0x08019e8c      0xc  Process.o [1]
  .rodata             const    0x08019e98      0xc  Process.o [1]
  .rodata             const    0x08019ea4      0xc  Process.o [1]
  .rodata             const    0x08019eb0      0xc  Process.o [1]
  .rodata             const    0x08019ebc      0xc  Process.o [1]
  .rodata             const    0x08019ec8      0xc  Process.o [1]
  .rodata             const    0x08019ed4      0xc  Process.o [1]
  .rodata             const    0x08019ee0      0xc  Process.o [1]
  .rodata             const    0x08019eec      0xc  Process.o [1]
  .rodata             const    0x08019ef8      0xc  Process.o [1]
  .rodata             const    0x08019f04      0xc  Process.o [1]
  .rodata             const    0x08019f10      0xc  Process.o [1]
  .rodata             const    0x08019f1c      0xc  Process.o [1]
  .rodata             const    0x08019f28      0xc  Process.o [1]
  .rodata             const    0x08019f34      0xc  Process.o [1]
  .rodata             const    0x08019f40      0xc  Process.o [1]
  .rodata             const    0x08019f4c      0xc  Process.o [1]
  .rodata             const    0x08019f58      0xc  Process.o [1]
  .rodata             const    0x08019f64      0xc  rtc_ext.o [1]
  .rodata             const    0x08019f70      0xc  rtc_ext.o [1]
  .rodata             const    0x08019f7c      0xc  system.o [1]
  .rodata             const    0x08019f88      0xc  system.o [1]
  .rodata             const    0x08019f94      0xc  system.o [1]
  .rodata             const    0x08019fa0      0xc  system.o [1]
  .rodata             const    0x08019fac      0xc  system.o [1]
  .rodata             const    0x08019fb8      0xc  system.o [1]
  .text               ro code  0x08019fc4      0xc  cstartup_M.o [5]
  .rodata             const    0x08019fd0      0x8  cJSON.o [1]
  .rodata             const    0x08019fd8      0x8  cJSON.o [1]
  .rodata             const    0x08019fe0      0x8  cJSON.o [1]
  .rodata             const    0x08019fe8      0x8  cJSON.o [1]
  .rodata             const    0x08019ff0      0x8  cJSON.o [1]
  .rodata             const    0x08019ff8      0x8  cJSON.o [1]
  .rodata             const    0x0801a000      0x8  cJSON.o [1]
  .rodata             const    0x0801a008      0x8  console.o [1]
  .rodata             const    0x0801a010      0x8  console.o [1]
  .rodata             const    0x0801a018      0x8  console.o [1]
  .rodata             const    0x0801a020      0x8  console.o [1]
  .rodata             const    0x0801a028      0x8  console.o [1]
  .rodata             const    0x0801a030      0x8  dfu.o [1]
  .rodata             const    0x0801a038      0x8  dfu.o [1]
  .rodata             const    0x0801a040      0x8  dfu.o [1]
  .rodata             const    0x0801a048      0x8  dfu.o [1]
  .rodata             const    0x0801a050      0x8  http.o [1]
  .rodata             const    0x0801a058      0x8  MQTT_Conn.o [1]
  .rodata             const    0x0801a060      0x8  MQTT_Conn.o [1]
  .rodata             const    0x0801a068      0x8  MQTT_Conn.o [1]
  .rodata             const    0x0801a070      0x8  MQTT_Conn.o [1]
  .rodata             const    0x0801a078      0x8  MQTT_Conn.o [1]
  .rodata             const    0x0801a080      0x8  MQTT_Conn.o [1]
  .rodata             const    0x0801a088      0x8  MQTTConnectClient.o [1]
  .rodata             const    0x0801a090      0x8  MQTTConnectClient.o [1]
  .rodata             const    0x0801a098      0x8  Process.o [1]
  .rodata             const    0x0801a0a0      0x8  Process.o [1]
  .rodata             const    0x0801a0a8      0x8  Process.o [1]
  .rodata             const    0x0801a0b0      0x8  Process.o [1]
  .rodata             const    0x0801a0b8      0x8  Process.o [1]
  .rodata             const    0x0801a0c0      0x8  Process.o [1]
  .rodata             const    0x0801a0c8      0x8  Process.o [1]
  .rodata             const    0x0801a0d0      0x8  Process.o [1]
  .rodata             const    0x0801a0d8      0x8  Process.o [1]
  .rodata             const    0x0801a0e0      0x8  Process.o [1]
  .rodata             const    0x0801a0e8      0x8  Process.o [1]
  .rodata             const    0x0801a0f0      0x8  Process.o [1]
  .rodata             const    0x0801a0f8      0x8  Process.o [1]
  .rodata             const    0x0801a100      0x8  Process.o [1]
  .rodata             const    0x0801a108      0x8  Process.o [1]
  .rodata             const    0x0801a110      0x8  Process.o [1]
  .rodata             const    0x0801a118      0x8  Process.o [1]
  .rodata             const    0x0801a120      0x8  Process.o [1]
  .rodata             const    0x0801a128      0x8  Process.o [1]
  .rodata             const    0x0801a130      0x8  Process.o [1]
  .rodata             const    0x0801a138      0x8  Process.o [1]
  .rodata             const    0x0801a140      0x8  Process.o [1]
  .rodata             const    0x0801a148      0x8  Process.o [1]
  .rodata             const    0x0801a150      0x8  Process.o [1]
  .rodata             const    0x0801a158      0x8  Process.o [1]
  .rodata             const    0x0801a160      0x8  Process.o [1]
  .rodata             const    0x0801a168      0x8  Process.o [1]
  .rodata             const    0x0801a170      0x8  Process.o [1]
  .rodata             const    0x0801a178      0x8  Process.o [1]
  .rodata             const    0x0801a180      0x8  Process.o [1]
  .rodata             const    0x0801a188      0x8  Process.o [1]
  .rodata             const    0x0801a190      0x8  Process.o [1]
  .rodata             const    0x0801a198      0x8  Process.o [1]
  .rodata             const    0x0801a1a0      0x8  Process.o [1]
  .rodata             const    0x0801a1a8      0x8  Process.o [1]
  .rodata             const    0x0801a1b0      0x8  Process.o [1]
  .rodata             const    0x0801a1b8      0x8  Process.o [1]
  .rodata             const    0x0801a1c0      0x8  Process.o [1]
  .rodata             const    0x0801a1c8      0x8  Process.o [1]
  .rodata             const    0x0801a1d0      0x8  Process.o [1]
  .rodata             const    0x0801a1d8      0x8  Process.o [1]
  .rodata             const    0x0801a1e0      0x8  Process.o [1]
  .rodata             const    0x0801a1e8      0x8  Process.o [1]
  .rodata             const    0x0801a1f0      0x8  Process.o [1]
  .rodata             const    0x0801a1f8      0x8  Process.o [1]
  .rodata             const    0x0801a200      0x8  Process.o [1]
  .rodata             const    0x0801a208      0x8  Process.o [1]
  .rodata             const    0x0801a210      0x8  Process.o [1]
  .rodata             const    0x0801a218      0x8  spi_flash.o [1]
  .rodata             const    0x0801a220      0x8  spi_flash.o [1]
  .rodata             const    0x0801a228      0x8  spi_flash.o [1]
  .rodata             const    0x0801a230      0x8  spi_flash.o [1]
  .rodata             const    0x0801a238      0x8  spi_flash.o [1]
  .rodata             const    0x0801a240      0x8  system.o [1]
  .rodata             const    0x0801a248      0x8  system.o [1]
  .rodata             const    0x0801a250      0x8  system.o [1]
  .rodata             const    0x0801a258      0x8  system.o [1]
  .rodata             const    0x0801a260      0x8  system.o [1]
  .rodata             const    0x0801a268      0x8  system.o [1]
  .rodata             const    0x0801a270      0x8  system_stm32f1xx.o [1]
  .rodata             const    0x0801a278      0x8  tasks.o [1]
  .rodata             const    0x0801a280      0x8  uart.o [1]
  .rodata             const    0x0801a288      0x8  uart.o [1]
  .rodata             const    0x0801a290      0x8  uart.o [1]
  .rodata             const    0x0801a298      0x8  uart.o [1]
  .rodata             const    0x0801a2a0      0x8  uart.o [1]
  .rodata             const    0x0801a2a8      0x4  console.o [1]
  .rodata             const    0x0801a2ac      0x4  dfu.o [1]
  .rodata             const    0x0801a2b0      0x4  heap_4.o [1]
  .rodata             const    0x0801a2b4      0x4  MQTTClient.o [1]
  .rodata             const    0x0801a2b8      0x4  MQTTConnectClient.o [1]
  .rodata             const    0x0801a2bc      0x4  MQTTConnectClient.o [1]
  .rodata             const    0x0801a2c0      0x4  MQTTConnectClient.o [1]
  .rodata             const    0x0801a2c4      0x4  MQTTConnectClient.o [1]
  .rodata             const    0x0801a2c8      0x4  MQTTConnectClient.o [1]
  .rodata             const    0x0801a2cc      0x4  MQTTDeserializePublish.o [1]
  .rodata             const    0x0801a2d0      0x4  MQTTDeserializePublish.o [1]
  .rodata             const    0x0801a2d4      0x4  MQTTSerializePublish.o [1]
  .rodata             const    0x0801a2d8      0x4  MQTTSerializePublish.o [1]
  .rodata             const    0x0801a2dc      0x4  MQTTSubscribeClient.o [1]
  .rodata             const    0x0801a2e0      0x4  MQTTSubscribeClient.o [1]
  .rodata             const    0x0801a2e4      0x4  port.o [1]
  .rodata             const    0x0801a2e8      0x4  spi_flash.o [1]
  .rodata             const    0x0801a2ec      0x4  system.o [1]
  .text               ro code  0x0801a2f0      0x4  startup_stm32f103xe.o [1]
  .text               ro code  0x0801a2f4      0x4  startup_stm32f103xe.o [1]
  .text               ro code  0x0801a2f8      0x4  startup_stm32f103xe.o [1]
  .text               ro code  0x0801a2fc      0x4  startup_stm32f103xe.o [1]
  .text               ro code  0x0801a300      0x4  startup_stm32f103xe.o [1]
  .text               ro code  0x0801a304      0x4  startup_stm32f103xe.o [1]
  .text               ro code  0x0801a308      0x4  startup_stm32f103xe.o [1]
  .text               ro code  0x0801a30c      0x4  startup_stm32f103xe.o [1]
  .text               ro code  0x0801a310      0x4  startup_stm32f103xe.o [1]
  .text               ro code  0x0801a314      0x4  startup_stm32f103xe.o [1]
  .text               ro code  0x0801a318      0x4  startup_stm32f103xe.o [1]
  .text               ro code  0x0801a31c      0x4  startup_stm32f103xe.o [1]
  .text               ro code  0x0801a320      0x4  startup_stm32f103xe.o [1]
  .text               ro code  0x0801a324      0x4  startup_stm32f103xe.o [1]
  .text               ro code  0x0801a328      0x4  startup_stm32f103xe.o [1]
  .text               ro code  0x0801a32c      0x4  startup_stm32f103xe.o [1]
  .text               ro code  0x0801a330      0x4  startup_stm32f103xe.o [1]
  .text               ro code  0x0801a334      0x4  startup_stm32f103xe.o [1]
  .text               ro code  0x0801a338      0x4  startup_stm32f103xe.o [1]
  .text               ro code  0x0801a33c      0x4  startup_stm32f103xe.o [1]
  .text               ro code  0x0801a340      0x4  startup_stm32f103xe.o [1]
  .text               ro code  0x0801a344      0x4  startup_stm32f103xe.o [1]
  .text               ro code  0x0801a348      0x4  startup_stm32f103xe.o [1]
  .text               ro code  0x0801a34c      0x4  startup_stm32f103xe.o [1]
  .text               ro code  0x0801a350      0x4  startup_stm32f103xe.o [1]
  .text               ro code  0x0801a354      0x4  startup_stm32f103xe.o [1]
  .text               ro code  0x0801a358      0x4  startup_stm32f103xe.o [1]
  .text               ro code  0x0801a35c      0x4  startup_stm32f103xe.o [1]
  .text               ro code  0x0801a360      0x4  startup_stm32f103xe.o [1]
  .text               ro code  0x0801a364      0x4  startup_stm32f103xe.o [1]
  .text               ro code  0x0801a368      0x4  startup_stm32f103xe.o [1]
  .text               ro code  0x0801a36c      0x4  startup_stm32f103xe.o [1]
  .text               ro code  0x0801a370      0x4  startup_stm32f103xe.o [1]
  .text               ro code  0x0801a374      0x4  startup_stm32f103xe.o [1]
  .text               ro code  0x0801a378      0x4  startup_stm32f103xe.o [1]
  .text               ro code  0x0801a37c      0x4  startup_stm32f103xe.o [1]
  .text               ro code  0x0801a380      0x4  startup_stm32f103xe.o [1]
  .text               ro code  0x0801a384      0x4  startup_stm32f103xe.o [1]
  .text               ro code  0x0801a388      0x4  startup_stm32f103xe.o [1]
  .text               ro code  0x0801a38c      0x4  startup_stm32f103xe.o [1]
  .text               ro code  0x0801a390      0x4  startup_stm32f103xe.o [1]
  .text               ro code  0x0801a394      0x4  startup_stm32f103xe.o [1]
  .text               ro code  0x0801a398      0x4  startup_stm32f103xe.o [1]
  .text               ro code  0x0801a39c      0x4  startup_stm32f103xe.o [1]
  .text               ro code  0x0801a3a0      0x4  startup_stm32f103xe.o [1]
  .text               ro code  0x0801a3a4      0x4  startup_stm32f103xe.o [1]
  .text               ro code  0x0801a3a8      0x4  startup_stm32f103xe.o [1]
  .text               ro code  0x0801a3ac      0x4  startup_stm32f103xe.o [1]
  .text               ro code  0x0801a3b0      0x4  startup_stm32f103xe.o [1]
  .text               ro code  0x0801a3b4      0x4  startup_stm32f103xe.o [1]
  .rodata             const    0x0801a3b8      0x0  zero_init3.o [5]
  .rodata             const    0x0801a3b8      0x0  packbits_init_single.o [5]
  Initializer bytes   const    0x0801a3b8     0xaf  <for P2-1>
                             - 0x0801a467  0x15337

"P2", part 1 of 3:                           0x206
  P2-1                         0x20000000    0x206  <Init block>
    .data             inited   0x20000000      0x4  cJSON.o [1]
    .data             inited   0x20000004      0x4  cJSON.o [1]
    .data             inited   0x20000008      0xc  console.o [1]
    .data             inited   0x20000014      0xc  DataSave.o [1]
    .data             inited   0x20000020      0xc  dfu.o [1]
    .data             inited   0x2000002c     0x14  main.o [1]
    .data             inited   0x20000040     0x58  MQTT_Conn.o [1]
    .data             inited   0x20000098      0xc  MQTT_Conn.o [1]
    .data             inited   0x200000a4     0x14  MQTT_Conn.o [1]
    .data             inited   0x200000b8      0x4  port.o [1]
    .data             inited   0x200000bc      0xc  Process.o [1]
    .data             inited   0x200000c8     0x14  Process.o [1]
    .data             inited   0x200000dc      0xc  spi_flash.o [1]
    .data             inited   0x200000e8      0xc  system.o [1]
    .data             inited   0x200000f4      0x4  system_stm32f1xx.o [1]
    .data             inited   0x200000f8      0xc  uart.o [1]
    __DLIB_PERTHREAD  inited   0x20000104      0x4  errno.o [3]
    __DLIB_PERTHREAD  inited   0x20000108     0x74  setlocale.o [3]
    __DLIB_PERTHREAD  inited   0x2000017c     0x88  localeconv.o [3]
    .data             inited   0x20000204      0x1  console.o [1]
    .data             inited   0x20000205      0x1  stm32f1xx_hal.o [1]
                             - 0x20000206    0x206

"P2", part 2 of 3:                           0x600
  CSTACK                       0x20000208    0x400  <Block>
    CSTACK            uninit   0x20000208    0x400  <Block tail>
  HEAP                         0x20000608    0x200  <Block>
    HEAP              uninit   0x20000608    0x200  <Block tail>
                             - 0x20000808    0x600

"P2", part 3 of 3:                          0x9e78
  .bss                zero     0x20000808   0x7800  heap_4.o [1]
  .bss                zero     0x20008008    0x800  system.o [1]
  .bss                zero     0x20008808    0x5e4  RelayComProtocal.o [1]
  .bss                zero     0x20008dec    0x400  MQTT_Conn.o [1]
  .bss                zero     0x200091ec    0x400  MQTT_Conn.o [1]
  .bss                zero     0x200095ec    0x1d8  dlmalloc.o [3]
  .bss                zero     0x200097c4    0x194  Process.o [1]
  .bss                zero     0x20009958    0x100  console.o [1]
  .bss                zero     0x20009a58    0x100  RelayComProtocal.o [1]
  .bss                zero     0x20009b58     0xc4  DataSave.o [1]
  .bss                zero     0x20009c1c     0xc0  MQTT_Conn.o [1]
  .bss                zero     0x20009cdc     0xb4  MQTT_Conn.o [1]
  .bss                zero     0x20009d90     0x8c  tasks.o [1]
  .bss                zero     0x20009e1c     0x64  Process.o [1]
  .bss                zero     0x20009e80     0x58  main.o [1]
  .bss                zero     0x20009ed8     0x58  main.o [1]
  .bss                zero     0x20009f30     0x54  main.o [1]
  .bss                zero     0x20009f84     0x50  uart.o [1]
  .bss                zero     0x20009fd4     0x4c  Process.o [1]
  .bss                zero     0x2000a020     0x44  main.o [1]
  .bss                zero     0x2000a064     0x44  main.o [1]
  .bss                zero     0x2000a0a8     0x44  main.o [1]
  .bss                zero     0x2000a0ec     0x44  main.o [1]
  .bss                zero     0x2000a130     0x44  RelayComProtocal.o [1]
  .bss                zero     0x2000a174     0x40  main.o [1]
  .bss                zero     0x2000a1b4     0x40  main.o [1]
  .bss                zero     0x2000a1f4     0x40  main.o [1]
  .bss                zero     0x2000a234     0x40  main.o [1]
  .bss                zero     0x2000a274     0x40  main.o [1]
  .bss                zero     0x2000a2b4     0x40  stm32f1xx_hal_timebase_TIM.o [1]
  .bss                zero     0x2000a2f4     0x34  wifi.o [1]
  .bss                zero     0x2000a328     0x28  w5500_comm.o [1]
  .bss                zero     0x2000a350     0x24  bc26.o [1]
  .bss                zero     0x2000a374     0x24  Process.o [1]
  .bss                zero     0x2000a398     0x24  Process.o [1]
  .bss                zero     0x2000a3bc     0x20  console.o [1]
  .bss                zero     0x2000a3dc     0x20  system.o [1]
  .bss                zero     0x2000a3fc     0x18  dlmalloc.o [3]
  .bss                zero     0x2000a414     0x14  tasks.o [1]
  .bss                zero     0x2000a428     0x14  tasks.o [1]
  .bss                zero     0x2000a43c     0x14  tasks.o [1]
  .bss                zero     0x2000a450     0x14  tasks.o [1]
  .bss                zero     0x2000a464     0x14  tasks.o [1]
  .bss                zero     0x2000a478     0x14  uart.o [1]
  .bss                zero     0x2000a48c     0x14  uart.o [1]
  .bss                zero     0x2000a4a0     0x14  uart.o [1]
  .bss                zero     0x2000a4b4     0x14  uart.o [1]
  .bss                zero     0x2000a4c8     0x14  uart.o [1]
  .bss                zero     0x2000a4dc     0x14  uart.o [1]
  .bss                zero     0x2000a4f0     0x10  console.o [1]
  .bss                zero     0x2000a500     0x10  MQTT_Conn.o [1]
  .bss                zero     0x2000a510     0x10  spi_flash.o [1]
  .bss                zero     0x2000a520     0x10  system.o [1]
  .bss                zero     0x2000a530     0x10  uart.o [1]
  .bss                zero     0x2000a540     0x10  uart.o [1]
  .bss                zero     0x2000a550     0x10  uart.o [1]
  .bss                zero     0x2000a560      0xc  main.o [1]
  .bss                zero     0x2000a56c      0x8  console.o [1]
  .bss                zero     0x2000a574      0x8  heap_4.o [1]
  .bss                zero     0x2000a57c      0x8  system.o [1]
  .bss                zero     0x2000a584      0x4  bc26.o [1]
  .bss                zero     0x2000a588      0x4  bc26.o [1]
  .bss                zero     0x2000a58c      0x4  cJSON.o [1]
  .bss                zero     0x2000a590      0x4  console.o [1]
  .bss                zero     0x2000a594      0x4  freertos.o [1]
  .bss                zero     0x2000a598      0x4  heap_4.o [1]
  .bss                zero     0x2000a59c      0x4  heap_4.o [1]
  .bss                zero     0x2000a5a0      0x4  heap_4.o [1]
  .bss                zero     0x2000a5a4      0x4  heap_4.o [1]
  .bss                zero     0x2000a5a8      0x4  main.o [1]
  .bss                zero     0x2000a5ac      0x4  MQTT_Conn.o [1]
  .bss                zero     0x2000a5b0      0x4  MQTT_Conn.o [1]
  .bss                zero     0x2000a5b4      0x4  MQTT_Conn.o [1]
  .bss                zero     0x2000a5b8      0x4  MQTT_Conn.o [1]
  .bss                zero     0x2000a5bc      0x4  MQTT_Conn.o [1]
  .bss                zero     0x2000a5c0      0x4  MQTT_Conn.o [1]
  .bss                zero     0x2000a5c4      0x4  MQTTPacket.o [1]
  .bss                zero     0x2000a5c8      0x4  port.o [1]
  .bss                zero     0x2000a5cc      0x4  prjlib.o [1]
  .bss                zero     0x2000a5d0      0x4  prjlib.o [1]
  .bss                zero     0x2000a5d4      0x4  Process.o [1]
  .bss                zero     0x2000a5d8      0x4  Process.o [1]
  .bss                zero     0x2000a5dc      0x4  Process.o [1]
  .bss                zero     0x2000a5e0      0x4  Process.o [1]
  .bss                zero     0x2000a5e4      0x4  rtc_ext.o [1]
  .bss                zero     0x2000a5e8      0x4  rtc_ext.o [1]
  .bss                zero     0x2000a5ec      0x4  spi_flash.o [1]
  .bss                zero     0x2000a5f0      0x4  spi_flash.o [1]
  .bss                zero     0x2000a5f4      0x4  spi_flash.o [1]
  .bss                zero     0x2000a5f8      0x4  stm32f1xx_hal.o [1]
  .bss                zero     0x2000a5fc      0x4  system.o [1]
  .bss                zero     0x2000a600      0x4  system.o [1]
  .bss                zero     0x2000a604      0x4  system.o [1]
  .bss                zero     0x2000a608      0x4  system.o [1]
  .bss                zero     0x2000a60c      0x4  system.o [1]
  .bss                zero     0x2000a610      0x4  system.o [1]
  .bss                zero     0x2000a614      0x4  system.o [1]
  .bss                zero     0x2000a618      0x4  tasks.o [1]
  .bss                zero     0x2000a61c      0x4  tasks.o [1]
  .bss                zero     0x2000a620      0x4  tasks.o [1]
  .bss                zero     0x2000a624      0x4  tasks.o [1]
  .bss                zero     0x2000a628      0x4  tasks.o [1]
  .bss                zero     0x2000a62c      0x4  tasks.o [1]
  .bss                zero     0x2000a630      0x4  tasks.o [1]
  .bss                zero     0x2000a634      0x4  tasks.o [1]
  .bss                zero     0x2000a638      0x4  tasks.o [1]
  .bss                zero     0x2000a63c      0x4  tasks.o [1]
  .bss                zero     0x2000a640      0x4  tasks.o [1]
  .bss                zero     0x2000a644      0x4  tasks.o [1]
  .bss                zero     0x2000a648      0x4  tasks.o [1]
  .bss                zero     0x2000a64c      0x4  tasks.o [1]
  .bss                zero     0x2000a650      0x4  tasks.o [1]
  .bss                zero     0x2000a654      0x4  uart.o [1]
  .bss                zero     0x2000a658      0x4  w5500_comm.o [1]
  .bss                zero     0x2000a65c      0x4  w5500_comm.o [1]
  .bss                zero     0x2000a660      0x4  wifi.o [1]
  .bss                zero     0x2000a664      0x4  wifi.o [1]
  .bss                zero     0x2000a668      0x4  xgetmemchunk.o [3]
  .bss                zero     0x2000a66c      0x2  freertos.o [1]
  .bss                zero     0x2000a66e      0x2  MQTT_Conn.o [1]
  .bss                zero     0x2000a670      0x2  MQTT_Conn.o [1]
  .bss                zero     0x2000a672      0x2  system.o [1]
  .bss                zero     0x2000a674      0x1  console.o [1]
  .bss                zero     0x2000a675      0x1  console.o [1]
  .bss                zero     0x2000a676      0x1  MQTT_Conn.o [1]
  .bss                zero     0x2000a677      0x1  MQTT_Conn.o [1]
  .bss                zero     0x2000a678      0x1  MQTT_Conn.o [1]
  .bss                zero     0x2000a679      0x1  port.o [1]
  .bss                zero     0x2000a67a      0x1  Process.o [1]
  .bss                zero     0x2000a67b      0x1  uart.o [1]
  .bss                zero     0x2000a67c      0x1  uart.o [1]
  .bss                zero     0x2000a67d      0x1  uart.o [1]
  .bss                zero     0x2000a67e      0x1  uart.o [1]
                             - 0x2000a67f   0x9e77


*******************************************************************************
*** INIT TABLE
***

          Address     Size
          -------     ----
Zero (__iar_zero_init3)
    1 destination range, total size 0x9e77:
          0x20000808  0x9e77

Copy/packbits (__iar_packbits_init_single3)
    1 source range, total size 0xaf (33% of destination):
          0x0801a3b8    0xaf
    1 destination range, total size 0x206:
          0x20000000   0x206



*******************************************************************************
*** MODULE SUMMARY
***

    Module                        ro code  ro data  rw data
    ------                        -------  -------  -------
D:\车厂标签\Firmware\firmware\AB13BaseAD20New\EWARM\AD-20\Obj: [1]
    DataSave.o                        536      356      208
    MQTTClient.o                    2 038       92
    MQTTConnectClient.o               792       36
    MQTTDeserializePublish.o          296        8
    MQTTFreeRTOS.o                    344
    MQTTPacket.o                      612                 4
    MQTTSerializePublish.o            368        8
    MQTTSubscribeClient.o             404        8
    MQTT_Conn.o                     2 216      957    2 587
    Process.o                       7 612    1 851      701
    RelayComProtocal.o                864    1 624    1 832
    bc26.o                            384       36       44
    cJSON.o                         5 896       58       12
    cmsis_os.o                        936
    console.o                       1 744      312      331
    dfu.o                             860      732       12
    freertos.o                        272       96        6
    heap_4.o                          656        4   30 744
    http.o                          1 216      532
    list.o                            158
    main.o                          1 926      139      888
    port.o                            512        5        9
    portasm.o                         136
    prjlib.o                        1 280      512        8
    queue.o                         2 340
    rtc_ext.o                       1 692      200        8
    spi_flash.o                     2 420      644       40
    startup_stm32f103xe.o             520
    stm32f1xx_hal.o                   116        1        5
    stm32f1xx_hal_cortex.o            348
    stm32f1xx_hal_dma.o             1 724
    stm32f1xx_hal_gpio.o              820
    stm32f1xx_hal_i2c.o             2 860
    stm32f1xx_hal_iwdg.o               94
    stm32f1xx_hal_msp.o             1 356       76
    stm32f1xx_hal_pwr.o                12
    stm32f1xx_hal_rcc.o             1 832       18
    stm32f1xx_hal_spi_ex.o            138
    stm32f1xx_hal_tim.o               634
    stm32f1xx_hal_tim_ex.o              4
    stm32f1xx_hal_timebase_TIM.o      144                64
    stm32f1xx_hal_uart.o            1 990
    stm32f1xx_it.o                    232       28
    system.o                        2 480    1 020    2 146
    system_stm32f1xx.o                104       25        4
    tasks.o                         2 864        8      300
    uart.o                          2 280      308      268
    w5500_comm.o                      344      108       48
    wifi.o                            388       36       60
    -------------------------------------------------------
    Total:                         59 794    9 838   40 329

command line: [2]
    -------------------------------------------------------
    Total:

dl7M_tlf.a: [3]
    abort.o                             6
    abs.o                               8
    div.o                              14
    dlmalloc.o                      5 364               496
    errno.o                            12        2        4
    exit.o                              4
    isdigit.o                          10
    isgraph.o                          48
    isprint.o                          40
    isxdigit.o                         30
    isxxx.o                            40
    localeconv.o                      108       46      136
    low_level_init.o                    4
    setlocale.o                        36       39      116
    snprintf.o                         68
    sprintf.o                          52
    strcat.o                           28
    strncmp.o                          44
    strstr.o                           46
    tolower.o                          20
    vsnprint.o                         60
    xencoding_sb.o                     96
    xgetmemchunk.o                     44                 4
    xlocale_c.o                        70
    xmbcurmax.o                        10
    xmbtowc.o                          32
    xprintffull.o                   4 506
    xsnprout.o                         26
    xsprout.o                          10
    xtls.o                              2
    xwctomb.o                          26
    -------------------------------------------------------
    Total:                         10 864       87      756

m7M_tl.a: [4]
    DblAdd.o                          232
    DblCmpEq.o                         32
    DblCmpGe.o                         46
    DblCmpLe.o                         46
    DblDiv.o                          598
    DblMul.o                          418
    DblSub.o                          384
    DblToI32.o                         88
    I32ToDbl.o                         48
    floor.o                            94
    pow.o                           2 120
    xdint.o                           126
    xdnorm.o                           68
    xdscale.o                         268
    xdtest.o                           50
    xexp.o                            700
    xlog.o                            172
    -------------------------------------------------------
    Total:                          5 490

rt7M_tl.a: [5]
    ABImemcpy_unaligned.o             118
    ABImemset.o                       102
    I64DivMod.o                       238
    I64DivZer.o                         2
    cexit.o                            10
    cmain.o                            26
    cstartup_M.o                       12
    data_init.o                        40
    memchr.o                           88
    packbits_init_single.o             56
    strchr.o                           22
    strcmp_unaligned.o                 66
    strcpy_unaligned.o                 68
    strlen.o                           54
    zero_init3.o                       64
    -------------------------------------------------------
    Total:                            966

shb_l.a: [6]
    exit.o                             20
    -------------------------------------------------------
    Total:                             20

    Gaps                               48        4
    Linker created                              32    1 536
-----------------------------------------------------------
    Grand Total:                   77 182    9 961   42 621


*******************************************************************************
*** ENTRY LIST
***

Entry                      Address    Size  Type      Object
-----                      -------    ----  ----      ------
.iar.init_table$$Base   0x08019358           --   Gb  - Linker created -
.iar.init_table$$Limit  0x08019378           --   Gb  - Linker created -
?main                   0x08019939          Code  Gb  cmain.o [5]
AHBPrescTable           0x08019d30    0x10  Data  Gb  system_stm32f1xx.o [1]
APBPrescTable           0x0801a270     0x8  Data  Gb  system_stm32f1xx.o [1]
Array2Hex               0x080073a1    0x76  Code  Gb  prjlib.o [1]
ArrivePath              0x080064cd   0x39a  Code  Lc  Process.o [1]
BCD_To_HEX              0x0800707b    0x1a  Code  Gb  prjlib.o [1]
BusFault_Handler        0x08018281     0x2  Code  Gb  stm32f1xx_it.o [1]
CHICKEN_HOUSE_FAULT_START_REG_ADDR
                        0x08019cd0    0x10  Data  Gb  RelayComProtocal.o [1]
CMD_Confirm_Rsp         0x08006b55    0x5e  Code  Lc  Process.o [1]
CMD_Console             0x08008dd9    0xaa  Code  Lc  console.o [1]
CMD_DataSize            0x080088c1     0xe  Code  Gb  console.o [1]
CMD_EchoEnable          0x2000a590     0x4  Data  Lc  console.o [1]
CMD_HEX_Print           0x08008913    0x9c  Code  Gb  console.o [1]
CMD_Init                0x08008825    0x4c  Code  Gb  console.o [1]
CMD_Init::CmdEntrance_CMD
                        0x20000008     0xc  Data  Lc  console.o [1]
CMD_LoginProc           0x08008cd5    0xc4  Code  Lc  console.o [1]
CMD_NewData             0x08008af7    0x46  Code  Gb  console.o [1]
CMD_Pipe                0x2000a674     0x1  Data  Lc  console.o [1]
CMD_PipeSendData        0x08008d99    0x3a  Code  Lc  console.o [1]
CMD_Printf              0x080088cf    0x44  Code  Gb  console.o [1]
CMD_Printf_Level        0x080089af    0x5a  Code  Gb  console.o [1]
CMD_ProcPoll            0x08008b67    0xbc  Code  Lc  console.o [1]
CMD_ReadData            0x080088a3    0x1e  Code  Gb  console.o [1]
CMD_RecBuffer           0x20009958   0x100  Data  Lc  console.o [1]
CMD_RecFIFO             0x2000a4f0    0x10  Data  Lc  console.o [1]
CMD_SendData            0x0800888b    0x18  Code  Gb  console.o [1]
CMD_SetDebugLevel       0x08008a27    0x22  Code  Gb  console.o [1]
CMD_SetEchoEnable       0x08008a09    0x1e  Code  Gb  console.o [1]
CMD_Task                0x08008871    0x1a  Code  Gb  console.o [1]
CMD_UART_IsLogin        0x08008c23    0xb2  Code  Lc  console.o [1]
CMD_UART_IsLogin::buffer
                        0x2000a56c     0x8  Data  Lc  console.o [1]
CMD_UART_Read_Poll      0x08008a49    0xae  Code  Gb  console.o [1]
CMD_Updata              0x080063e1    0xc4  Code  Gb  Process.o [1]
CMD_Virtual             0x08008b3d    0x2a  Code  Gb  console.o [1]
CONTINOUSE_CHICKEN_HOUSE_FAULT_START_REG_LENGTH
                        0x08019118    0x24  Data  Gb  RelayComProtocal.o [1]
CRC_16                  0x08007043    0x38  Code  Gb  prjlib.o [1]
CSTACK$$Base            0x20000208           --   Gb  - Linker created -
CSTACK$$Limit           0x20000608           --   Gb  - Linker created -
ChickenAlarmPar         0x08018460    0x4c  Data  Gb  Process.o [1]
ChickenManagementAnalysis
                        0x08006abd    0x86  Code  Lc  Process.o [1]
Clear_ResetCount        0x0800dc63    0x22  Code  Gb  system.o [1]
CmdHandle               0x2000a5d4     0x4  Data  Lc  Process.o [1]
CmdHanldeLogic          0x0800629d   0x144  Code  Lc  Process.o [1]
Cmd_AddEntrance         0x080070d9    0x3c  Code  Gb  prjlib.o [1]
Cmd_ArgFind             0x080071c1    0x34  Code  Gb  prjlib.o [1]
Cmd_Handle              0x08007115    0xac  Code  Gb  prjlib.o [1]
Connect_Fail            0x2000a670     0x2  Data  Lc  MQTT_Conn.o [1]
Connect_MQTT            0x08007ae5    0x3c  Code  Lc  MQTT_Conn.o [1]
DFU_Console             0x0801713b   0x128  Code  Lc  dfu.o [1]
DFU_HTTP_Download       0x0801701d   0x11e  Code  Gb  dfu.o [1]
DFU_Init                0x08016f9d    0x7e  Code  Gb  dfu.o [1]
DFU_Init::CmdEntrance_DFU
                        0x20000020     0xc  Data  Lc  dfu.o [1]
DFU_Poll                0x0801701b     0x2  Code  Gb  dfu.o [1]
DMA1_Channel2_IRQHandler
                        0x0801828f     0xa  Code  Gb  stm32f1xx_it.o [1]
DMA1_Channel4_IRQHandler
                        0x08018299     0xa  Code  Gb  stm32f1xx_it.o [1]
DMA1_Channel7_IRQHandler
                        0x080182a3     0xa  Code  Gb  stm32f1xx_it.o [1]
DMA2_Channel4_5_IRQHandler
                        0x0801831b     0xa  Code  Gb  stm32f1xx_it.o [1]
DMA_SetConfig           0x08014535    0x2c  Code  Lc  stm32f1xx_hal_dma.o [1]
DataAnalysis            0x08006965    0x92  Code  Lc  Process.o [1]
DataFlowCnt             0x2000a676     0x1  Data  Lc  MQTT_Conn.o [1]
DataSave_Init           0x0800c985    0x12  Code  Gb  DataSave.o [1]
DataSave_Init::CmdEntrance_datasave
                        0x20000014     0xc  Data  Lc  DataSave.o [1]
DebugMon_Handler        0x08018285     0x2  Code  Gb  stm32f1xx_it.o [1]
DeviceQueryAnalysis     0x08006a09    0xa2  Code  Lc  Process.o [1]
Disconnect_MQTT         0x08007b21    0x30  Code  Lc  MQTT_Conn.o [1]
ExtRTC_MultexId         0x2000a5e8     0x4  Data  Lc  rtc_ext.o [1]
FIFO_Flush              0x080072d7     0x6  Code  Gb  prjlib.o [1]
FIFO_Init               0x0800727f    0x26  Code  Gb  prjlib.o [1]
FIFO_Length             0x080072cf     0x8  Code  Gb  prjlib.o [1]
FIFO_Put                0x080072a5    0x2a  Code  Gb  prjlib.o [1]
FIFO_Query              0x0800737b    0x26  Code  Gb  prjlib.o [1]
FIFO_Read               0x080072dd    0x4c  Code  Gb  prjlib.o [1]
FIFO_Write              0x08007329    0x52  Code  Gb  prjlib.o [1]
FIRST_PKG_REGS          0x08017ccc   0x184  Data  Gb  RelayComProtocal.o [1]
FORTH_PKG_REGS          0x08018154   0x114  Data  Gb  RelayComProtocal.o [1]
FreeRTOS_disconnect     0x0800cfb1     0x2  Code  Gb  MQTTFreeRTOS.o [1]
FreeRTOS_read           0x0800cee7    0x68  Code  Gb  MQTTFreeRTOS.o [1]
FreeRTOS_write          0x0800cf4f    0x62  Code  Gb  MQTTFreeRTOS.o [1]
GPRS_IsSocketConnect    0x08011c85    0x42  Code  Gb  bc26.o [1]
GPRS_Opt                0x2000a588     0x4  Data  Lc  bc26.o [1]
GPRS_Param              0x2000a350    0x24  Data  Lc  bc26.o [1]
GPRS_SetOnOff           0x08011bc1    0x3a  Code  Gb  bc26.o [1]
GPRS_SetSocketParam     0x08011cc7    0x68  Code  Gb  bc26.o [1]
GPRS_SocketSendData     0x08011bfd    0x88  Code  Gb  bc26.o [1]
GPRS_TCPIP_SendQId      0x2000a584     0x4  Data  Lc  bc26.o [1]
GetChickenNumber        0x08005469    0x24  Code  Lc  Process.o [1]
GetChickenNumberCmd     0x0801a210     0x8  Data  Gb  Process.o [1]
GetChickenStatus        0x080059db    0x66  Code  Gb  Process.o [1]
GetIDToHex              0x0800532b    0x36  Code  Gb  Process.o [1]
GetRegisterData         0x080054ef   0x194  Code  Gb  Process.o [1]
HAL_DMA_Abort_IT        0x08013fd9   0x1be  Code  Gb  stm32f1xx_hal_dma.o [1]
HAL_DMA_IRQHandler      0x080141b1   0x34c  Code  Gb  stm32f1xx_hal_dma.o [1]
HAL_DMA_Init            0x08013ea5    0x9c  Code  Gb  stm32f1xx_hal_dma.o [1]
HAL_DMA_Start_IT        0x08013f41    0x98  Code  Gb  stm32f1xx_hal_dma.o [1]
HAL_Delay               0x0801206d    0x28  Code  Wk  stm32f1xx_hal.o [1]
HAL_GPIO_Init           0x0800f6b1   0x2d6  Code  Gb  stm32f1xx_hal_gpio.o [1]
HAL_GPIO_WritePin       0x0800f987    0x14  Code  Gb  stm32f1xx_hal_gpio.o [1]
HAL_GetTick             0x0800a90d     0xc  Code  Wk  stm32f1xx_hal.o [1]
HAL_I2C_Init            0x0800e3c5   0x188  Code  Gb  stm32f1xx_hal_i2c.o [1]
HAL_I2C_Mem_Read        0x0800e6eb   0x33c  Code  Gb  stm32f1xx_hal_i2c.o [1]
HAL_I2C_Mem_Write       0x0800e55d   0x18e  Code  Gb  stm32f1xx_hal_i2c.o [1]
HAL_I2C_MspInit         0x080132e1    0x48  Code  Gb  stm32f1xx_hal_msp.o [1]
HAL_IWDG_Init           0x0801200d    0x50  Code  Gb  stm32f1xx_hal_iwdg.o [1]
HAL_IWDG_Refresh        0x0801205d     0xe  Code  Gb  stm32f1xx_hal_iwdg.o [1]
HAL_IncTick             0x080172dd    0x18  Code  Wk  stm32f1xx_hal.o [1]
HAL_Init                0x08016ecd    0x22  Code  Gb  stm32f1xx_hal.o [1]
HAL_InitTick            0x08016d71    0x80  Code  Gb  stm32f1xx_hal_timebase_TIM.o [1]
HAL_MspInit             0x08013231    0xb0  Code  Gb  stm32f1xx_hal_msp.o [1]
HAL_NVIC_EnableIRQ      0x0801658f     0xe  Code  Gb  stm32f1xx_hal_cortex.o [1]
HAL_NVIC_SetPriority    0x08016569    0x26  Code  Gb  stm32f1xx_hal_cortex.o [1]
HAL_NVIC_SetPriorityGrouping
                        0x0801655d     0xc  Code  Gb  stm32f1xx_hal_cortex.o [1]
HAL_PWR_EnableBkUpAccess
                        0x08011bb5     0x8  Code  Gb  stm32f1xx_hal_pwr.o [1]
HAL_RCC_ClockConfig     0x08013bd3   0x184  Code  Gb  stm32f1xx_hal_rcc.o [1]
HAL_RCC_GetClockConfig  0x08013e01    0x3a  Code  Gb  stm32f1xx_hal_rcc.o [1]
HAL_RCC_GetHCLKFreq     0x08013dcf     0x6  Code  Gb  stm32f1xx_hal_rcc.o [1]
HAL_RCC_GetPCLK1Freq    0x08013dd5    0x16  Code  Gb  stm32f1xx_hal_rcc.o [1]
HAL_RCC_GetPCLK2Freq    0x08013deb    0x16  Code  Gb  stm32f1xx_hal_rcc.o [1]
HAL_RCC_GetSysClockFreq
                        0x08013d57    0x78  Code  Gb  stm32f1xx_hal_rcc.o [1]
HAL_RCC_OscConfig       0x0801377d   0x456  Code  Gb  stm32f1xx_hal_rcc.o [1]
HAL_SPI_Init            0x08016ef5    0x8a  Code  Gb  stm32f1xx_hal_spi_ex.o [1]
HAL_SPI_MspInit         0x08013329    0xb8  Code  Gb  stm32f1xx_hal_msp.o [1]
HAL_SYSTICK_CLKSourceConfig
                        0x080165a9    0x20  Code  Gb  stm32f1xx_hal_cortex.o [1]
HAL_SYSTICK_Config      0x0801659d     0xc  Code  Gb  stm32f1xx_hal_cortex.o [1]
HAL_TIMEx_BreakCallback
                        0x08017a53     0x2  Code  Wk  stm32f1xx_hal_tim_ex.o [1]
HAL_TIMEx_CommutationCallback
                        0x08017a57     0x2  Code  Wk  stm32f1xx_hal_tim_ex.o [1]
HAL_TIM_Base_Init       0x080172f5    0x38  Code  Gb  stm32f1xx_hal_tim.o [1]
HAL_TIM_Base_MspInit    0x08017565     0x2  Code  Wk  stm32f1xx_hal_tim.o [1]
HAL_TIM_Base_Start_IT   0x0801732d    0x1e  Code  Gb  stm32f1xx_hal_tim.o [1]
HAL_TIM_IC_CaptureCallback
                        0x08017a4d     0x2  Code  Wk  stm32f1xx_hal_tim.o [1]
HAL_TIM_IRQHandler      0x0801734b   0x176  Code  Gb  stm32f1xx_hal_tim.o [1]
HAL_TIM_OC_DelayElapsedCallback
                        0x08017a4f     0x2  Code  Wk  stm32f1xx_hal_tim.o [1]
HAL_TIM_PWM_PulseFinishedCallback
                        0x08017a51     0x2  Code  Wk  stm32f1xx_hal_tim.o [1]
HAL_TIM_PeriodElapsedCallback
                        0x08016ce1    0x12  Code  Gb  main.o [1]
HAL_TIM_TriggerCallback
                        0x08017a55     0x2  Code  Wk  stm32f1xx_hal_tim.o [1]
HAL_UART_ErrorCallback  0x08014561     0x2  Code  Wk  stm32f1xx_hal_uart.o [1]
HAL_UART_IRQHandler     0x0800f133   0x146  Code  Gb  stm32f1xx_hal_uart.o [1]
HAL_UART_Init           0x0800eef1    0x76  Code  Gb  stm32f1xx_hal_uart.o [1]
HAL_UART_MspInit        0x080133e1   0x33a  Code  Gb  stm32f1xx_hal_msp.o [1]
HAL_UART_RxCpltCallback
                        0x08014565     0x2  Code  Wk  stm32f1xx_hal_uart.o [1]
HAL_UART_Transmit       0x0800ef67    0xde  Code  Gb  stm32f1xx_hal_uart.o [1]
HAL_UART_Transmit_DMA   0x0800f09d    0x96  Code  Gb  stm32f1xx_hal_uart.o [1]
HAL_UART_Transmit_IT    0x0800f045    0x58  Code  Gb  stm32f1xx_hal_uart.o [1]
HAL_UART_TxCpltCallback
                        0x0800af55    0x36  Code  Gb  uart.o [1]
HAL_UART_TxHalfCpltCallback
                        0x08014563     0x2  Code  Wk  stm32f1xx_hal_uart.o [1]
HEAP$$Base              0x20000608           --   Gb  - Linker created -
HEAP$$Limit             0x20000808           --   Gb  - Linker created -
HEX_To_BCD              0x08007095    0x22  Code  Gb  prjlib.o [1]
HTTP_GetData            0x0801757d   0x140  Code  Gb  http.o [1]
HTTP_GetDataToFlash     0x080176bd   0x13c  Code  Gb  http.o [1]
HTTP_SendGET            0x080177f9    0x70  Code  Gb  http.o [1]
HTTP_SendHEAD           0x08017869    0x68  Code  Gb  http.o [1]
HardFault_Handler       0x0801826b    0x14  Code  Gb  stm32f1xx_it.o [1]
HouseAddr               0x080195b8    0x20  Data  Gb  Process.o [1]
I2C_IsAcknowledgeFailed
                        0x0800eec3    0x2e  Code  Lc  stm32f1xx_hal_i2c.o [1]
I2C_RequestMemoryRead   0x0800eb21   0x16e  Code  Lc  stm32f1xx_hal_i2c.o [1]
I2C_RequestMemoryWrite  0x0800ea35    0xec  Code  Lc  stm32f1xx_hal_i2c.o [1]
I2C_WaitOnBTFFlagUntilTimeout
                        0x0800ee0f    0x52  Code  Lc  stm32f1xx_hal_i2c.o [1]
I2C_WaitOnFlagUntilTimeout
                        0x0800ec95    0x88  Code  Lc  stm32f1xx_hal_i2c.o [1]
I2C_WaitOnMasterAddressFlagUntilTimeout
                        0x0800ed1d    0xa0  Code  Lc  stm32f1xx_hal_i2c.o [1]
I2C_WaitOnRXNEFlagUntilTimeout
                        0x0800ee61    0x62  Code  Lc  stm32f1xx_hal_i2c.o [1]
I2C_WaitOnTXEFlagUntilTimeout
                        0x0800edbd    0x52  Code  Lc  stm32f1xx_hal_i2c.o [1]
InquireTask             0x08005365   0x104  Code  Gb  Process.o [1]
InquireTask::cmdtick    0x2000a5dc     0x4  Data  Lc  Process.o [1]
InquireTask::idnumhex   0x2000a5e0     0x4  Data  Lc  Process.o [1]
InquireTask::twdt_PTask
                        0x200000c8    0x14  Data  Lc  Process.o [1]
Inquiretask             0x2000a5d8     0x4  Data  Gb  Process.o [1]
LAN_IsSocketConnect     0x08011f45    0x3c  Code  Gb  w5500_comm.o [1]
LAN_Opt                 0x2000a65c     0x4  Data  Lc  w5500_comm.o [1]
LAN_Param               0x2000a328    0x28  Data  Lc  w5500_comm.o [1]
LAN_ReadStatus          0x08011feb     0xa  Code  Gb  w5500_comm.o [1]
LAN_SendQId             0x2000a658     0x4  Data  Lc  w5500_comm.o [1]
LAN_SetSocketParam      0x08011f81    0x6a  Code  Gb  w5500_comm.o [1]
LAN_SocketSendData      0x08011eb5    0x90  Code  Gb  w5500_comm.o [1]
LED_FlashPoll           0x0800db25   0x11c  Code  Gb  system.o [1]
LED_FlashPoll::index    0x2000a614     0x4  Data  Lc  system.o [1]
LED_FlashPoll::indexOn  0x2000a610     0x4  Data  Lc  system.o [1]
LED_FlashPoll::tsERR    0x2000a60c     0x4  Data  Lc  system.o [1]
LED_FlashPoll::tsNET    0x2000a608     0x4  Data  Lc  system.o [1]
LoadInt                 0x0801270b    0x6e  Code  Lc  xprintffull.o [3]
Login_Pipe              0x2000a675     0x1  Data  Lc  console.o [1]
MQTTClientInit          0x0800d05d    0x62  Code  Gb  MQTTClient.o [1]
MQTTConnect             0x0800d4e9    0xb2  Code  Gb  MQTTClient.o [1]
MQTTDeserialize_ack     0x0801183f    0x6a  Code  Gb  MQTTDeserializePublish.o [1]
MQTTDeserialize_connack
                        0x08011673    0x80  Code  Gb  MQTTConnectClient.o [1]
MQTTDeserialize_publish
                        0x08011789    0xb6  Code  Gb  MQTTDeserializePublish.o [1]
MQTTDeserialize_suback  0x08011b13    0x98  Code  Gb  MQTTSubscribeClient.o [1]
MQTTDisconnect          0x0800d78d    0x3a  Code  Gb  MQTTClient.o [1]
MQTTPacket_decode       0x08011237    0x54  Code  Gb  MQTTPacket.o [1]
MQTTPacket_decodeBuf    0x080112d5    0x14  Code  Gb  MQTTPacket.o [1]
MQTTPacket_encode       0x0801120d    0x2a  Code  Gb  MQTTPacket.o [1]
MQTTPacket_equals       0x08011417    0x4e  Code  Gb  MQTTPacket.o [1]
MQTTPacket_len          0x0801128b    0x22  Code  Gb  MQTTPacket.o [1]
MQTTPublish             0x0800d681   0x10c  Code  Gb  MQTTClient.o [1]
MQTTSerialize_ack       0x08011999    0x80  Code  Gb  MQTTSerializePublish.o [1]
MQTTSerialize_connect   0x080114fd   0x176  Code  Gb  MQTTConnectClient.o [1]
MQTTSerialize_connectLength
                        0x08011471    0x8c  Code  Gb  MQTTConnectClient.o [1]
MQTTSerialize_disconnect
                        0x08011765    0x12  Code  Gb  MQTTConnectClient.o [1]
MQTTSerialize_pingreq   0x08011777    0x12  Code  Gb  MQTTConnectClient.o [1]
MQTTSerialize_publish   0x080118d5    0xc4  Code  Gb  MQTTSerializePublish.o [1]
MQTTSerialize_publishLength
                        0x080118b1    0x24  Code  Gb  MQTTSerializePublish.o [1]
MQTTSerialize_subscribe
                        0x08011a4d    0xc6  Code  Gb  MQTTSubscribeClient.o [1]
MQTTSerialize_subscribeLength
                        0x08011a21    0x2c  Code  Gb  MQTTSubscribeClient.o [1]
MQTTSerialize_zero      0x080116f3    0x54  Code  Gb  MQTTConnectClient.o [1]
MQTTSubscribe           0x0800d5a5    0xdc  Code  Gb  MQTTClient.o [1]
MQTTYield               0x0800d487    0x3a  Code  Gb  MQTTClient.o [1]
MQTT_Conn_Init          0x0800744d    0x48  Code  Gb  MQTT_Conn.o [1]
MQTT_Conn_Init::CmdEntrance_mqtt
                        0x20000098     0xc  Data  Lc  MQTT_Conn.o [1]
MQTT_Conn_Task          0x08007495    0x96  Code  Gb  MQTT_Conn.o [1]
MQTT_Conn_Task::twdt_mqttConTask
                        0x200000a4    0x14  Data  Lc  MQTT_Conn.o [1]
MQTT_IsConnected        0x0800752b     0x8  Code  Gb  MQTT_Conn.o [1]
MQTT_IsDataFlow         0x08007533     0x8  Code  Gb  MQTT_Conn.o [1]
MQTT_ReSubscribe        0x08007a61    0x84  Code  Lc  MQTT_Conn.o [1]
MQTT_ReadData           0x080075fb    0x38  Code  Gb  MQTT_Conn.o [1]
MQTT_SendData           0x080075bd    0x3e  Code  Gb  MQTT_Conn.o [1]
MQTT_SendPoll           0x080079cf    0x92  Code  Lc  MQTT_Conn.o [1]
MQTT_SendQId            0x2000a5ac     0x4  Data  Lc  MQTT_Conn.o [1]
MQTTstrlen              0x080113f7    0x20  Code  Gb  MQTTPacket.o [1]
MX_DMA_Init             0x08016a3d    0x74  Code  Lc  main.o [1]
MX_GPIO_Init            0x08016ab1   0x198  Code  Lc  main.o [1]
MX_I2C1_Init            0x080166d3    0x6a  Code  Lc  main.o [1]
MX_IWDG_Init            0x0801673d    0x38  Code  Lc  main.o [1]
MX_SPI1_Init            0x08016775    0x82  Code  Lc  main.o [1]
MX_SPI2_Init            0x080167f7    0x82  Code  Lc  main.o [1]
MX_UART4_Init           0x08016879    0x60  Code  Lc  main.o [1]
MX_UART5_Init           0x080168d9    0x60  Code  Lc  main.o [1]
MX_USART1_UART_Init     0x08016939    0x60  Code  Lc  main.o [1]
MX_USART2_UART_Init     0x08016999    0x5a  Code  Lc  main.o [1]
MX_USART3_UART_Init     0x080169f3    0x4a  Code  Lc  main.o [1]
Manager_MQTT            0x0800777f   0x250  Code  Lc  MQTT_Conn.o [1]
Manager_MQTT::flowcnt   0x2000a678     0x1  Data  Lc  MQTT_Conn.o [1]
Manager_MQTT::pathS     0x2000a677     0x1  Data  Lc  MQTT_Conn.o [1]
Manager_MQTT::tsConnect_Fail
[...]
__iar_unaligned_strcpy  0x08006eed          Code  Gb  strcpy_unaligned.o [5]
__iar_zero_init3        0x08018695    0x40  Code  Gb  zero_init3.o [5]
__low_level_init        0x08019953     0x4  Code  Gb  low_level_init.o [3]
__vector_table          0x08005000          Data  Gb  startup_stm32f103xe.o [1]
_call_main              0x08019945          Code  Gb  cmain.o [5]
_exit                   0x0801995d          Code  Gb  cexit.o [5]
_gm_                    0x200095ec   0x1d8  Data  Lc  dlmalloc.o [3]
_main                   0x0801994f          Code  Gb  cmain.o [5]
abort                   0x08016e95     0x6  Code  Gb  abort.o [3]
abs                     0x0800c97b     0x8  Code  Gb  abs.o [3]
allChickenHouseSetting  0x20009a58   0x100  Data  Gb  RelayComProtocal.o [1]
arrayncmp               0x08007425    0x28  Code  Gb  prjlib.o [1]
bufchar                 0x080112ad    0x28  Code  Gb  MQTTPacket.o [1]
bufptr                  0x2000a5c4     0x4  Data  Lc  MQTTPacket.o [1]
cJSON_AddItemToArray    0x0800c813    0x2c  Code  Gb  cJSON.o [1]
cJSON_AddItemToObject   0x0800c83f    0x2c  Code  Gb  cJSON.o [1]
cJSON_AddItemToObjectCS
                        0x0800c86b    0x34  Code  Gb  cJSON.o [1]
cJSON_CreateNumber      0x0800c8b5    0x26  Code  Gb  cJSON.o [1]
cJSON_CreateObject      0x0800c8f9    0x10  Code  Gb  cJSON.o [1]
cJSON_CreateString      0x0800c8db    0x1e  Code  Gb  cJSON.o [1]
cJSON_Delete            0x0800b2a7    0x5a  Code  Gb  cJSON.o [1]
cJSON_GetObjectItem     0x0800c7ed    0x20  Code  Gb  cJSON.o [1]
cJSON_New_Item          0x0800b283    0x24  Code  Lc  cJSON.o [1]
cJSON_Parse             0x0800bc31    0x10  Code  Gb  cJSON.o [1]
cJSON_ParseWithOpts     0x0800bbc5    0x6c  Code  Gb  cJSON.o [1]
cJSON_PrintUnformatted  0x0800bc41    0x12  Code  Gb  cJSON.o [1]
cJSON_free              0x20000004     0x4  Data  Lc  cJSON.o [1]
cJSON_malloc            0x20000000     0x4  Data  Lc  cJSON.o [1]
cJSON_strcasecmp        0x0800b201    0x52  Code  Lc  cJSON.o [1]
cJSON_strdup            0x0800b253    0x30  Code  Lc  cJSON.o [1]
cleanRegDataBuffer      0x0800a5ad    0x1e  Code  Gb  RelayComProtocal.o [1]
clearArrayData          0x0800a5cb    0x1c  Code  Gb  RelayComProtocal.o [1]
connectData             0x20000040    0x58  Data  Lc  MQTT_Conn.o [1]
crc16tab                0x08017acc   0x200  Data  Gb  prjlib.o [1]
cycle                   0x0800d325   0x162  Code  Gb  MQTTClient.o [1]
datasave_Console        0x0800cb2b    0x22  Code  Lc  DataSave.o [1]
decodePacket            0x0800d0bf    0x6c  Code  Lc  MQTTClient.o [1]
defaultTaskHandle       0x2000a5a8     0x4  Data  Gb  main.o [1]
deliverMessage          0x0800d237    0x92  Code  Gb  MQTTClient.o [1]
div                     0x0801647d     0xe  Code  Gb  div.o [3]
ensure                  0x0800b48f    0x82  Code  Lc  cJSON.o [1]
ep                      0x2000a58c     0x4  Data  Lc  cJSON.o [1]
exit                    0x08019957     0x4  Code  Gb  exit.o [3]
faultArr                0x2000a130    0x44  Data  Gb  RelayComProtocal.o [1]
findRegDataPos          0x0800a5e7    0x48  Code  Gb  RelayComProtocal.o [1]
firstByteMark           0x0801a000     0x8  Data  Lc  cJSON.o [1]
firstEnt                0x2000a5cc     0x4  Data  Lc  prjlib.o [1]
floor                   0x08010771          Code  Gb  floor.o [4]
floorl                  0x08010771          Code  Gb  floor.o [4]
gTxBuffer               0x200097c4   0x194  Data  Gb  Process.o [1]
g_ucDbgLevel            0x20000204     0x1  Data  Lc  console.o [1]
getAllChickenHouseSetting
                        0x0800a729    0x42  Code  Gb  RelayComProtocal.o [1]
getNextPacketId         0x0800cfd7    0x18  Code  Lc  MQTTClient.o [1]
hdma_uart4_tx           0x2000a020    0x44  Data  Gb  main.o [1]
hdma_usart1_tx          0x2000a064    0x44  Data  Gb  main.o [1]
hdma_usart2_tx          0x2000a0a8    0x44  Data  Gb  main.o [1]
hdma_usart3_tx          0x2000a0ec    0x44  Data  Gb  main.o [1]
hi2c1                   0x20009f30    0x54  Data  Gb  main.o [1]
hiwdg                   0x2000a560     0xc  Data  Gb  main.o [1]
hspi1                   0x20009e80    0x58  Data  Gb  main.o [1]
hspi2                   0x20009ed8    0x58  Data  Gb  main.o [1]
htim8                   0x2000a2b4    0x40  Data  Gb  stm32f1xx_hal_timebase_TIM.o [1]
http_analy_content      0x080179e5    0x1c  Code  Lc  http.o [1]
http_analy_content_length
                        0x08017991    0x54  Code  Lc  http.o [1]
http_analy_ret          0x08017945    0x4c  Code  Lc  http.o [1]
http_readwait           0x080178d1    0x74  Code  Lc  http.o [1]
huart1                  0x2000a1f4    0x40  Data  Gb  main.o [1]
huart2                  0x2000a234    0x40  Data  Gb  main.o [1]
huart3                  0x2000a274    0x40  Data  Gb  main.o [1]
huart4                  0x2000a174    0x40  Data  Gb  main.o [1]
huart5                  0x2000a1b4    0x40  Data  Gb  main.o [1]
ifChickenHouseOnline    0x08005979    0x62  Code  Gb  Process.o [1]
inHandlerMode           0x0800a217    0x12  Code  Lc  cmsis_os.o [1]
init_mparams            0x08014d21    0x32  Code  Lc  dlmalloc.o [3]
init_top                0x08014d53    0x34  Code  Lc  dlmalloc.o [3]
internal_Pow            0x0800fcd1   0x40e  Code  Lc  pow.o [4]
isTopicMatched          0x0800d1c3    0x74  Code  Lc  MQTTClient.o [1]
isalpha                 0x080111e5    0x14  Code  Gb  isxxx.o [3]
isdigit                 0x0800cd9d     0xa  Code  Gb  isdigit.o [3]
isgraph                 0x0800cdcf    0x30  Code  Gb  isgraph.o [3]
isprint                 0x0800cda7    0x28  Code  Gb  isprint.o [3]
ispunct                 0x080111f9    0x14  Code  Gb  isxxx.o [3]
isxdigit                0x08014c29    0x1e  Code  Gb  isxdigit.o [3]
keepalive               0x0800d2c9    0x5c  Code  Gb  MQTTClient.o [1]
lnbias                  0x080100f8   0x420  Data  Lc  pow.o [4]
localeconv              0x0801644b    0x16  Code  Gb  localeconv.o [3]
mClient                 0x20009cdc    0xb4  Data  Lc  MQTT_Conn.o [1]
mNetwork                0x2000a500    0x10  Data  Lc  MQTT_Conn.o [1]
main                    0x080165e9    0x58  Code  Gb  main.o [1]
makeFreeRtosPriority    0x0800a205    0x12  Code  Lc  cmsis_os.o [1]
memchr                  0x08014ca1          Code  Gb  memchr.o [5]
messageArrived          0x0800753b    0x82  Code  Gb  MQTT_Conn.o [1]
mon_table               0x08019f70     0xc  Data  Lc  rtc_ext.o [1]
mparams                 0x2000a3fc    0x18  Data  Lc  dlmalloc.o [3]
mqtt_Console            0x08007b51    0xc8  Code  Lc  MQTT_Conn.o [1]
osDelay                 0x0800a261    0x1c  Code  Gb  cmsis_os.o [1]
osKernelStart           0x0800a229     0xa  Code  Gb  cmsis_os.o [1]
osMessageCreate         0x0800a46b    0x12  Code  Gb  cmsis_os.o [1]
osMessageGet            0x0800a4e3    0xb6  Code  Gb  cmsis_os.o [1]
osMessagePut            0x0800a47d    0x66  Code  Gb  cmsis_os.o [1]
osMutexCreate           0x0800a27d     0xc  Code  Gb  cmsis_os.o [1]
osMutexRelease          0x0800a30f    0x54  Code  Gb  cmsis_os.o [1]
osMutexWait             0x0800a289    0x86  Code  Gb  cmsis_os.o [1]
osSemaphoreCreate       0x0800a363    0x2e  Code  Gb  cmsis_os.o [1]
osSemaphoreRelease      0x0800a417    0x54  Code  Gb  cmsis_os.o [1]
osSemaphoreWait         0x0800a391    0x86  Code  Gb  cmsis_os.o [1]
osSystickHandler        0x0800a599    0x10  Code  Gb  cmsis_os.o [1]
osThreadCreate          0x0800a233    0x2e  Code  Gb  cmsis_os.o [1]
pTWDGEnter              0x2000a5d0     0x4  Data  Lc  prjlib.o [1]
parse_array             0x0800be5d    0xa4  Code  Lc  cJSON.o [1]
parse_hex4              0x0800b6b1   0x114  Code  Lc  cJSON.o [1]
parse_number            0x0800b301   0x174  Code  Lc  cJSON.o [1]
parse_object            0x0800c1e1   0x104  Code  Lc  cJSON.o [1]
parse_string            0x0800b7c5   0x1f8  Code  Lc  cJSON.o [1]
parse_value             0x0800bc53    0xae  Code  Lc  cJSON.o [1]
pcInterruptPriorityRegisters
                        0x0801a2e4     0x4  Data  Lc  port.o [1]
pollFun                 0x2000a5b4     0x4  Data  Lc  MQTT_Conn.o [1]
pow                     0x080100e5     0xe  Code  Gb  pow.o [4]
pow2gt                  0x0800b475    0x1a  Code  Lc  cJSON.o [1]
prepend_alloc           0x08014d87   0x372  Code  Lc  dlmalloc.o [3]
print_array             0x0800bf0d   0x2ac  Code  Lc  cJSON.o [1]
print_number            0x0800b537   0x168  Code  Lc  cJSON.o [1]
print_object            0x0800c2f9   0x4f0  Code  Lc  cJSON.o [1]
print_string            0x0800bb9f    0x10  Code  Lc  cJSON.o [1]
print_string_ptr        0x0800b9bd   0x1e2  Code  Lc  cJSON.o [1]
print_value             0x0800bd11   0x148  Code  Lc  cJSON.o [1]
process_Console         0x08006c01   0x1ce  Code  Lc  Process.o [1]
process_Console::yyyy   0x20009e1c    0x64  Data  Lc  Process.o [1]
prvAddCurrentTaskToDelayedList
                        0x0800875d    0x82  Code  Lc  tasks.o [1]
prvAddNewTaskToReadyList
                        0x08007e55    0xb8  Code  Lc  tasks.o [1]
prvCheckTasksWaitingTermination
                        0x080084d9    0x66  Code  Lc  tasks.o [1]
prvCopyDataFromQueue    0x0800a11f    0x30  Code  Lc  queue.o [1]
prvCopyDataToQueue      0x0800a081    0x9e  Code  Lc  queue.o [1]
prvDeleteTCB            0x0800853f    0x12  Code  Lc  tasks.o [1]
prvHeapInit             0x08009099    0x6e  Code  Lc  heap_4.o [1]
prvIdleTask             0x0800844d    0x2a  Code  Lc  tasks.o [1]
prvInitialiseMutex      0x080099ff    0x22  Code  Lc  queue.o [1]
prvInitialiseNewQueue   0x080099cd    0x32  Code  Lc  queue.o [1]
prvInitialiseNewTask    0x08007d79    0xdc  Code  Lc  tasks.o [1]
prvInitialiseTaskLists  0x08008477    0x58  Code  Lc  tasks.o [1]
prvInsertBlockIntoFreeList
                        0x08009107    0x62  Code  Lc  heap_4.o [1]
prvIsQueueEmpty         0x0800a1bd    0x20  Code  Lc  queue.o [1]
prvIsQueueFull          0x0800a1dd    0x22  Code  Lc  queue.o [1]
prvResetNextTaskUnblockTime
                        0x08008551    0x2e  Code  Lc  tasks.o [1]
prvTaskExitError        0x0800cbbd    0x2a  Code  Lc  port.o [1]
prvUnlockQueue          0x0800a14f    0x6e  Code  Lc  queue.o [1]
publishTopic            0x2000a398    0x24  Data  Lc  Process.o [1]
pvPortMalloc            0x08008ef5   0x124  Code  Gb  heap_4.o [1]
pvTaskIncrementMutexHeldCount
                        0x0800870f    0x1e  Code  Gb  tasks.o [1]
pxCurrentTCB            0x2000a618     0x4  Data  Gb  tasks.o [1]
pxDelayedTaskList       0x2000a61c     0x4  Data  Lc  tasks.o [1]
pxEnd                   0x2000a598     0x4  Data  Lc  heap_4.o [1]
pxOverflowDelayedTaskList
                        0x2000a620     0x4  Data  Lc  tasks.o [1]
pxPortInitialiseStack   0x0800cb9d    0x20  Code  Gb  port.o [1]
pxReadyTasksLists       0x20009d90    0x8c  Data  Lc  tasks.o [1]
readChar                0x08011305    0x10  Code  Gb  MQTTPacket.o [1]
readDataFromRelay       0x0800a82f    0xa4  Code  Gb  RelayComProtocal.o [1]
readFaultRegs           0x0800a6df    0x4a  Code  Gb  RelayComProtocal.o [1]
readInt                 0x080112e9    0x1c  Code  Gb  MQTTPacket.o [1]
readMQTTLenString       0x080113bb    0x3c  Code  Gb  MQTTPacket.o [1]
readPacket              0x0800d12b    0x98  Code  Lc  MQTTClient.o [1]
readRegs                0x0800a7f1    0x3e  Code  Gb  RelayComProtocal.o [1]
regDataBuffer           0x20008808   0x5e4  Data  Lc  RelayComProtocal.o [1]
rtc_iic                 0x2000a5e4     0x4  Data  Gb  rtc_ext.o [1]
rxBuffer                0x200091ec   0x400  Data  Lc  MQTT_Conn.o [1]
segment_holding         0x08014d05    0x1c  Code  Lc  dlmalloc.o [3]
sendPackageByMQTT       0x08005205   0x126  Code  Gb  Process.o [1]
sendPacket              0x0800cfef    0x6e  Code  Lc  MQTTClient.o [1]
sendfailFun             0x2000a5b8     0x4  Data  Lc  MQTT_Conn.o [1]
skip                    0x0800bbaf    0x16  Code  Lc  cJSON.o [1]
snprintf                0x08017a59    0x44  Code  Gb  snprintf.o [3]
socketPar               0x2000a57c     0x8  Data  Lc  system.o [1]
sprintf                 0x0800e391    0x34  Code  Gb  sprintf.o [3]
strcat                  0x08006f31    0x1c  Code  Gb  strcat.o [3]
strchr                  0x080107d1          Code  Gb  strchr.o [5]
strlen                  0x080098a1          Code  Gb  strlen.o [5]
strlen_t                0x08006f4d    0x16  Code  Gb  prjlib.o [1]
strncmp                 0x0800e179    0x2c  Code  Gb  strncmp.o [3]
strstr                  0x08017a3d    0x10  Code  Gb  wifi.o [1]
subscribeTopic          0x2000a374    0x24  Data  Lc  Process.o [1]
suffix_object           0x0800c80d     0x6  Code  Lc  cJSON.o [1]
sys_alloc               0x080150f9   0x388  Code  Lc  dlmalloc.o [3]
system_Console          0x0800de11   0x26e  Code  Lc  system.o [1]
system_Console{2}{4}{5}{7}{8}{12}{13}{15}{16}{18}{19}{21}{22}{24}{25}{28}{29}{34}{35}{37}{38}{39}::port
                        0x2000a672     0x2  Data  Lc  system.o [1]
system_Console{2}{4}{5}{7}{8}{12}{13}{15}{16}{18}{19}{21}{22}{24}{25}{28}{29}{34}{35}{37}{38}{39}::server
                        0x2000a3dc    0x20  Data  Lc  system.o [1]
testSingalReg           0x080051e5    0x20  Code  Gb  Process.o [1]
titi                    0x2000a67a     0x1  Data  Gb  Process.o [1]
tmalloc_large           0x0801548d   0x380  Code  Lc  dlmalloc.o [3]
tmalloc_small           0x0801580d   0x206  Code  Lc  dlmalloc.o [3]
tolower                 0x0800f9e5    0x14  Code  Gb  tolower.o [3]
transAndSend            0x0800a76b    0x86  Code  Gb  RelayComProtocal.o [1]
transDataFromRegDataBufferToTxBuffer
                        0x0800a62f    0xb0  Code  Gb  RelayComProtocal.o [1]
tsPingOut               0x2000a5b0     0x4  Data  Lc  MQTT_Conn.o [1]
txBuffer                0x20008dec   0x400  Data  Lc  MQTT_Conn.o [1]
uatoi                   0x08006fad    0x26  Code  Gb  prjlib.o [1]
uatoix                  0x08006fd3    0x70  Code  Gb  prjlib.o [1]
ucHeap                  0x20000808  0x7800  Data  Lc  heap_4.o [1]
ucMaxSysCallPriority    0x2000a679     0x1  Data  Lc  port.o [1]
uitoa                   0x08006f63    0x4a  Code  Gb  prjlib.o [1]
ulMaxPRIGROUPValue      0x2000a5c8     0x4  Data  Lc  port.o [1]
update                  0x0800b511    0x26  Code  Lc  cJSON.o [1]
uwTick                  0x2000a5f8     0x4  Data  Gb  stm32f1xx_hal.o [1]
uwTickFreq              0x20000205     0x1  Data  Gb  stm32f1xx_hal.o [1]
uxCriticalNesting       0x200000b8     0x4  Data  Lc  port.o [1]
uxCurrentNumberOfTasks  0x2000a628     0x4  Data  Lc  tasks.o [1]
uxDeletedTasksWaitingCleanUp
                        0x2000a624     0x4  Data  Lc  tasks.o [1]
uxListRemove            0x0800e21b    0x28  Code  Gb  list.o [1]
uxPendedTicks           0x2000a638     0x4  Data  Lc  tasks.o [1]
uxQueueMessagesWaiting  0x0800a059    0x28  Code  Gb  queue.o [1]
uxSchedulerSuspended    0x2000a650     0x4  Data  Lc  tasks.o [1]
uxTaskNumber            0x2000a644     0x4  Data  Lc  tasks.o [1]
uxTopReadyPriority      0x2000a630     0x4  Data  Lc  tasks.o [1]
vApplicationIdleHook    0x0800e245    0x44  Code  Gb  freertos.o [1]
vApplicationMallocFailedHook
                        0x0800e2d5    0x32  Code  Gb  freertos.o [1]
vApplicationMallocFailedHook::failindex
                        0x2000a66c     0x2  Data  Lc  freertos.o [1]
vApplicationStackOverflowHook
                        0x0800e31d    0x38  Code  Wk  freertos.o [1]
vApplicationTickHook    0x0800e289    0x4c  Code  Gb  freertos.o [1]
vApplicationTickHook::save
                        0x2000a594     0x4  Data  Lc  freertos.o [1]
vListInitialise         0x0800e1a5    0x1e  Code  Gb  list.o [1]
vListInitialiseItem     0x0800e1c3     0x6  Code  Gb  list.o [1]
vListInsert             0x0800e1e1    0x3a  Code  Gb  list.o [1]
vListInsertEnd          0x0800e1c9    0x18  Code  Gb  list.o [1]
vPortEnterCritical      0x0800cc6f    0x3a  Code  Gb  port.o [1]
vPortExitCritical       0x0800cca9    0x32  Code  Gb  port.o [1]
vPortFree               0x08009019    0x7a  Code  Gb  heap_4.o [1]
vPortSetupTimerInterrupt
                        0x0800cd75    0x28  Code  Wk  port.o [1]
vPortStartFirstTask     0x080111c3          Code  Gb  portasm.o [1]
vPortValidateInterruptPriority
                        0x0800cd05    0x50  Code  Gb  port.o [1]
vTaskDelay              0x08007f0d    0x4e  Code  Gb  tasks.o [1]
vTaskMissedYield        0x08008441     0xa  Code  Gb  tasks.o [1]
vTaskPlaceOnEventList   0x080082bd    0x34  Code  Gb  tasks.o [1]
vTaskPriorityInherit    0x080085ad    0xaa  Code  Gb  tasks.o [1]
vTaskSetTimeOutState    0x08008375    0x26  Code  Gb  tasks.o [1]
vTaskStartScheduler     0x08007f5b    0x68  Code  Gb  tasks.o [1]
vTaskSuspendAll         0x08007fc3    0x10  Code  Gb  tasks.o [1]
vTaskSwitchContext      0x08008211    0xac  Code  Gb  tasks.o [1]
vsnprintf               0x0800e355    0x3c  Code  Gb  vsnprint.o [3]
waitfor                 0x0800d4c1    0x28  Code  Gb  MQTTClient.o [1]
week_table              0x08019f64     0xc  Data  Lc  rtc_ext.o [1]
writeCString            0x0801134b    0x2a  Code  Gb  MQTTPacket.o [1]
writeChar               0x08011315     0xc  Code  Gb  MQTTPacket.o [1]
writeInt                0x08011321    0x2a  Code  Gb  MQTTPacket.o [1]
writeMQTTString         0x08011375    0x46  Code  Gb  MQTTPacket.o [1]
xBlockAllocatedBit      0x2000a5a4     0x4  Data  Lc  heap_4.o [1]
xDelayedTaskList1       0x2000a414    0x14  Data  Lc  tasks.o [1]
xDelayedTaskList2       0x2000a428    0x14  Data  Lc  tasks.o [1]
xFreeBytesRemaining     0x2000a59c     0x4  Data  Lc  heap_4.o [1]
xHeapStructSize         0x0801a2b0     0x4  Data  Lc  heap_4.o [1]
xIdleTaskHandle         0x2000a64c     0x4  Data  Lc  tasks.o [1]
xMinimumEverFreeBytesRemaining
                        0x2000a5a0     0x4  Data  Lc  heap_4.o [1]
xNextTaskUnblockTime    0x2000a648     0x4  Data  Lc  tasks.o [1]
xNumOfOverflows         0x2000a640     0x4  Data  Lc  tasks.o [1]
xPendingReadyList       0x2000a43c    0x14  Data  Lc  tasks.o [1]
xPortGetFreeHeapSize    0x08009093     0x6  Code  Gb  heap_4.o [1]
xPortStartScheduler     0x0800cbe7    0x88  Code  Gb  port.o [1]
xPortSysTickHandler     0x0800ccdb    0x28  Code  Gb  port.o [1]
xQueueCreateMutex       0x08009a21    0x20  Code  Gb  queue.o [1]
xQueueGenericCreate     0x08009975    0x58  Code  Gb  queue.o [1]
xQueueGenericReceive    0x08009db9   0x1dc  Code  Gb  queue.o [1]
xQueueGenericReset      0x080098e1    0x94  Code  Gb  queue.o [1]
xQueueGenericSend       0x08009a41   0x1b2  Code  Gb  queue.o [1]
xQueueGenericSendFromISR
                        0x08009bf3    0xee  Code  Gb  queue.o [1]
xQueueGiveFromISR       0x08009ce1    0xd8  Code  Gb  queue.o [1]
xQueueReceiveFromISR    0x08009f95    0xc4  Code  Gb  queue.o [1]
xSchedulerRunning       0x2000a634     0x4  Data  Lc  tasks.o [1]
xStart                  0x2000a574     0x8  Data  Lc  heap_4.o [1]
xSuspendedTaskList      0x2000a464    0x14  Data  Lc  tasks.o [1]
xTaskCheckForTimeOut    0x080083b1    0x8a  Code  Gb  tasks.o [1]
xTaskCreate             0x08007cf5    0x84  Code  Gb  tasks.o [1]
xTaskGetSchedulerState  0x0800857f    0x26  Code  Gb  tasks.o [1]
xTaskIncrementTick      0x080080d1   0x140  Code  Gb  tasks.o [1]
xTaskPriorityDisinherit
                        0x08008657    0xb8  Code  Gb  tasks.o [1]
xTaskRemoveFromEventList
                        0x080082f1    0x84  Code  Gb  tasks.o [1]
xTaskResumeAll          0x08007fd3    0xfe  Code  Gb  tasks.o [1]
xTasksWaitingTermination
                        0x2000a450    0x14  Data  Lc  tasks.o [1]
xTickCount              0x2000a62c     0x4  Data  Lc  tasks.o [1]
xYieldPending           0x2000a63c     0x4  Data  Lc  tasks.o [1]


[1] = D:\车厂标签\Firmware\firmware\AB13BaseAD20New\EWARM\AD-20\Obj
[2] = command line
[3] = dl7M_tlf.a
[4] = m7M_tl.a
[5] = rt7M_tl.a
[6] = shb_l.a

  77 182 bytes of readonly  code memory
   9 961 bytes of readonly  data memory
  42 621 bytes of readwrite data memory

Errors: none
Warnings: none
