###############################################################################
#
# IAR ELF Linker V7.80.4.12462/W32 for ARM                27/Sep/2019  00:15:40
# Copyright 2007-2017 IAR Systems AB.
#
#    Output file  =  
#        D:\车厂标签\Firmware\firmware\AB13BaseAD20New\EWARM\AD-20\Exe\AD-20.out
#    Map file     =  
#        D:\车厂标签\Firmware\firmware\AB13BaseAD20New\EWARM\AD-20\List\AD-20.map
#    Command line =  
#        D:\车厂标签\Firmware\firmware\AB13BaseAD20New\EWARM\AD-20\Obj\bc26.o
#        D:\车厂标签\Firmware\firmware\AB13BaseAD20New\EWARM\AD-20\Obj\cJSON.o
#        D:\车厂标签\Firmware\firmware\AB13BaseAD20New\EWARM\AD-20\Obj\cmsis_os.o
#        D:\车厂标签\Firmware\firmware\AB13BaseAD20New\EWARM\AD-20\Obj\console.o
#        D:\车厂标签\Firmware\firmware\AB13BaseAD20New\EWARM\AD-20\Obj\croutine.o
#        D:\车厂标签\Firmware\firmware\AB13BaseAD20New\EWARM\AD-20\Obj\DataSave.o
#        D:\车厂标签\Firmware\firmware\AB13BaseAD20New\EWARM\AD-20\Obj\dfu.o
#        D:\车厂标签\Firmware\firmware\AB13BaseAD20New\EWARM\AD-20\Obj\dhcp.o
#        D:\车厂标签\Firmware\firmware\AB13BaseAD20New\EWARM\AD-20\Obj\dns.o
#        D:\车厂标签\Firmware\firmware\AB13BaseAD20New\EWARM\AD-20\Obj\EC20.o
#        D:\车厂标签\Firmware\firmware\AB13BaseAD20New\EWARM\AD-20\Obj\event_groups.o
#        D:\车厂标签\Firmware\firmware\AB13BaseAD20New\EWARM\AD-20\Obj\freertos.o
#        D:\车厂标签\Firmware\firmware\AB13BaseAD20New\EWARM\AD-20\Obj\heap_4.o
#        D:\车厂标签\Firmware\firmware\AB13BaseAD20New\EWARM\AD-20\Obj\http.o
#        D:\车厂标签\Firmware\firmware\AB13BaseAD20New\EWARM\AD-20\Obj\list.o
#        D:\车厂标签\Firmware\firmware\AB13BaseAD20New\EWARM\AD-20\Obj\main.o
#        D:\车厂标签\Firmware\firmware\AB13BaseAD20New\EWARM\AD-20\Obj\MQTT_Conn.o
#        D:\车厂标签\Firmware\firmware\AB13BaseAD20New\EWARM\AD-20\Obj\MQTTClient.o
#        D:\车厂标签\Firmware\firmware\AB13BaseAD20New\EWARM\AD-20\Obj\MQTTConnectClient.o
#        D:\车厂标签\Firmware\firmware\AB13BaseAD20New\EWARM\AD-20\Obj\MQTTConnectServer.o
#        D:\车厂标签\Firmware\firmware\AB13BaseAD20New\EWARM\AD-20\Obj\MQTTDeserializePublish.o
#        D:\车厂标签\Firmware\firmware\AB13BaseAD20New\EWARM\AD-20\Obj\MQTTFormat.o
#        D:\车厂标签\Firmware\firmware\AB13BaseAD20New\EWARM\AD-20\Obj\MQTTFreeRTOS.o
#        D:\车厂标签\Firmware\firmware\AB13BaseAD20New\EWARM\AD-20\Obj\MQTTPacket.o
#        D:\车厂标签\Firmware\firmware\AB13BaseAD20New\EWARM\AD-20\Obj\MQTTSerializePublish.o
#        D:\车厂标签\Firmware\firmware\AB13BaseAD20New\EWARM\AD-20\Obj\MQTTSubscribeClient.o
#        D:\车厂标签\Firmware\firmware\AB13BaseAD20New\EWARM\AD-20\Obj\MQTTSubscribeServer.o
#        D:\车厂标签\Firmware\firmware\AB13BaseAD20New\EWARM\AD-20\Obj\MQTTUnsubscribeClient.o
#        D:\车厂标签\Firmware\firmware\AB13BaseAD20New\EWARM\AD-20\Obj\MQTTUnsubscribeServer.o
#        D:\车厂标签\Firmware\firmware\AB13BaseAD20New\EWARM\AD-20\Obj\netctrl.o
#        D:\车厂标签\Firmware\firmware\AB13BaseAD20New\EWARM\AD-20\Obj\port.o
#        D:\车厂标签\Firmware\firmware\AB13BaseAD20New\EWARM\AD-20\Obj\portasm.o
#        D:\车厂标签\Firmware\firmware\AB13BaseAD20New\EWARM\AD-20\Obj\prjlib.o
#        D:\车厂标签\Firmware\firmware\AB13BaseAD20New\EWARM\AD-20\Obj\Process.o
#        D:\车厂标签\Firmware\firmware\AB13BaseAD20New\EWARM\AD-20\Obj\queue.o
#        D:\车厂标签\Firmware\firmware\AB13BaseAD20New\EWARM\AD-20\Obj\Radio_A7139.o
#        D:\车厂标签\Firmware\firmware\AB13BaseAD20New\EWARM\AD-20\Obj\rtc_ext.o
#        D:\车厂标签\Firmware\firmware\AB13BaseAD20New\EWARM\AD-20\Obj\socket.o
#        D:\车厂标签\Firmware\firmware\AB13BaseAD20New\EWARM\AD-20\Obj\socket_bsd.o
#        D:\车厂标签\Firmware\firmware\AB13BaseAD20New\EWARM\AD-20\Obj\sockutil.o
#        D:\车厂标签\Firmware\firmware\AB13BaseAD20New\EWARM\AD-20\Obj\spi_flash.o
#        D:\车厂标签\Firmware\firmware\AB13BaseAD20New\EWARM\AD-20\Obj\startup_stm32f103xe.o
#        D:\车厂标签\Firmware\firmware\AB13BaseAD20New\EWARM\AD-20\Obj\stm32f1xx_hal.o
#        D:\车厂标签\Firmware\firmware\AB13BaseAD20New\EWARM\AD-20\Obj\stm32f1xx_hal_cortex.o
#        D:\车厂标签\Firmware\firmware\AB13BaseAD20New\EWARM\AD-20\Obj\stm32f1xx_hal_crc.o
#        D:\车厂标签\Firmware\firmware\AB13BaseAD20New\EWARM\AD-20\Obj\stm32f1xx_hal_dma.o
#        D:\车厂标签\Firmware\firmware\AB13BaseAD20New\EWARM\AD-20\Obj\stm32f1xx_hal_flash.o
#        D:\车厂标签\Firmware\firmware\AB13BaseAD20New\EWARM\AD-20\Obj\stm32f1xx_hal_flash_ex.o
#        D:\车厂标签\Firmware\firmware\AB13BaseAD20New\EWARM\AD-20\Obj\stm32f1xx_hal_gpio.o
#        D:\车厂标签\Firmware\firmware\AB13BaseAD20New\EWARM\AD-20\Obj\stm32f1xx_hal_gpio_ex.o
#        D:\车厂标签\Firmware\firmware\AB13BaseAD20New\EWARM\AD-20\Obj\stm32f1xx_hal_i2c.o
#        D:\车厂标签\Firmware\firmware\AB13BaseAD20New\EWARM\AD-20\Obj\stm32f1xx_hal_iwdg.o
#        D:\车厂标签\Firmware\firmware\AB13BaseAD20New\EWARM\AD-20\Obj\stm32f1xx_hal_msp.o
#        D:\车厂标签\Firmware\firmware\AB13BaseAD20New\EWARM\AD-20\Obj\stm32f1xx_hal_pwr.o
#        D:\车厂标签\Firmware\firmware\AB13BaseAD20New\EWARM\AD-20\Obj\stm32f1xx_hal_rcc.o
#        D:\车厂标签\Firmware\firmware\AB13BaseAD20New\EWARM\AD-20\Obj\stm32f1xx_hal_rcc_ex.o
#        D:\车厂标签\Firmware\firmware\AB13BaseAD20New\EWARM\AD-20\Obj\stm32f1xx_hal_spi.o
#        D:\车厂标签\Firmware\firmware\AB13BaseAD20New\EWARM\AD-20\Obj\stm32f1xx_hal_spi_ex.o
#        D:\车厂标签\Firmware\firmware\AB13BaseAD20New\EWARM\AD-20\Obj\stm32f1xx_hal_tim.o
#        D:\车厂标签\Firmware\firmware\AB13BaseAD20New\EWARM\AD-20\Obj\stm32f1xx_hal_tim_ex.o
#        D:\车厂标签\Firmware\firmware\AB13BaseAD20New\EWARM\AD-20\Obj\stm32f1xx_hal_timebase_TIM.o
#        D:\车厂标签\Firmware\firmware\AB13BaseAD20New\EWARM\AD-20\Obj\stm32f1xx_hal_uart.o
#        D:\车厂标签\Firmware\firmware\AB13BaseAD20New\EWARM\AD-20\Obj\stm32f1xx_it.o
#        D:\车厂标签\Firmware\firmware\AB13BaseAD20New\EWARM\AD-20\Obj\system.o
#        D:\车厂标签\Firmware\firmware\AB13BaseAD20New\EWARM\AD-20\Obj\system_stm32f1xx.o
#        D:\车厂标签\Firmware\firmware\AB13BaseAD20New\EWARM\AD-20\Obj\tasks.o
#        D:\车厂标签\Firmware\firmware\AB13BaseAD20New\EWARM\AD-20\Obj\timers.o
#        D:\车厂标签\Firmware\firmware\AB13BaseAD20New\EWARM\AD-20\Obj\uart.o
#        D:\车厂标签\Firmware\firmware\AB13BaseAD20New\EWARM\AD-20\Obj\util.o
#        D:\车厂标签\Firmware\firmware\AB13BaseAD20New\EWARM\AD-20\Obj\w5500.o
#        D:\车厂标签\Firmware\firmware\AB13BaseAD20New\EWARM\AD-20\Obj\w5500_comm.o
#        D:\车厂标签\Firmware\firmware\AB13BaseAD20New\EWARM\AD-20\Obj\wifi.o
#        D:\车厂标签\Firmware\firmware\AB13BaseAD20New\EWARM\AD-20\Obj\wizchip_conf.o
#        --redirect _Printf=_PrintfFull --redirect _Scanf=_ScanfFull -o
#        D:\车厂标签\Firmware\firmware\AB13BaseAD20New\EWARM\AD-20\Exe\AD-20.out
#        --map
#        D:\车厂标签\Firmware\firmware\AB13BaseAD20New\EWARM\AD-20\List\AD-20.map
#        --config
#        D:\车厂标签\Firmware\firmware\AB13BaseAD20New\EWARM/stm32f103xe_flash.icf
#        --semihosting --entry __iar_program_start --vfe
#
###############################################################################

*******************************************************************************
*** RUNTIME MODEL ATTRIBUTES
***

CppFlavor                     = *
__Heap_Handler                = DLMalloc
__SystemLibrary               = DLib
__dlib_dynamic_initialization = normal


*******************************************************************************
*** PLACEMENT SUMMARY
***

"A0":  place at 0x08005000 { ro section .intvec };
"P1":  place in [from 0x08005000 to 0x0807ffff] { ro };
"P2":  place in [from 0x20000000 to 0x2000ffff] { rw, block CSTACK, block HEAP };
initialize by copy { rw };

  Section             Kind        Address     Size  Object
  -------             ----        -------     ----  ------
"A0":                                        0x130
  .intvec             ro code  0x08005000    0x130  startup_stm32f103xe.o [1]
                             - 0x08005130    0x130

"P1":                                      0x11025
  .text               ro code  0x08005130   0x14f4  dlmalloc.o [3]
  .text               ro code  0x08006624      0x6  abort.o [3]
  .text               ro code  0x0800662a     0x1a  xsnprout.o [3]
  .text               ro code  0x08006644     0x2c  xgetmemchunk.o [3]
  .text               ro code  0x08006670     0x14  exit.o [6]
  .text               ro code  0x08006684   0x119a  xprintffull.o [3]
  .text               ro code  0x0800781e     0x20  xmbtowc.o [3]
  .text               ro code  0x0800783e      0xa  xsprout.o [3]
  .text               ro code  0x08007848     0x16  strchr.o [5]
  .rodata             const    0x0800785e      0x2  stm32f1xx_hal_rcc.o [1]
  .text               ro code  0x08007860     0x36  strlen.o [5]
  .text               ro code  0x08007898     0x58  memchr.o [5]
  .text               ro code  0x080078f0      0xa  xmbcurmax.o [3]
  .text               ro code  0x080078fa     0x1a  xwctomb.o [3]
  .text               ro code  0x08007914     0x76  ABImemcpy_unaligned.o [5]
  .text               ro code  0x0800798c     0xee  I64DivMod.o [5]
  .text               ro code  0x08007a7a     0x44  xdnorm.o [4]
  .text               ro code  0x08007ac0     0x2e  DblCmpLe.o [4]
  .text               ro code  0x08007af0     0x2e  DblCmpGe.o [4]
  .text               ro code  0x08007b20    0x10c  xdscale.o [4]
  .text               ro code  0x08007c2c     0x58  DblToI32.o [4]
  .text               ro code  0x08007c84     0x30  I32ToDbl.o [4]
  .text               ro code  0x08007cb4    0x180  DblSub.o [4]
  .text               ro code  0x08007e34    0x1a2  DblMul.o [4]
  .text               ro code  0x08007fd8    0x256  DblDiv.o [4]
  .text               ro code  0x08008230     0x6c  localeconv.o [3]
  .text               ro code  0x0800829c      0xe  div.o [3]
  .text               ro code  0x080082ac     0x24  setlocale.o [3]
  .text               ro code  0x080082d0     0x60  xencoding_sb.o [3]
  .text               ro code  0x08008330      0x2  I64DivZer.o [5]
  .text               ro code  0x08008334     0xd4  DblAdd.o [4]
  .text               ro code  0x08008408      0x2  xtls.o [3]
  .text               ro code  0x0800840c    0xf10  cJSON.o [1]
  .text               ro code  0x0800931c     0x66  ABImemset.o [5]
  .text               ro code  0x08009384     0x20  DblCmpEq.o [4]
  .text               ro code  0x080093a4     0x44  strcpy_unaligned.o [5]
  .text               ro code  0x080093e8     0x34  sprintf.o [3]
  .text               ro code  0x0800941c     0x5e  floor.o [4]
  .text               ro code  0x0800947c    0xe98  EC20.o [1]
  .text               ro code  0x0800a314    0x3a8  cmsis_os.o [1]
  .text               ro code  0x0800a6bc    0x6d0  console.o [1]
  .text               ro code  0x0800ad8c    0x4cc  prjlib.o [1]
  .text               ro code  0x0800b258    0x950  uart.o [1]
  .text               ro code  0x0800bba8    0x290  heap_4.o [1]
  .text               ro code  0x0800be38    0x200  port.o [1]
  .text               ro code  0x0800c038      0xc  stm32f1xx_hal.o [1]
  .text               ro code  0x0800c044     0x10  wifi.o [1]
  .text               ro code  0x0800c054      0xa  isdigit.o [3]
  .text               ro code  0x0800c060    0xb30  tasks.o [1]
  .text               ro code  0x0800cb90    0x8fc  queue.o [1]
  .text               ro code  0x0800d48c     0x3c  vsnprint.o [3]
  .text               ro code  0x0800d4c8     0x42  strcmp_unaligned.o [5]
  .text               ro code  0x0800d50a     0x2c  strncmp.o [3]
  .text               ro code  0x0800d536     0x28  isprint.o [3]
  .text               ro code  0x0800d55e     0x30  isgraph.o [3]
  .text               ro code  0x0800d590    0x7c0  stm32f1xx_hal_uart.o [1]
  .text               ro code  0x0800dd50    0x334  stm32f1xx_hal_gpio.o [1]
  .text               ro code  0x0800e084    0x110  freertos.o [1]
  CODE                ro code  0x0800e194     0x88  portasm.o [1]
  .text               ro code  0x0800e21c     0x2e  strstr.o [3]
  .text               ro code  0x0800e24a     0x9e  list.o [1]
  .text               ro code  0x0800e2e8     0x28  isxxx.o [3]
  .text               ro code  0x0800e310    0x54c  stm32f1xx_hal_msp.o [1]
  .text               ro code  0x0800e85c    0x6bc  stm32f1xx_hal_dma.o [1]
  .text               ro code  0x0800ef18      0x2  stm32f1xx_hal_uart.o [1]
  .text               ro code  0x0800ef1a      0x2  stm32f1xx_hal_uart.o [1]
  .text               ro code  0x0800ef1c      0x2  stm32f1xx_hal_uart.o [1]
  .text               ro code  0x0800ef20    0x728  stm32f1xx_hal_rcc.o [1]
  .text               ro code  0x0800f648     0x5e  stm32f1xx_hal_iwdg.o [1]
  .text               ro code  0x0800f6a8     0x28  stm32f1xx_hal.o [1]
  .text               ro code  0x0800f6d0    0x4ec  rtc_ext.o [1]
  .text               ro code  0x0800fbbc    0x8a8  system.o [1]
  .text               ro code  0x08010464     0x16  xlocale_c.o [3]
  .text               ro code  0x0801047a     0x24  xlocale_c.o [3]
  .text               ro code  0x080104a0    0x15c  stm32f1xx_hal_cortex.o [1]
  .text               ro code  0x080105fc    0x78a  main.o [1]
  .text               ro code  0x08010d88     0x90  stm32f1xx_hal_timebase_TIM.o [1]
  .text               ro code  0x08010e18    0x85e  stm32f1xx_hal_i2c.o [1]
  .text               ro code  0x08011678      0xc  stm32f1xx_hal_pwr.o [1]
  .text               ro code  0x08011684    0x8a8  MQTT_Conn.o [1]
  .text               ro code  0x08011f2c     0x10  w5500_comm.o [1]
  .text               ro code  0x08011f3c    0x974  spi_flash.o [1]
  .text               ro code  0x080128b0     0x28  stm32f1xx_hal.o [1]
  .text               ro code  0x080128d8     0x8a  stm32f1xx_hal_spi_ex.o [1]
  .text               ro code  0x08012964    0x21c  DataSave.o [1]
  .text               ro code  0x08012b80    0x43a  Process.o [1]
  .text               ro code  0x08012fbc     0x18  stm32f1xx_hal.o [1]
  .text               ro code  0x08012fd4    0x272  stm32f1xx_hal_tim.o [1]
  .text               ro code  0x08013248    0x158  MQTTFreeRTOS.o [1]
  .text               ro code  0x080133a0    0x7f6  MQTTClient.o [1]
  .text               ro code  0x08013b96     0x1e  isxdigit.o [3]
  .text               ro code  0x08013bb4     0x1c  strcat.o [3]
  .text               ro code  0x08013bd0      0x2  stm32f1xx_hal_tim.o [1]
  .text               ro code  0x08013bd2      0x2  stm32f1xx_hal_tim.o [1]
  .text               ro code  0x08013bd4      0x2  stm32f1xx_hal_tim.o [1]
  .text               ro code  0x08013bd6      0x2  stm32f1xx_hal_tim_ex.o [1]
  .text               ro code  0x08013bd8      0x2  stm32f1xx_hal_tim.o [1]
  .text               ro code  0x08013bda      0x2  stm32f1xx_hal_tim_ex.o [1]
  .text               ro code  0x08013bdc    0x264  MQTTPacket.o [1]
  .text               ro code  0x08013e40    0x318  MQTTConnectClient.o [1]
  .text               ro code  0x08014158    0x128  MQTTDeserializePublish.o [1]
  .text               ro code  0x08014280    0x170  MQTTSerializePublish.o [1]
  .text               ro code  0x080143f0    0x194  MQTTSubscribeClient.o [1]
  .rodata             const    0x08014584    0x200  prjlib.o [1]
  .text               ro code  0x08014784     0xe8  stm32f1xx_it.o [1]
  .text               ro code  0x0801486c     0x78  lz77_init_single.o [5]
  .text               ro code  0x080148e4     0x68  system_stm32f1xx.o [1]
  .rodata             const    0x0801494c     0x58  MQTTClient.o [1]
  .rodata             const    0x080149a4     0x4c  stm32f1xx_hal_msp.o [1]
  .rodata             const    0x080149f0     0x48  Process.o [1]
  .rodata             const    0x08014a38     0x48  rtc_ext.o [1]
  .rodata             const    0x08014a80     0x48  spi_flash.o [1]
  .rodata             const    0x08014ac8     0x40  main.o [1]
  .rodata             const    0x08014b08     0x40  system.o [1]
  .text               ro code  0x08014b48     0x40  zero_init3.o [5]
  .rodata             const    0x08014b88     0x3c  MQTT_Conn.o [1]
  .rodata             const    0x08014bc4     0x3c  spi_flash.o [1]
  .rodata             const    0x08014c00     0x3c  system.o [1]
  .rodata             const    0x08014c3c     0x3c  system.o [1]
  .rodata             const    0x08014c78     0x38  spi_flash.o [1]
  .rodata             const    0x08014cb0     0x38  system.o [1]
  .rodata             const    0x08014ce8     0x34  MQTT_Conn.o [1]
  .rodata             const    0x08014d1c     0x34  MQTT_Conn.o [1]
  .rodata             const    0x08014d50     0x30  freertos.o [1]
  .rodata             const    0x08014d80     0x30  MQTT_Conn.o [1]
  .rodata             const    0x08014db0     0x30  spi_flash.o [1]
  .rodata             const    0x08014de0     0x30  spi_flash.o [1]
  .rodata             const    0x08014e10     0x30  system.o [1]
  .rodata             const    0x08014e40     0x2c  MQTT_Conn.o [1]
  .rodata             const    0x08014e6c     0x2c  MQTT_Conn.o [1]
  .rodata             const    0x08014e98     0x2c  MQTT_Conn.o [1]
  .rodata             const    0x08014ec4     0x2c  system.o [1]
  .rodata             const    0x08014ef0     0x2c  system.o [1]
  .rodata             const    0x08014f1c     0x2c  uart.o [1]
  .rodata             const    0x08014f48     0x2c  uart.o [1]
  .rodata             const    0x08014f74     0x28  DataSave.o [1]
  .rodata             const    0x08014f9c     0x28  DataSave.o [1]
  .rodata             const    0x08014fc4     0x28  MQTT_Conn.o [1]
  .rodata             const    0x08014fec     0x28  MQTT_Conn.o [1]
  .rodata             const    0x08015014     0x28  Process.o [1]
  .rodata             const    0x0801503c     0x28  spi_flash.o [1]
  .rodata             const    0x08015064     0x28  spi_flash.o [1]
  .rodata             const    0x0801508c     0x28  spi_flash.o [1]
  .rodata             const    0x080150b4     0x28  system.o [1]
  .rodata             const    0x080150dc     0x28  system.o [1]
  .text               ro code  0x08015104     0x28  data_init.o [5]
  .rodata             const    0x0801512c     0x24  DataSave.o [1]
  .rodata             const    0x08015150     0x24  EC20.o [1]
  .rodata             const    0x08015174     0x24  EC20.o [1]
  .rodata             const    0x08015198     0x24  EC20.o [1]
  .rodata             const    0x080151bc     0x24  MQTT_Conn.o [1]
  .rodata             const    0x080151e0     0x24  MQTT_Conn.o [1]
  .rodata             const    0x08015204     0x24  Process.o [1]
  .rodata             const    0x08015228     0x24  Process.o [1]
  .rodata             const    0x0801524c     0x24  Process.o [1]
  .rodata             const    0x08015270     0x24  rtc_ext.o [1]
  .rodata             const    0x08015294     0x24  spi_flash.o [1]
  .rodata             const    0x080152b8     0x24  spi_flash.o [1]
  .rodata             const    0x080152dc     0x24  spi_flash.o [1]
  .rodata             const    0x08015300     0x24  system.o [1]
  .rodata             const    0x08015324     0x24  system.o [1]
  .rodata             const    0x08015348     0x24  system.o [1]
  .rodata             const    0x0801536c     0x24  system.o [1]
  .rodata             const    0x08015390     0x24  system.o [1]
  .rodata             const    0x080153b4     0x24  uart.o [1]
  .rodata             const    0x080153d8     0x24  uart.o [1]
  .rodata             const    0x080153fc     0x24  uart.o [1]
  .iar.init_table     const    0x08015420     0x20  - Linker created -
  .rodata             const    0x08015440     0x20  console.o [1]
  .rodata             const    0x08015460     0x20  DataSave.o [1]
  .rodata             const    0x08015480     0x20  DataSave.o [1]
  .rodata             const    0x080154a0     0x20  EC20.o [1]
  .rodata             const    0x080154c0     0x20  EC20.o [1]
  .rodata             const    0x080154e0     0x20  MQTT_Conn.o [1]
  .rodata             const    0x08015500     0x20  MQTT_Conn.o [1]
  .rodata             const    0x08015520     0x20  MQTT_Conn.o [1]
  .rodata             const    0x08015540     0x20  MQTT_Conn.o [1]
  .rodata             const    0x08015560     0x20  MQTT_Conn.o [1]
  .rodata             const    0x08015580     0x20  Process.o [1]
  .rodata             const    0x080155a0     0x20  Process.o [1]
  .rodata             const    0x080155c0     0x20  rtc_ext.o [1]
  .rodata             const    0x080155e0     0x20  spi_flash.o [1]
  .rodata             const    0x08015600     0x20  system.o [1]
  .rodata             const    0x08015620     0x20  system.o [1]
  .rodata             const    0x08015640     0x20  system.o [1]
  .rodata             const    0x08015660     0x1c  console.o [1]
  .rodata             const    0x0801567c     0x1c  console.o [1]
  .rodata             const    0x08015698     0x1c  console.o [1]
  .rodata             const    0x080156b4     0x1c  console.o [1]
  .rodata             const    0x080156d0     0x1c  DataSave.o [1]
  .rodata             const    0x080156ec     0x1c  DataSave.o [1]
  .rodata             const    0x08015708     0x1c  EC20.o [1]
  .rodata             const    0x08015724     0x1c  freertos.o [1]
  .rodata             const    0x08015740     0x1c  MQTT_Conn.o [1]
  .rodata             const    0x0801575c     0x1c  MQTT_Conn.o [1]
  .rodata             const    0x08015778     0x1c  MQTT_Conn.o [1]
  .rodata             const    0x08015794     0x1c  Process.o [1]
  .rodata             const    0x080157b0     0x1c  Process.o [1]
  .rodata             const    0x080157cc     0x1c  spi_flash.o [1]
  .rodata             const    0x080157e8     0x1c  stm32f1xx_it.o [1]
  .rodata             const    0x08015804     0x1c  system.o [1]
  .rodata             const    0x08015820     0x1c  system.o [1]
  .rodata             const    0x0801583c     0x1c  uart.o [1]
  .text               ro code  0x08015858     0x1a  cmain.o [5]
  .text               ro code  0x08015872      0x4  low_level_init.o [3]
  .text               ro code  0x08015876      0x4  exit.o [3]
  .text               ro code  0x0801587c      0xa  cexit.o [5]
  .rodata             const    0x08015888     0x18  console.o [1]
  .rodata             const    0x080158a0     0x18  DataSave.o [1]
  .rodata             const    0x080158b8     0x18  DataSave.o [1]
  .rodata             const    0x080158d0     0x18  EC20.o [1]
  .rodata             const    0x080158e8     0x18  main.o [1]
  .rodata             const    0x08015900     0x18  MQTT_Conn.o [1]
  .rodata             const    0x08015918     0x18  MQTT_Conn.o [1]
  .rodata             const    0x08015930     0x18  MQTT_Conn.o [1]
  .rodata             const    0x08015948     0x18  Process.o [1]
  .rodata             const    0x08015960     0x18  Process.o [1]
  .rodata             const    0x08015978     0x18  spi_flash.o [1]
  .rodata             const    0x08015990     0x18  uart.o [1]
  .rodata             const    0x080159a8     0x14  console.o [1]
  .rodata             const    0x080159bc     0x14  console.o [1]
  .rodata             const    0x080159d0     0x14  console.o [1]
  .rodata             const    0x080159e4     0x14  EC20.o [1]
  .rodata             const    0x080159f8     0x14  EC20.o [1]
  .rodata             const    0x08015a0c     0x14  EC20.o [1]
  .rodata             const    0x08015a20     0x14  EC20.o [1]
  .rodata             const    0x08015a34     0x14  freertos.o [1]
  .rodata             const    0x08015a48     0x14  main.o [1]
  .rodata             const    0x08015a5c     0x14  MQTT_Conn.o [1]
  .rodata             const    0x08015a70     0x14  system.o [1]
  .rodata             const    0x08015a84     0x14  system.o [1]
  .rodata             const    0x08015a98     0x10  DataSave.o [1]
  .rodata             const    0x08015aa8     0x10  DataSave.o [1]
  .rodata             const    0x08015ab8     0x10  EC20.o [1]
  .rodata             const    0x08015ac8     0x10  EC20.o [1]
  .rodata             const    0x08015ad8     0x10  EC20.o [1]
  .rodata             const    0x08015ae8     0x10  EC20.o [1]
  .rodata             const    0x08015af8     0x10  Process.o [1]
  .rodata             const    0x08015b08     0x10  Process.o [1]
  .rodata             const    0x08015b18     0x10  Process.o [1]
  .rodata             const    0x08015b28     0x10  stm32f1xx_hal_rcc.o [1]
  .rodata             const    0x08015b38     0x10  system.o [1]
  .rodata             const    0x08015b48     0x10  system.o [1]
  .rodata             const    0x08015b58     0x10  system.o [1]
  .rodata             const    0x08015b68     0x10  system.o [1]
  .rodata             const    0x08015b78     0x10  system_stm32f1xx.o [1]
  .rodata             const    0x08015b88     0x10  uart.o [1]
  .text               ro code  0x08015b98     0x10  startup_stm32f103xe.o [1]
  .rodata             const    0x08015ba8      0xc  console.o [1]
  .rodata             const    0x08015bb4      0xc  console.o [1]
  .rodata             const    0x08015bc0      0xc  console.o [1]
  .rodata             const    0x08015bcc      0xc  DataSave.o [1]
  .rodata             const    0x08015bd8      0xc  DataSave.o [1]
  .rodata             const    0x08015be4      0xc  EC20.o [1]
  .rodata             const    0x08015bf0      0xc  EC20.o [1]
  .rodata             const    0x08015bfc      0xc  EC20.o [1]
  .rodata             const    0x08015c08      0xc  EC20.o [1]
  .rodata             const    0x08015c14      0xc  EC20.o [1]
  .rodata             const    0x08015c20      0xc  EC20.o [1]
  .rodata             const    0x08015c2c      0xc  EC20.o [1]
  .rodata             const    0x08015c38      0xc  EC20.o [1]
  .rodata             const    0x08015c44      0xc  EC20.o [1]
  .rodata             const    0x08015c50      0xc  EC20.o [1]
  .rodata             const    0x08015c5c      0xc  EC20.o [1]
  .rodata             const    0x08015c68      0xc  main.o [1]
  .rodata             const    0x08015c74      0xc  main.o [1]
  .rodata             const    0x08015c80      0xc  MQTT_Conn.o [1]
  .rodata             const    0x08015c8c      0xc  MQTT_Conn.o [1]
  .rodata             const    0x08015c98      0xc  MQTT_Conn.o [1]
  .rodata             const    0x08015ca4      0xc  Process.o [1]
  .rodata             const    0x08015cb0      0xc  Process.o [1]
  .rodata             const    0x08015cbc      0xc  Process.o [1]
  .rodata             const    0x08015cc8      0xc  Process.o [1]
  .rodata             const    0x08015cd4      0xc  Process.o [1]
  .rodata             const    0x08015ce0      0xc  Process.o [1]
  .rodata             const    0x08015cec      0xc  rtc_ext.o [1]
  .rodata             const    0x08015cf8      0xc  rtc_ext.o [1]
  .rodata             const    0x08015d04      0xc  system.o [1]
  .rodata             const    0x08015d10      0xc  system.o [1]
  .rodata             const    0x08015d1c      0xc  system.o [1]
  .rodata             const    0x08015d28      0xc  system.o [1]
  .rodata             const    0x08015d34      0xc  system.o [1]
  .rodata             const    0x08015d40      0xc  system.o [1]
  .text               ro code  0x08015d4c      0xc  cstartup_M.o [5]
  .rodata             const    0x08015d58      0x8  cJSON.o [1]
  .rodata             const    0x08015d60      0x8  cJSON.o [1]
  .rodata             const    0x08015d68      0x8  cJSON.o [1]
  .rodata             const    0x08015d70      0x8  cJSON.o [1]
  .rodata             const    0x08015d78      0x8  cJSON.o [1]
  .rodata             const    0x08015d80      0x8  cJSON.o [1]
  .rodata             const    0x08015d88      0x8  console.o [1]
  .rodata             const    0x08015d90      0x8  console.o [1]
  .rodata             const    0x08015d98      0x8  console.o [1]
  .rodata             const    0x08015da0      0x8  console.o [1]
  .rodata             const    0x08015da8      0x8  console.o [1]
  .rodata             const    0x08015db0      0x8  DataSave.o [1]
  .rodata             const    0x08015db8      0x8  DataSave.o [1]
  .rodata             const    0x08015dc0      0x8  EC20.o [1]
  .rodata             const    0x08015dc8      0x8  EC20.o [1]
  .rodata             const    0x08015dd0      0x8  EC20.o [1]
  .rodata             const    0x08015dd8      0x8  EC20.o [1]
  .rodata             const    0x08015de0      0x8  EC20.o [1]
  .rodata             const    0x08015de8      0x8  EC20.o [1]
  .rodata             const    0x08015df0      0x8  EC20.o [1]
  .rodata             const    0x08015df8      0x8  EC20.o [1]
  .rodata             const    0x08015e00      0x8  EC20.o [1]
  .rodata             const    0x08015e08      0x8  EC20.o [1]
  .rodata             const    0x08015e10      0x8  EC20.o [1]
  .rodata             const    0x08015e18      0x8  EC20.o [1]
  .rodata             const    0x08015e20      0x8  EC20.o [1]
  .rodata             const    0x08015e28      0x8  EC20.o [1]
  .rodata             const    0x08015e30      0x8  EC20.o [1]
  .rodata             const    0x08015e38      0x8  EC20.o [1]
  .rodata             const    0x08015e40      0x8  EC20.o [1]
  .rodata             const    0x08015e48      0x8  EC20.o [1]
  .rodata             const    0x08015e50      0x8  EC20.o [1]
  .rodata             const    0x08015e58      0x8  EC20.o [1]
  .rodata             const    0x08015e60      0x8  EC20.o [1]
  .rodata             const    0x08015e68      0x8  EC20.o [1]
  .rodata             const    0x08015e70      0x8  EC20.o [1]
  .rodata             const    0x08015e78      0x8  EC20.o [1]
  .rodata             const    0x08015e80      0x8  EC20.o [1]
  .rodata             const    0x08015e88      0x8  EC20.o [1]
  .rodata             const    0x08015e90      0x8  EC20.o [1]
  .rodata             const    0x08015e98      0x8  MQTT_Conn.o [1]
  .rodata             const    0x08015ea0      0x8  MQTT_Conn.o [1]
  .rodata             const    0x08015ea8      0x8  MQTT_Conn.o [1]
  .rodata             const    0x08015eb0      0x8  MQTT_Conn.o [1]
  .rodata             const    0x08015eb8      0x8  MQTT_Conn.o [1]
  .rodata             const    0x08015ec0      0x8  MQTT_Conn.o [1]
  .rodata             const    0x08015ec8      0x8  MQTTConnectClient.o [1]
  .rodata             const    0x08015ed0      0x8  MQTTConnectClient.o [1]
  .rodata             const    0x08015ed8      0x8  Process.o [1]
  .rodata             const    0x08015ee0      0x8  Process.o [1]
  .rodata             const    0x08015ee8      0x8  Process.o [1]
  .rodata             const    0x08015ef0      0x8  Process.o [1]
  .rodata             const    0x08015ef8      0x8  Process.o [1]
  .rodata             const    0x08015f00      0x8  Process.o [1]
  .rodata             const    0x08015f08      0x8  Process.o [1]
  .rodata             const    0x08015f10      0x8  Process.o [1]
  .rodata             const    0x08015f18      0x8  spi_flash.o [1]
  .rodata             const    0x08015f20      0x8  spi_flash.o [1]
  .rodata             const    0x08015f28      0x8  spi_flash.o [1]
  .rodata             const    0x08015f30      0x8  spi_flash.o [1]
  .rodata             const    0x08015f38      0x8  spi_flash.o [1]
  .rodata             const    0x08015f40      0x8  system.o [1]
  .rodata             const    0x08015f48      0x8  system.o [1]
  .rodata             const    0x08015f50      0x8  system.o [1]
  .rodata             const    0x08015f58      0x8  system.o [1]
  .rodata             const    0x08015f60      0x8  system.o [1]
  .rodata             const    0x08015f68      0x8  system.o [1]
  .rodata             const    0x08015f70      0x8  system_stm32f1xx.o [1]
  .rodata             const    0x08015f78      0x8  tasks.o [1]
  .rodata             const    0x08015f80      0x8  uart.o [1]
  .rodata             const    0x08015f88      0x8  uart.o [1]
  .rodata             const    0x08015f90      0x8  uart.o [1]
  .rodata             const    0x08015f98      0x8  uart.o [1]
  .rodata             const    0x08015fa0      0x8  uart.o [1]
  .rodata             const    0x08015fa8      0x4  console.o [1]
  .rodata             const    0x08015fac      0x4  EC20.o [1]
  .rodata             const    0x08015fb0      0x4  EC20.o [1]
  .rodata             const    0x08015fb4      0x4  heap_4.o [1]
  .rodata             const    0x08015fb8      0x4  MQTTClient.o [1]
  .rodata             const    0x08015fbc      0x4  MQTTConnectClient.o [1]
  .rodata             const    0x08015fc0      0x4  MQTTConnectClient.o [1]
  .rodata             const    0x08015fc4      0x4  MQTTConnectClient.o [1]
  .rodata             const    0x08015fc8      0x4  MQTTConnectClient.o [1]
  .rodata             const    0x08015fcc      0x4  MQTTConnectClient.o [1]
  .rodata             const    0x08015fd0      0x4  MQTTDeserializePublish.o [1]
  .rodata             const    0x08015fd4      0x4  MQTTDeserializePublish.o [1]
  .rodata             const    0x08015fd8      0x4  MQTTSerializePublish.o [1]
  .rodata             const    0x08015fdc      0x4  MQTTSerializePublish.o [1]
  .rodata             const    0x08015fe0      0x4  MQTTSubscribeClient.o [1]
  .rodata             const    0x08015fe4      0x4  MQTTSubscribeClient.o [1]
  .rodata             const    0x08015fe8      0x4  port.o [1]
  .rodata             const    0x08015fec      0x4  spi_flash.o [1]
  .rodata             const    0x08015ff0      0x4  system.o [1]
  .text               ro code  0x08015ff4      0x4  startup_stm32f103xe.o [1]
  .text               ro code  0x08015ff8      0x4  startup_stm32f103xe.o [1]
  .text               ro code  0x08015ffc      0x4  startup_stm32f103xe.o [1]
  .text               ro code  0x08016000      0x4  startup_stm32f103xe.o [1]
  .text               ro code  0x08016004      0x4  startup_stm32f103xe.o [1]
  .text               ro code  0x08016008      0x4  startup_stm32f103xe.o [1]
  .text               ro code  0x0801600c      0x4  startup_stm32f103xe.o [1]
  .text               ro code  0x08016010      0x4  startup_stm32f103xe.o [1]
  .text               ro code  0x08016014      0x4  startup_stm32f103xe.o [1]
  .text               ro code  0x08016018      0x4  startup_stm32f103xe.o [1]
  .text               ro code  0x0801601c      0x4  startup_stm32f103xe.o [1]
  .text               ro code  0x08016020      0x4  startup_stm32f103xe.o [1]
  .text               ro code  0x08016024      0x4  startup_stm32f103xe.o [1]
  .text               ro code  0x08016028      0x4  startup_stm32f103xe.o [1]
  .text               ro code  0x0801602c      0x4  startup_stm32f103xe.o [1]
  .text               ro code  0x08016030      0x4  startup_stm32f103xe.o [1]
  .text               ro code  0x08016034      0x4  startup_stm32f103xe.o [1]
  .text               ro code  0x08016038      0x4  startup_stm32f103xe.o [1]
  .text               ro code  0x0801603c      0x4  startup_stm32f103xe.o [1]
  .text               ro code  0x08016040      0x4  startup_stm32f103xe.o [1]
  .text               ro code  0x08016044      0x4  startup_stm32f103xe.o [1]
  .text               ro code  0x08016048      0x4  startup_stm32f103xe.o [1]
  .text               ro code  0x0801604c      0x4  startup_stm32f103xe.o [1]
  .text               ro code  0x08016050      0x4  startup_stm32f103xe.o [1]
  .text               ro code  0x08016054      0x4  startup_stm32f103xe.o [1]
  .text               ro code  0x08016058      0x4  startup_stm32f103xe.o [1]
  .text               ro code  0x0801605c      0x4  startup_stm32f103xe.o [1]
  .text               ro code  0x08016060      0x4  startup_stm32f103xe.o [1]
  .text               ro code  0x08016064      0x4  startup_stm32f103xe.o [1]
  .text               ro code  0x08016068      0x4  startup_stm32f103xe.o [1]
  .text               ro code  0x0801606c      0x4  startup_stm32f103xe.o [1]
  .text               ro code  0x08016070      0x4  startup_stm32f103xe.o [1]
  .text               ro code  0x08016074      0x4  startup_stm32f103xe.o [1]
  .text               ro code  0x08016078      0x4  startup_stm32f103xe.o [1]
  .text               ro code  0x0801607c      0x4  startup_stm32f103xe.o [1]
  .text               ro code  0x08016080      0x4  startup_stm32f103xe.o [1]
  .text               ro code  0x08016084      0x4  startup_stm32f103xe.o [1]
  .text               ro code  0x08016088      0x4  startup_stm32f103xe.o [1]
  .text               ro code  0x0801608c      0x4  startup_stm32f103xe.o [1]
  .text               ro code  0x08016090      0x4  startup_stm32f103xe.o [1]
  .text               ro code  0x08016094      0x4  startup_stm32f103xe.o [1]
  .text               ro code  0x08016098      0x4  startup_stm32f103xe.o [1]
  .text               ro code  0x0801609c      0x4  startup_stm32f103xe.o [1]
  .text               ro code  0x080160a0      0x4  startup_stm32f103xe.o [1]
  .text               ro code  0x080160a4      0x4  startup_stm32f103xe.o [1]
  .text               ro code  0x080160a8      0x4  startup_stm32f103xe.o [1]
  .text               ro code  0x080160ac      0x4  startup_stm32f103xe.o [1]
  .text               ro code  0x080160b0      0x4  startup_stm32f103xe.o [1]
  .text               ro code  0x080160b4      0x4  startup_stm32f103xe.o [1]
  .text               ro code  0x080160b8      0x4  startup_stm32f103xe.o [1]
  .rodata             const    0x080160bc      0x0  zero_init3.o [5]
  .rodata             const    0x080160bc      0x0  lz77_init_single.o [5]
  Initializer bytes   const    0x080160bc     0x99  <for P2-1>
                             - 0x08016155  0x11025

"P2", part 1 of 3:                           0x20f
  P2-1                         0x20000000    0x20f  <Init block>
    .data             inited   0x20000000      0x4  cJSON.o [1]
    .data             inited   0x20000004      0x4  cJSON.o [1]
    .data             inited   0x20000008      0xc  console.o [1]
    .data             inited   0x20000014      0xc  DataSave.o [1]
    .data             inited   0x20000020     0x14  EC20.o [1]
    .data             inited   0x20000034     0x14  main.o [1]
    .data             inited   0x20000048     0x58  MQTT_Conn.o [1]
    .data             inited   0x200000a0      0xc  MQTT_Conn.o [1]
    .data             inited   0x200000ac     0x14  MQTT_Conn.o [1]
    .data             inited   0x200000c0      0x4  port.o [1]
    .data             inited   0x200000c4      0xc  Process.o [1]
    .data             inited   0x200000d0     0x14  Process.o [1]
    .data             inited   0x200000e4      0x4  Process.o [1]
    .data             inited   0x200000e8      0xc  spi_flash.o [1]
    .data             inited   0x200000f4      0xc  system.o [1]
    .data             inited   0x20000100      0x4  system_stm32f1xx.o [1]
    .data             inited   0x20000104      0xc  uart.o [1]
    __DLIB_PERTHREAD  inited   0x20000110     0x74  setlocale.o [3]
    __DLIB_PERTHREAD  inited   0x20000184     0x88  localeconv.o [3]
    .data             inited   0x2000020c      0x1  console.o [1]
    .data             inited   0x2000020d      0x1  Process.o [1]
    .data             inited   0x2000020e      0x1  stm32f1xx_hal.o [1]
                             - 0x2000020f    0x20f

"P2", part 2 of 3:                           0x600
  CSTACK                       0x20000210    0x400  <Block>
    CSTACK            uninit   0x20000210    0x400  <Block tail>
  HEAP                         0x20000610    0x200  <Block>
    HEAP              uninit   0x20000610    0x200  <Block tail>
                             - 0x20000810    0x600

"P2", part 3 of 3:                          0x94d8
  .bss                zero     0x20000810   0x7800  heap_4.o [1]
  .bss                zero     0x20008010    0x800  system.o [1]
  .bss                zero     0x20008810    0x400  MQTT_Conn.o [1]
  .bss                zero     0x20008c10    0x400  MQTT_Conn.o [1]
  .bss                zero     0x20009010    0x1d8  dlmalloc.o [3]
  .bss                zero     0x200091e8    0x100  console.o [1]
  .bss                zero     0x200092e8     0xc4  DataSave.o [1]
  .bss                zero     0x200093ac     0xc0  MQTT_Conn.o [1]
  .bss                zero     0x2000946c     0xb4  MQTT_Conn.o [1]
  .bss                zero     0x20009520     0x8c  tasks.o [1]
  .bss                zero     0x200095ac     0x58  main.o [1]
  .bss                zero     0x20009604     0x58  main.o [1]
  .bss                zero     0x2000965c     0x54  main.o [1]
  .bss                zero     0x200096b0     0x50  uart.o [1]
  .bss                zero     0x20009700     0x44  main.o [1]
  .bss                zero     0x20009744     0x44  main.o [1]
  .bss                zero     0x20009788     0x44  main.o [1]
  .bss                zero     0x200097cc     0x44  main.o [1]
  .bss                zero     0x20009810     0x40  main.o [1]
  .bss                zero     0x20009850     0x40  main.o [1]
  .bss                zero     0x20009890     0x40  main.o [1]
  .bss                zero     0x200098d0     0x40  main.o [1]
  .bss                zero     0x20009910     0x40  main.o [1]
  .bss                zero     0x20009950     0x40  stm32f1xx_hal_timebase_TIM.o [1]
  .bss                zero     0x20009990     0x28  w5500_comm.o [1]
  .bss                zero     0x200099b8     0x24  EC20.o [1]
  .bss                zero     0x200099dc     0x24  Process.o [1]
  .bss                zero     0x20009a00     0x24  Process.o [1]
  .bss                zero     0x20009a24     0x20  console.o [1]
  .bss                zero     0x20009a44     0x20  system.o [1]
  .bss                zero     0x20009a64     0x18  dlmalloc.o [3]
  .bss                zero     0x20009a7c     0x14  tasks.o [1]
  .bss                zero     0x20009a90     0x14  tasks.o [1]
  .bss                zero     0x20009aa4     0x14  tasks.o [1]
  .bss                zero     0x20009ab8     0x14  tasks.o [1]
  .bss                zero     0x20009acc     0x14  tasks.o [1]
  .bss                zero     0x20009ae0     0x14  uart.o [1]
  .bss                zero     0x20009af4     0x14  uart.o [1]
  .bss                zero     0x20009b08     0x14  uart.o [1]
  .bss                zero     0x20009b1c     0x14  uart.o [1]
  .bss                zero     0x20009b30     0x14  uart.o [1]
  .bss                zero     0x20009b44     0x14  uart.o [1]
  .bss                zero     0x20009b58     0x10  console.o [1]
  .bss                zero     0x20009b68     0x10  MQTT_Conn.o [1]
  .bss                zero     0x20009b78     0x10  spi_flash.o [1]
  .bss                zero     0x20009b88     0x10  system.o [1]
  .bss                zero     0x20009b98     0x10  uart.o [1]
  .bss                zero     0x20009ba8     0x10  uart.o [1]
  .bss                zero     0x20009bb8     0x10  uart.o [1]
  .bss                zero     0x20009bc8      0xc  main.o [1]
  .bss                zero     0x20009bd4      0x8  console.o [1]
  .bss                zero     0x20009bdc      0x8  heap_4.o [1]
  .bss                zero     0x20009be4      0x8  system.o [1]
  .bss                zero     0x20009bec      0x4  console.o [1]
  .bss                zero     0x20009bf0      0x4  EC20.o [1]
  .bss                zero     0x20009bf4      0x4  EC20.o [1]
  .bss                zero     0x20009bf8      0x4  EC20.o [1]
  .bss                zero     0x20009bfc      0x4  EC20.o [1]
  .bss                zero     0x20009c00      0x4  EC20.o [1]
  .bss                zero     0x20009c04      0x4  EC20.o [1]
  .bss                zero     0x20009c08      0x4  EC20.o [1]
  .bss                zero     0x20009c0c      0x4  freertos.o [1]
  .bss                zero     0x20009c10      0x4  heap_4.o [1]
  .bss                zero     0x20009c14      0x4  heap_4.o [1]
  .bss                zero     0x20009c18      0x4  heap_4.o [1]
  .bss                zero     0x20009c1c      0x4  heap_4.o [1]
  .bss                zero     0x20009c20      0x4  main.o [1]
  .bss                zero     0x20009c24      0x4  MQTT_Conn.o [1]
  .bss                zero     0x20009c28      0x4  MQTT_Conn.o [1]
  .bss                zero     0x20009c2c      0x4  MQTT_Conn.o [1]
  .bss                zero     0x20009c30      0x4  MQTT_Conn.o [1]
  .bss                zero     0x20009c34      0x4  MQTT_Conn.o [1]
  .bss                zero     0x20009c38      0x4  MQTT_Conn.o [1]
  .bss                zero     0x20009c3c      0x4  MQTTPacket.o [1]
  .bss                zero     0x20009c40      0x4  port.o [1]
  .bss                zero     0x20009c44      0x4  prjlib.o [1]
  .bss                zero     0x20009c48      0x4  prjlib.o [1]
  .bss                zero     0x20009c4c      0x4  Process.o [1]
  .bss                zero     0x20009c50      0x4  Process.o [1]
  .bss                zero     0x20009c54      0x4  Process.o [1]
  .bss                zero     0x20009c58      0x4  Process.o [1]
  .bss                zero     0x20009c5c      0x4  rtc_ext.o [1]
  .bss                zero     0x20009c60      0x4  rtc_ext.o [1]
  .bss                zero     0x20009c64      0x4  spi_flash.o [1]
  .bss                zero     0x20009c68      0x4  spi_flash.o [1]
  .bss                zero     0x20009c6c      0x4  spi_flash.o [1]
  .bss                zero     0x20009c70      0x4  stm32f1xx_hal.o [1]
  .bss                zero     0x20009c74      0x4  system.o [1]
  .bss                zero     0x20009c78      0x4  system.o [1]
  .bss                zero     0x20009c7c      0x4  system.o [1]
  .bss                zero     0x20009c80      0x4  system.o [1]
  .bss                zero     0x20009c84      0x4  system.o [1]
  .bss                zero     0x20009c88      0x4  system.o [1]
  .bss                zero     0x20009c8c      0x4  system.o [1]
  .bss                zero     0x20009c90      0x4  tasks.o [1]
  .bss                zero     0x20009c94      0x4  tasks.o [1]
  .bss                zero     0x20009c98      0x4  tasks.o [1]
  .bss                zero     0x20009c9c      0x4  tasks.o [1]
  .bss                zero     0x20009ca0      0x4  tasks.o [1]
  .bss                zero     0x20009ca4      0x4  tasks.o [1]
  .bss                zero     0x20009ca8      0x4  tasks.o [1]
  .bss                zero     0x20009cac      0x4  tasks.o [1]
  .bss                zero     0x20009cb0      0x4  tasks.o [1]
  .bss                zero     0x20009cb4      0x4  tasks.o [1]
  .bss                zero     0x20009cb8      0x4  tasks.o [1]
  .bss                zero     0x20009cbc      0x4  tasks.o [1]
  .bss                zero     0x20009cc0      0x4  tasks.o [1]
  .bss                zero     0x20009cc4      0x4  tasks.o [1]
  .bss                zero     0x20009cc8      0x4  tasks.o [1]
  .bss                zero     0x20009ccc      0x4  uart.o [1]
  .bss                zero     0x20009cd0      0x4  xgetmemchunk.o [3]
  .bss                zero     0x20009cd4      0x2  freertos.o [1]
  .bss                zero     0x20009cd6      0x2  MQTT_Conn.o [1]
  .bss                zero     0x20009cd8      0x2  MQTT_Conn.o [1]
  .bss                zero     0x20009cda      0x2  system.o [1]
  .bss                zero     0x20009cdc      0x1  console.o [1]
  .bss                zero     0x20009cdd      0x1  console.o [1]
  .bss                zero     0x20009cde      0x1  MQTT_Conn.o [1]
  .bss                zero     0x20009cdf      0x1  MQTT_Conn.o [1]
  .bss                zero     0x20009ce0      0x1  MQTT_Conn.o [1]
  .bss                zero     0x20009ce1      0x1  port.o [1]
  .bss                zero     0x20009ce2      0x1  Process.o [1]
  .bss                zero     0x20009ce3      0x1  uart.o [1]
  .bss                zero     0x20009ce4      0x1  uart.o [1]
  .bss                zero     0x20009ce5      0x1  uart.o [1]
  .bss                zero     0x20009ce6      0x1  uart.o [1]
                             - 0x20009ce7   0x94d7


*******************************************************************************
*** INIT TABLE
***

          Address     Size
          -------     ----
Zero (__iar_zero_init3)
    1 destination range, total size 0x94d7:
          0x20000810  0x94d7

Copy/lz77 (__iar_lz77_init_single3)
    1 source range, total size 0x99 (29% of destination):
          0x080160bc    0x99
    1 destination range, total size 0x20f:
          0x20000000   0x20f



*******************************************************************************
*** MODULE SUMMARY
***

    Module                        ro code  ro data  rw data
    ------                        -------  -------  -------
D:\车厂标签\Firmware\firmware\AB13BaseAD20New\EWARM\AD-20\Obj: [1]
    DataSave.o                        540      360      208
    EC20.o                          3 736      730       84
    MQTTClient.o                    2 038       92
    MQTTConnectClient.o               792       36
    MQTTDeserializePublish.o          296        8
    MQTTFreeRTOS.o                    344
    MQTTPacket.o                      612                 4
    MQTTSerializePublish.o            368        8
    MQTTSubscribeClient.o             404        8
    MQTT_Conn.o                     2 216      951    2 587
    Process.o                       1 082      583      126
    cJSON.o                         3 856       50        8
    cmsis_os.o                        936
    console.o                       1 744      311      331
    freertos.o                        272       96        6
    heap_4.o                          656        4   30 744
    list.o                            158
    main.o                          1 930      137      888
    port.o                            512        5        9
    portasm.o                         136
    prjlib.o                        1 228      512        8
    queue.o                         2 300
    rtc_ext.o                       1 260      164        8
    spi_flash.o                     2 420      643       40
    startup_stm32f103xe.o             520
    stm32f1xx_hal.o                   116        1        5
    stm32f1xx_hal_cortex.o            348
    stm32f1xx_hal_dma.o             1 724
    stm32f1xx_hal_gpio.o              820
    stm32f1xx_hal_i2c.o             2 142
    stm32f1xx_hal_iwdg.o               94
    stm32f1xx_hal_msp.o             1 356       76
    stm32f1xx_hal_pwr.o                12
    stm32f1xx_hal_rcc.o             1 832       18
    stm32f1xx_hal_spi_ex.o            138
    stm32f1xx_hal_tim.o               634
    stm32f1xx_hal_tim_ex.o              4
    stm32f1xx_hal_timebase_TIM.o      144                64
    stm32f1xx_hal_uart.o            1 990
    stm32f1xx_it.o                    232       28
    system.o                        2 216    1 020    2 146
    system_stm32f1xx.o                104       25        4
    tasks.o                         2 864        8      300
    uart.o                          2 384      307      268
    w5500_comm.o                       16                40
    wifi.o                             16
    -------------------------------------------------------
    Total:                         49 542    6 181   37 878

command line: [2]
    -------------------------------------------------------
    Total:

dl7M_tlf.a: [3]
    abort.o                             6
    div.o                              14
    dlmalloc.o                      5 364               496
    exit.o                              4
    isdigit.o                          10
    isgraph.o                          48
    isprint.o                          40
    isxdigit.o                         30
    isxxx.o                            40
    localeconv.o                      108       40      136
    low_level_init.o                    4
    setlocale.o                        36       34      116
    sprintf.o                          52
    strcat.o                           28
    strncmp.o                          44
    strstr.o                           46
    vsnprint.o                         60
    xencoding_sb.o                     96
    xgetmemchunk.o                     44                 4
    xlocale_c.o                        58
    xmbcurmax.o                        10
    xmbtowc.o                          32
    xprintffull.o                   4 506
    xsnprout.o                         26
    xsprout.o                          10
    xtls.o                              2
    xwctomb.o                          26
    -------------------------------------------------------
    Total:                         10 744       74      752

m7M_tl.a: [4]
    DblAdd.o                          212
    DblCmpEq.o                         32
    DblCmpGe.o                         46
    DblCmpLe.o                         46
    DblDiv.o                          598
    DblMul.o                          418
    DblSub.o                          384
    DblToI32.o                         88
    I32ToDbl.o                         48
    floor.o                            94
    xdnorm.o                           68
    xdscale.o                         268
    -------------------------------------------------------
    Total:                          2 302

rt7M_tl.a: [5]
    ABImemcpy_unaligned.o             118
    ABImemset.o                       102
    I64DivMod.o                       238
    I64DivZer.o                         2
    cexit.o                            10
    cmain.o                            26
    cstartup_M.o                       12
    data_init.o                        40
    lz77_init_single.o                120
    memchr.o                           88
    strchr.o                           22
    strcmp_unaligned.o                 66
    strcpy_unaligned.o                 68
    strlen.o                           54
    zero_init3.o                       64
    -------------------------------------------------------
    Total:                          1 030

shb_l.a: [6]
    exit.o                             20
    -------------------------------------------------------
    Total:                             20

    Gaps                               46        2
    Linker created                              32    1 536
-----------------------------------------------------------
    Grand Total:                   63 684    6 289   40 166


*******************************************************************************
*** ENTRY LIST
***

Entry                      Address    Size  Type      Object
-----                      -------    ----  ----      ------
.iar.init_table$$Base   0x08015420           --   Gb  - Linker created -
.iar.init_table$$Limit  0x08015440           --   Gb  - Linker created -
?main                   0x08015859          Code  Gb  cmain.o [5]
AHBPrescTable           0x08015b78    0x10  Data  Gb  system_stm32f1xx.o [1]
APBPrescTable           0x08015f70     0x8  Data  Gb  system_stm32f1xx.o [1]
Array2Hex               0x0800b1d7    0x76  Code  Gb  prjlib.o [1]
ArrivePath              0x08012f0d     0x2  Code  Lc  Process.o [1]
BCD_To_HEX              0x0800aed3    0x1a  Code  Gb  prjlib.o [1]
BusFault_Handler        0x0801479d     0x2  Code  Gb  stm32f1xx_it.o [1]
CMD_Console             0x0800ac71    0xaa  Code  Lc  console.o [1]
CMD_DataSize            0x0800a759     0xe  Code  Gb  console.o [1]
CMD_EchoEnable          0x20009bec     0x4  Data  Lc  console.o [1]
CMD_HEX_Print           0x0800a7ab    0x9c  Code  Gb  console.o [1]
CMD_Init                0x0800a6bd    0x4c  Code  Gb  console.o [1]
CMD_Init::CmdEntrance_CMD
                        0x20000008     0xc  Data  Lc  console.o [1]
CMD_LoginProc           0x0800ab6d    0xc4  Code  Lc  console.o [1]
CMD_NewData             0x0800a98f    0x46  Code  Gb  console.o [1]
CMD_Pipe                0x20009cdc     0x1  Data  Lc  console.o [1]
CMD_PipeSendData        0x0800ac31    0x3a  Code  Lc  console.o [1]
CMD_Printf              0x0800a767    0x44  Code  Gb  console.o [1]
CMD_Printf_Level        0x0800a847    0x5a  Code  Gb  console.o [1]
CMD_ProcPoll            0x0800a9ff    0xbc  Code  Lc  console.o [1]
CMD_ReadData            0x0800a73b    0x1e  Code  Gb  console.o [1]
CMD_RecBuffer           0x200091e8   0x100  Data  Lc  console.o [1]
CMD_RecFIFO             0x20009b58    0x10  Data  Lc  console.o [1]
CMD_SendData            0x0800a723    0x18  Code  Gb  console.o [1]
CMD_SetDebugLevel       0x0800a8bf    0x22  Code  Gb  console.o [1]
CMD_SetEchoEnable       0x0800a8a1    0x1e  Code  Gb  console.o [1]
CMD_Task                0x0800a709    0x1a  Code  Gb  console.o [1]
CMD_UART_IsLogin        0x0800aabb    0xb2  Code  Lc  console.o [1]
CMD_UART_IsLogin::buffer
                        0x20009bd4     0x8  Data  Lc  console.o [1]
CMD_UART_Read_Poll      0x0800a8e1    0xae  Code  Gb  console.o [1]
CMD_Virtual             0x0800a9d5    0x2a  Code  Gb  console.o [1]
CRC_16                  0x0800ae9b    0x38  Code  Gb  prjlib.o [1]
CSTACK$$Base            0x20000210           --   Gb  - Linker created -
CSTACK$$Limit           0x20000610           --   Gb  - Linker created -
Clear_ResetCount        0x0800ff4f    0x22  Code  Gb  system.o [1]
CmdHandle               0x20009c4c     0x4  Data  Lc  Process.o [1]
CmdHanldeLogic          0x08012d45     0x4  Code  Lc  Process.o [1]
Cmd_AddEntrance         0x0800af0f    0x3c  Code  Gb  prjlib.o [1]
Cmd_ArgFind             0x0800aff7    0x34  Code  Gb  prjlib.o [1]
Cmd_Handle              0x0800af4b    0xac  Code  Gb  prjlib.o [1]
ConnectClose            0x08009dc9    0x28  Code  Lc  EC20.o [1]
ConnectShut             0x08009da1    0x28  Code  Lc  EC20.o [1]
ConnectStart            0x08009df1    0x80  Code  Lc  EC20.o [1]
Connect_Fail            0x20009cd8     0x2  Data  Lc  MQTT_Conn.o [1]
Connect_MQTT            0x08011d1d    0x3c  Code  Lc  MQTT_Conn.o [1]
DMA1_Channel2_IRQHandler
                        0x080147ab     0xa  Code  Gb  stm32f1xx_it.o [1]
DMA1_Channel4_IRQHandler
                        0x080147b5     0xa  Code  Gb  stm32f1xx_it.o [1]
DMA1_Channel7_IRQHandler
                        0x080147bf     0xa  Code  Gb  stm32f1xx_it.o [1]
DMA2_Channel4_5_IRQHandler
                        0x08014837     0xa  Code  Gb  stm32f1xx_it.o [1]
DMA_SetConfig           0x0800eeed    0x2c  Code  Lc  stm32f1xx_hal_dma.o [1]
DataFlowCnt             0x20009cde     0x1  Data  Lc  MQTT_Conn.o [1]
DataSave_Init           0x08012965    0x12  Code  Gb  DataSave.o [1]
DataSave_Init::CmdEntrance_datasave
                        0x20000014     0xc  Data  Lc  DataSave.o [1]
DebugMon_Handler        0x080147a1     0x2  Code  Gb  stm32f1xx_it.o [1]
Disconnect_MQTT         0x08011d59    0x30  Code  Lc  MQTT_Conn.o [1]
ExtRTC_MultexId         0x20009c60     0x4  Data  Lc  rtc_ext.o [1]
FIFO_Flush              0x0800b10d     0x6  Code  Gb  prjlib.o [1]
FIFO_Init               0x0800b0b5    0x26  Code  Gb  prjlib.o [1]
FIFO_Length             0x0800b105     0x8  Code  Gb  prjlib.o [1]
FIFO_Put                0x0800b0db    0x2a  Code  Gb  prjlib.o [1]
FIFO_Query              0x0800b1b1    0x26  Code  Gb  prjlib.o [1]
FIFO_Read               0x0800b113    0x4c  Code  Gb  prjlib.o [1]
FIFO_Write              0x0800b15f    0x52  Code  Gb  prjlib.o [1]
FreeRTOS_disconnect     0x08013381     0x2  Code  Gb  MQTTFreeRTOS.o [1]
FreeRTOS_read           0x080132b7    0x68  Code  Gb  MQTTFreeRTOS.o [1]
FreeRTOS_write          0x0801331f    0x62  Code  Gb  MQTTFreeRTOS.o [1]
GetIPStatus             0x08009ebd    0x84  Code  Lc  EC20.o [1]
GetNetWorkStatus        0x08009f55    0x52  Code  Lc  EC20.o [1]
GetRSSI                 0x08009e71    0x46  Code  Lc  EC20.o [1]
GpsWaitATRsp            0x0800a139    0xfa  Code  Lc  EC20.o [1]
HAL_DMA_Abort_IT        0x0800e991   0x1be  Code  Gb  stm32f1xx_hal_dma.o [1]
HAL_DMA_IRQHandler      0x0800eb69   0x34c  Code  Gb  stm32f1xx_hal_dma.o [1]
HAL_DMA_Init            0x0800e85d    0x9c  Code  Gb  stm32f1xx_hal_dma.o [1]
HAL_DMA_Start_IT        0x0800e8f9    0x98  Code  Gb  stm32f1xx_hal_dma.o [1]
HAL_Delay               0x0800f6a9    0x28  Code  Wk  stm32f1xx_hal.o [1]
HAL_GPIO_Init           0x0800dd51   0x2d6  Code  Gb  stm32f1xx_hal_gpio.o [1]
HAL_GPIO_WritePin       0x0800e027    0x14  Code  Gb  stm32f1xx_hal_gpio.o [1]
HAL_GetTick             0x0800c039     0xc  Code  Wk  stm32f1xx_hal.o [1]
HAL_I2C_Init            0x08010e19   0x188  Code  Gb  stm32f1xx_hal_i2c.o [1]
HAL_I2C_Mem_Read        0x08010fb1   0x33c  Code  Gb  stm32f1xx_hal_i2c.o [1]
HAL_I2C_MspInit         0x0800e3c1    0x48  Code  Gb  stm32f1xx_hal_msp.o [1]
HAL_IWDG_Init           0x0800f649    0x50  Code  Gb  stm32f1xx_hal_iwdg.o [1]
HAL_IWDG_Refresh        0x0800f699     0xe  Code  Gb  stm32f1xx_hal_iwdg.o [1]
HAL_IncTick             0x08012fbd    0x18  Code  Wk  stm32f1xx_hal.o [1]
HAL_Init                0x080128b1    0x22  Code  Gb  stm32f1xx_hal.o [1]
HAL_InitTick            0x08010d89    0x80  Code  Gb  stm32f1xx_hal_timebase_TIM.o [1]
HAL_MspInit             0x0800e311    0xb0  Code  Gb  stm32f1xx_hal_msp.o [1]
HAL_NVIC_EnableIRQ      0x080105a3     0xe  Code  Gb  stm32f1xx_hal_cortex.o [1]
HAL_NVIC_SetPriority    0x0801057d    0x26  Code  Gb  stm32f1xx_hal_cortex.o [1]
HAL_NVIC_SetPriorityGrouping
                        0x08010571     0xc  Code  Gb  stm32f1xx_hal_cortex.o [1]
HAL_PWR_EnableBkUpAccess
                        0x08011679     0x8  Code  Gb  stm32f1xx_hal_pwr.o [1]
HAL_RCC_ClockConfig     0x0800f377   0x184  Code  Gb  stm32f1xx_hal_rcc.o [1]
HAL_RCC_GetClockConfig  0x0800f5a5    0x3a  Code  Gb  stm32f1xx_hal_rcc.o [1]
HAL_RCC_GetHCLKFreq     0x0800f573     0x6  Code  Gb  stm32f1xx_hal_rcc.o [1]
HAL_RCC_GetPCLK1Freq    0x0800f579    0x16  Code  Gb  stm32f1xx_hal_rcc.o [1]
HAL_RCC_GetPCLK2Freq    0x0800f58f    0x16  Code  Gb  stm32f1xx_hal_rcc.o [1]
HAL_RCC_GetSysClockFreq
                        0x0800f4fb    0x78  Code  Gb  stm32f1xx_hal_rcc.o [1]
HAL_RCC_OscConfig       0x0800ef21   0x456  Code  Gb  stm32f1xx_hal_rcc.o [1]
HAL_SPI_Init            0x080128d9    0x8a  Code  Gb  stm32f1xx_hal_spi_ex.o [1]
HAL_SPI_MspInit         0x0800e409    0xb8  Code  Gb  stm32f1xx_hal_msp.o [1]
HAL_SYSTICK_CLKSourceConfig
                        0x080105bd    0x20  Code  Gb  stm32f1xx_hal_cortex.o [1]
HAL_SYSTICK_Config      0x080105b1     0xc  Code  Gb  stm32f1xx_hal_cortex.o [1]
HAL_TIMEx_BreakCallback
                        0x08013bd7     0x2  Code  Wk  stm32f1xx_hal_tim_ex.o [1]
HAL_TIMEx_CommutationCallback
                        0x08013bdb     0x2  Code  Wk  stm32f1xx_hal_tim_ex.o [1]
HAL_TIM_Base_Init       0x08012fd5    0x38  Code  Gb  stm32f1xx_hal_tim.o [1]
HAL_TIM_Base_MspInit    0x08013245     0x2  Code  Wk  stm32f1xx_hal_tim.o [1]
HAL_TIM_Base_Start_IT   0x0801300d    0x1e  Code  Gb  stm32f1xx_hal_tim.o [1]
HAL_TIM_IC_CaptureCallback
                        0x08013bd1     0x2  Code  Wk  stm32f1xx_hal_tim.o [1]
HAL_TIM_IRQHandler      0x0801302b   0x176  Code  Gb  stm32f1xx_hal_tim.o [1]
HAL_TIM_OC_DelayElapsedCallback
                        0x08013bd3     0x2  Code  Wk  stm32f1xx_hal_tim.o [1]
HAL_TIM_PWM_PulseFinishedCallback
                        0x08013bd5     0x2  Code  Wk  stm32f1xx_hal_tim.o [1]
HAL_TIM_PeriodElapsedCallback
                        0x08010cfb    0x12  Code  Gb  main.o [1]
HAL_TIM_TriggerCallback
                        0x08013bd9     0x2  Code  Wk  stm32f1xx_hal_tim.o [1]
HAL_UART_ErrorCallback  0x0800ef19     0x2  Code  Wk  stm32f1xx_hal_uart.o [1]
HAL_UART_IRQHandler     0x0800d7d3   0x146  Code  Gb  stm32f1xx_hal_uart.o [1]
HAL_UART_Init           0x0800d591    0x76  Code  Gb  stm32f1xx_hal_uart.o [1]
HAL_UART_MspInit        0x0800e4c1   0x33a  Code  Gb  stm32f1xx_hal_msp.o [1]
HAL_UART_RxCpltCallback
                        0x0800ef1d     0x2  Code  Wk  stm32f1xx_hal_uart.o [1]
HAL_UART_Transmit       0x0800d607    0xde  Code  Gb  stm32f1xx_hal_uart.o [1]
HAL_UART_Transmit_DMA   0x0800d73d    0x96  Code  Gb  stm32f1xx_hal_uart.o [1]
HAL_UART_Transmit_IT    0x0800d6e5    0x58  Code  Gb  stm32f1xx_hal_uart.o [1]
HAL_UART_TxCpltCallback
                        0x0800b8fd    0x36  Code  Gb  uart.o [1]
HAL_UART_TxHalfCpltCallback
                        0x0800ef1b     0x2  Code  Wk  stm32f1xx_hal_uart.o [1]
HEAP$$Base              0x20000610           --   Gb  - Linker created -
HEAP$$Limit             0x20000810           --   Gb  - Linker created -
HardFault_Handler       0x08014787    0x14  Code  Gb  stm32f1xx_it.o [1]
I2C_IsAcknowledgeFailed
                        0x08011649    0x2e  Code  Lc  stm32f1xx_hal_i2c.o [1]
I2C_RequestMemoryRead   0x080112f9   0x16e  Code  Lc  stm32f1xx_hal_i2c.o [1]
I2C_WaitOnFlagUntilTimeout
                        0x0801146d    0x88  Code  Lc  stm32f1xx_hal_i2c.o [1]
I2C_WaitOnMasterAddressFlagUntilTimeout
                        0x080114f5    0xa0  Code  Lc  stm32f1xx_hal_i2c.o [1]
I2C_WaitOnRXNEFlagUntilTimeout
                        0x080115e7    0x62  Code  Lc  stm32f1xx_hal_i2c.o [1]
I2C_WaitOnTXEFlagUntilTimeout
                        0x08011595    0x52  Code  Lc  stm32f1xx_hal_i2c.o [1]
InquireTask             0x08012bfd    0xd2  Code  Gb  Process.o [1]
InquireTask::change     0x20009ce2     0x1  Data  Lc  Process.o [1]
InquireTask::cmdtick    0x20009c54     0x4  Data  Lc  Process.o [1]
InquireTask::heartBeatTick
                        0x20009c58     0x4  Data  Lc  Process.o [1]
InquireTask::twdt_PTask
                        0x200000d0    0x14  Data  Lc  Process.o [1]
Inquiretask             0x20009c50     0x4  Data  Gb  Process.o [1]
LAN_Param               0x20009990    0x28  Data  Lc  w5500_comm.o [1]
LAN_ReadStatus          0x08011f2d     0xa  Code  Gb  w5500_comm.o [1]
LED_FlashPoll           0x0800fe11   0x11c  Code  Gb  system.o [1]
LED_FlashPoll::index    0x20009c8c     0x4  Data  Lc  system.o [1]
LED_FlashPoll::indexOn  0x20009c88     0x4  Data  Lc  system.o [1]
LED_FlashPoll::tsERR    0x20009c84     0x4  Data  Lc  system.o [1]
LED_FlashPoll::tsNET    0x20009c80     0x4  Data  Lc  system.o [1]
LoadInt                 0x08006cfb    0x6e  Code  Lc  xprintffull.o [3]
Login_Pipe              0x20009cdd     0x1  Data  Lc  console.o [1]
M4G_Init                0x0800947d    0x54  Code  Gb  EC20.o [1]
M4G_Intercept_Proc      0x080098d7    0xdc  Code  Lc  EC20.o [1]
M4G_IsSocketConnect     0x0800960d    0x42  Code  Gb  EC20.o [1]
M4G_ManagerPoll         0x080096bf   0x218  Code  Gb  EC20.o [1]
M4G_ManagerPoll::tsConnect
                        0x20009c04     0x4  Data  Lc  EC20.o [1]
M4G_ManagerPoll::tsNet  0x20009c00     0x4  Data  Lc  EC20.o [1]
M4G_ManagerPoll::tsStatus
                        0x20009c08     0x4  Data  Lc  EC20.o [1]
M4G_ModuleInit          0x08009a87   0x194  Code  Lc  EC20.o [1]
M4G_ModulePowerOff      0x08009d69    0x38  Code  Lc  EC20.o [1]
M4G_ModulePowerOn       0x08009c1b   0x14e  Code  Lc  EC20.o [1]
M4G_MutexId             0x20009bf8     0x4  Data  Lc  EC20.o [1]
M4G_Opt                 0x20009bf4     0x4  Data  Lc  EC20.o [1]
M4G_Param               0x200099b8    0x24  Data  Lc  EC20.o [1]
M4G_SetOnOff            0x0800954b    0x3a  Code  Gb  EC20.o [1]
M4G_SetSocketParam      0x0800964f    0x70  Code  Gb  EC20.o [1]
M4G_SocketSendData      0x08009585    0x88  Code  Gb  EC20.o [1]
M4G_TCPIP_ReceiveProc   0x080099b3    0x80  Code  Lc  EC20.o [1]
M4G_TCPIP_SendProc      0x08009a33    0x54  Code  Lc  EC20.o [1]
M4G_TCPIP_SendQId       0x20009bf0     0x4  Data  Lc  EC20.o [1]
M4G_Task                0x080094d1    0x7a  Code  Gb  EC20.o [1]
M4G_Task::twdt_M4GTask  0x20000020    0x14  Data  Lc  EC20.o [1]
MQTTClientInit          0x0801342d    0x62  Code  Gb  MQTTClient.o [1]
MQTTConnect             0x080138b9    0xb2  Code  Gb  MQTTClient.o [1]
MQTTDeserialize_ack     0x0801420f    0x6a  Code  Gb  MQTTDeserializePublish.o [1]
MQTTDeserialize_connack
                        0x08014043    0x80  Code  Gb  MQTTConnectClient.o [1]
MQTTDeserialize_publish
                        0x08014159    0xb6  Code  Gb  MQTTDeserializePublish.o [1]
MQTTDeserialize_suback  0x080144e3    0x98  Code  Gb  MQTTSubscribeClient.o [1]
MQTTDisconnect          0x08013b5d    0x3a  Code  Gb  MQTTClient.o [1]
MQTTPacket_decode       0x08013c07    0x54  Code  Gb  MQTTPacket.o [1]
MQTTPacket_decodeBuf    0x08013ca5    0x14  Code  Gb  MQTTPacket.o [1]
MQTTPacket_encode       0x08013bdd    0x2a  Code  Gb  MQTTPacket.o [1]
MQTTPacket_equals       0x08013de7    0x4e  Code  Gb  MQTTPacket.o [1]
MQTTPacket_len          0x08013c5b    0x22  Code  Gb  MQTTPacket.o [1]
MQTTPublish             0x08013a51   0x10c  Code  Gb  MQTTClient.o [1]
MQTTSerialize_ack       0x08014369    0x80  Code  Gb  MQTTSerializePublish.o [1]
MQTTSerialize_connect   0x08013ecd   0x176  Code  Gb  MQTTConnectClient.o [1]
MQTTSerialize_connectLength
                        0x08013e41    0x8c  Code  Gb  MQTTConnectClient.o [1]
MQTTSerialize_disconnect
                        0x08014135    0x12  Code  Gb  MQTTConnectClient.o [1]
MQTTSerialize_pingreq   0x08014147    0x12  Code  Gb  MQTTConnectClient.o [1]
MQTTSerialize_publish   0x080142a5    0xc4  Code  Gb  MQTTSerializePublish.o [1]
MQTTSerialize_publishLength
                        0x08014281    0x24  Code  Gb  MQTTSerializePublish.o [1]
MQTTSerialize_subscribe
                        0x0801441d    0xc6  Code  Gb  MQTTSubscribeClient.o [1]
MQTTSerialize_subscribeLength
                        0x080143f1    0x2c  Code  Gb  MQTTSubscribeClient.o [1]
MQTTSerialize_zero      0x080140c3    0x54  Code  Gb  MQTTConnectClient.o [1]
MQTTSubscribe           0x08013975    0xdc  Code  Gb  MQTTClient.o [1]
MQTTYield               0x08013857    0x3a  Code  Gb  MQTTClient.o [1]
MQTT_Conn_Init          0x08011685    0x48  Code  Gb  MQTT_Conn.o [1]
MQTT_Conn_Init::CmdEntrance_mqtt
                        0x200000a0     0xc  Data  Lc  MQTT_Conn.o [1]
MQTT_Conn_Task          0x080116cd    0x96  Code  Gb  MQTT_Conn.o [1]
MQTT_Conn_Task::twdt_mqttConTask
                        0x200000ac    0x14  Data  Lc  MQTT_Conn.o [1]
MQTT_IsConnected        0x08011763     0x8  Code  Gb  MQTT_Conn.o [1]
MQTT_IsDataFlow         0x0801176b     0x8  Code  Gb  MQTT_Conn.o [1]
MQTT_ReSubscribe        0x08011c99    0x84  Code  Lc  MQTT_Conn.o [1]
MQTT_ReadData           0x08011833    0x38  Code  Gb  MQTT_Conn.o [1]
MQTT_SendData           0x080117f5    0x3e  Code  Gb  MQTT_Conn.o [1]
MQTT_SendPoll           0x08011c07    0x92  Code  Lc  MQTT_Conn.o [1]
MQTT_SendQId            0x20009c24     0x4  Data  Lc  MQTT_Conn.o [1]
MQTTstrlen              0x08013dc7    0x20  Code  Gb  MQTTPacket.o [1]
MX_DMA_Init             0x08010a53    0x74  Code  Lc  main.o [1]
MX_GPIO_Init            0x08010ac7   0x1a0  Code  Lc  main.o [1]
MX_I2C1_Init            0x080106e7    0x6a  Code  Lc  main.o [1]
MX_IWDG_Init            0x08010751    0x38  Code  Lc  main.o [1]
MX_SPI1_Init            0x08010789    0x82  Code  Lc  main.o [1]
MX_SPI2_Init            0x0801080b    0x82  Code  Lc  main.o [1]
MX_UART4_Init           0x0801088d    0x60  Code  Lc  main.o [1]
MX_UART5_Init           0x080108ed    0x60  Code  Lc  main.o [1]
MX_USART1_UART_Init     0x0801094d    0x60  Code  Lc  main.o [1]
MX_USART2_UART_Init     0x080109ad    0x5c  Code  Lc  main.o [1]
MX_USART3_UART_Init     0x08010a09    0x4a  Code  Lc  main.o [1]
Manager_MQTT            0x080119b7   0x250  Code  Lc  MQTT_Conn.o [1]
Manager_MQTT::flowcnt   0x20009ce0     0x1  Data  Lc  MQTT_Conn.o [1]
Manager_MQTT::pathS     0x20009cdf     0x1  Data  Lc  MQTT_Conn.o [1]
Manager_MQTT::tsConnect_Fail
                        0x20009c38     0x4  Data  Lc  MQTT_Conn.o [1]
Manager_MQTT::tsDataFlow
                        0x20009c34     0x4  Data  Lc  MQTT_Conn.o [1]
MemManage_Handler       0x0801479b     0x2  Code  Gb  stm32f1xx_it.o [1]
NMI_Handler             0x08014785     0x2  Code  Gb  stm32f1xx_it.o [1]
NVIC_EnableIRQ          0x080104c9    0x14  Code  Lc  stm32f1xx_hal_cortex.o [1]
NVIC_EncodePriority     0x08010503    0x3e  Code  Lc  stm32f1xx_hal_cortex.o [1]
NVIC_GetPriorityGrouping
                        0x080104bf     0xa  Code  Lc  stm32f1xx_hal_cortex.o [1]
NVIC_SetPriority        0x080104dd    0x26  Code  Lc  stm32f1xx_hal_cortex.o [1]
NVIC_SetPriorityGrouping
                        0x080104a1    0x1e  Code  Lc  stm32f1xx_hal_cortex.o [1]
NVIC_SystemReset        0x0800fbbd    0x22  Code  Lc  system.o [1]
NetworkInit             0x08013383    0x12  Code  Gb  MQTTFreeRTOS.o [1]
NewMessageData          0x080133a1     0x6  Code  Lc  MQTTClient.o [1]
PendSV_Handler          0x0800e195          Code  Gb  portasm.o [1]
Process_Init            0x08012b81    0x7a  Code  Gb  Process.o [1]
Process_Init::CmdEntrance_process
                        0x200000c4     0xc  Data  Lc  Process.o [1]
Publish_Fail            0x20009cd6     0x2  Data  Lc  MQTT_Conn.o [1]
Publish_MQTT            0x0801186b    0xe2  Code  Gb  MQTT_Conn.o [1]
RCC_Delay               0x0800f5df    0x26  Code  Lc  stm32f1xx_hal_rcc.o [1]
RS485_SetDE             0x0800b933    0x20  Code  Lc  uart.o [1]
RTC_GetWeek             0x0800fb11    0x86  Code  Lc  rtc_ext.o [1]
RTC_ReadByte            0x0800fabf    0x52  Code  Lc  rtc_ext.o [1]
RTC_ReadTick            0x0800faad    0x12  Code  Gb  rtc_ext.o [1]
RTC_ReadTime            0x0800f6d1    0xb0  Code  Gb  rtc_ext.o [1]
RTC_TickToStr           0x0800f781    0x3e  Code  Gb  rtc_ext.o [1]
RTC_TickToTime          0x0800f7bf   0x1f0  Code  Gb  rtc_ext.o [1]
RTC_TimeToTick          0x0800f9af    0xfe  Code  Gb  rtc_ext.o [1]
Read_MCU_ID             0x0800ff71    0x1a  Code  Gb  system.o [1]
Read_ResetCount         0x0800ff2d    0x22  Code  Gb  system.o [1]
Region$$Table$$Base     0x08015420           --   Gb  - Linker created -
Region$$Table$$Limit    0x08015440           --   Gb  - Linker created -
ResetFlag_init          0x08010081    0x7c  Code  Lc  system.o [1]
SFlash_Console          0x08012555   0x2e0  Code  Lc  spi_flash.o [1]
SFlash_EraseChip        0x08012141    0x44  Code  Gb  spi_flash.o [1]
SFlash_EraseSectors     0x08012185    0x28  Code  Gb  spi_flash.o [1]
SFlash_EraseSectors_NotCheck
                        0x080121ad    0x90  Code  Gb  spi_flash.o [1]
SFlash_Get              0x0801235b    0x28  Code  Lc  spi_flash.o [1]
SFlash_GetSwapSector    0x08011fa9    0x56  Code  Gb  spi_flash.o [1]
SFlash_Handle           0x20009c6c     0x4  Data  Lc  spi_flash.o [1]
SFlash_Info             0x20009b78    0x10  Data  Gb  spi_flash.o [1]
SFlash_Init             0x08011f3d    0x6c  Code  Gb  spi_flash.o [1]
SFlash_Init::CmdEntrance_flash
                        0x200000e8     0xc  Data  Lc  spi_flash.o [1]
SFlash_MutexId          0x20009c68     0x4  Data  Lc  spi_flash.o [1]
SFlash_PageWrite        0x0801223d    0x80  Code  Lc  spi_flash.o [1]
SFlash_RW               0x080123a9    0x50  Code  Lc  spi_flash.o [1]
SFlash_Read             0x08011fff    0x70  Code  Gb  spi_flash.o [1]
SFlash_ReadInfo         0x080123f9    0xee  Code  Lc  spi_flash.o [1]
SFlash_Release          0x08012383    0x26  Code  Lc  spi_flash.o [1]
SFlash_UnWriteProtect   0x0801231b    0x40  Code  Lc  spi_flash.o [1]
SFlash_WaitForWriteEnd  0x080124e7    0x6e  Code  Lc  spi_flash.o [1]
SFlash_Write            0x0801206f    0x2a  Code  Gb  spi_flash.o [1]
SFlash_WriteEn          0x080122bd    0x1e  Code  Lc  spi_flash.o [1]
SFlash_WriteProtect     0x080122db    0x40  Code  Lc  spi_flash.o [1]
SFlash_Write_NotCheck   0x08012099    0xa8  Code  Gb  spi_flash.o [1]
SVC_Handler             0x0800e1db          Code  Gb  portasm.o [1]
SaveLog_GetBlock        0x0801001f    0x2a  Code  Gb  system.o [1]
SearchMemData           0x0800ad8d    0x62  Code  Gb  prjlib.o [1]
SendFun                 0x20009a24    0x20  Data  Lc  console.o [1]
SockFIFO_Buffer         0x20008010   0x800  Data  Lc  system.o [1]
SockLock                0x20009c78     0x4  Data  Lc  system.o [1]
SockRecFIFO             0x20009b88    0x10  Data  Lc  system.o [1]
SockRecMutexId          0x20009c74     0x4  Data  Lc  system.o [1]
SocketRec               0x0801004d    0x34  Code  Lc  system.o [1]
StartDefaultTask        0x08010c67    0x94  Code  Gb  main.o [1]
StartDefaultTask::twdt_startTask
                        0x20000034    0x14  Data  Lc  main.o [1]
StartLog_Recoder        0x0800ff8b     0x2  Code  Gb  system.o [1]
StartLog_UART           0x0800ff8d    0x92  Code  Gb  system.o [1]
Str2Print               0x0800aeed    0x22  Code  Gb  prjlib.o [1]
Subs                    0x200093ac    0xc0  Data  Lc  MQTT_Conn.o [1]
Subscribe_MQTT          0x0801194d    0x6a  Code  Gb  MQTT_Conn.o [1]
SwapSector_Num          0x20009c64     0x4  Data  Lc  spi_flash.o [1]
SysTick_Config          0x08010541    0x30  Code  Lc  stm32f1xx_hal_cortex.o [1]
SysTick_Handler         0x080147a3     0x8  Code  Gb  stm32f1xx_it.o [1]
SystemClock_Config      0x08010655    0x92  Code  Gb  main.o [1]
SystemCoreClock         0x20000100     0x4  Data  Gb  system_stm32f1xx.o [1]
SystemInit              0x080148e5    0x4c  Code  Gb  system_stm32f1xx.o [1]
System_Init             0x0800fbdf    0x9e  Code  Gb  system.o [1]
System_Init::CmdEntrance_system
                        0x200000f4     0xc  Data  Lc  system.o [1]
System_SetSocket        0x0800fd35    0x4a  Code  Gb  system.o [1]
System_SockIsConnected  0x0800fd7f    0x92  Code  Gb  system.o [1]
System_SockIsConnected::tsclose
                        0x20009c7c     0x4  Data  Lc  system.o [1]
System_SockIsLock       0x0800fc91     0x8  Code  Gb  system.o [1]
System_SockLockEn       0x0800fc7d    0x14  Code  Gb  system.o [1]
System_SockRecv         0x0800fcd1    0x64  Code  Gb  system.o [1]
System_SockSend         0x0800fc99    0x38  Code  Gb  system.o [1]
TCPIP_Send              0x08009fb9    0x5c  Code  Lc  EC20.o [1]
TIM8_UP_IRQHandler      0x08014805     0xa  Code  Gb  stm32f1xx_it.o [1]
TIM_Base_SetConfig      0x080131a1    0x90  Code  Gb  stm32f1xx_hal_tim.o [1]
TaskFault_Save          0x08010049     0x2  Code  Gb  system.o [1]
TaskWDG_Add             0x0800b02b    0x34  Code  Gb  prjlib.o [1]
TaskWDG_Clear           0x0800b05f     0x6  Code  Gb  prjlib.o [1]
TaskWDG_IsUpper         0x0800b065    0x22  Code  Gb  prjlib.o [1]
TaskWDG_Tick            0x0800b087    0x2e  Code  Gb  prjlib.o [1]
TimerCountdown          0x08013259    0x16  Code  Gb  MQTTFreeRTOS.o [1]
TimerCountdownMS        0x08013249    0x10  Code  Gb  MQTTFreeRTOS.o [1]
TimerInit               0x080132ad     0xa  Code  Gb  MQTTFreeRTOS.o [1]
TimerIsExpired          0x0801328d    0x20  Code  Gb  MQTTFreeRTOS.o [1]
TimerLeftMS             0x0801326f    0x1e  Code  Gb  MQTTFreeRTOS.o [1]
UART4_IRQHandler        0x0801480f    0x14  Code  Gb  stm32f1xx_it.o [1]
UART5_IRQHandler        0x08014823    0x14  Code  Gb  stm32f1xx_it.o [1]
UART_Console            0x0800b9bd   0x172  Code  Lc  uart.o [1]
UART_DMAAbortOnError    0x0800da5d    0x16  Code  Lc  stm32f1xx_hal_uart.o [1]
UART_DMAError           0x0800d95d    0x5c  Code  Lc  stm32f1xx_hal_uart.o [1]
UART_DMATransmitCplt    0x0800d919    0x34  Code  Lc  stm32f1xx_hal_uart.o [1]
UART_DMATxHalfCplt      0x0800d94d     0xe  Code  Lc  stm32f1xx_hal_uart.o [1]
UART_DataSize           0x0800b4c9    0x2a  Code  Gb  uart.o [1]
UART_EndRxTransfer      0x0800da3d    0x20  Code  Lc  stm32f1xx_hal_uart.o [1]
UART_EndTransmit_IT     0x0800dae3    0x20  Code  Lc  stm32f1xx_hal_uart.o [1]
UART_EndTxTransfer      0x0800da29    0x14  Code  Lc  stm32f1xx_hal_uart.o [1]
UART_GetDataIdleTicks   0x0800b565    0x38  Code  Gb  uart.o [1]
UART_Handle_Array       0x20009ae0    0x14  Data  Lc  uart.o [1]
UART_MonitOut           0x20009ce6     0x1  Data  Lc  uart.o [1]
UART_MonitSource        0x20009ce5     0x1  Data  Lc  uart.o [1]
UART_Monit_FIFO         0x20009bb8    0x10  Data  Lc  uart.o [1]
UART_PortConfig         0x0800b259    0xca  Code  Gb  uart.o [1]
UART_PortConfig::f      0x20009ccc     0x4  Data  Lc  uart.o [1]
UART_PortConfig{1}{2}::CmdEntrance_UART
                        0x20000104     0xc  Data  Lc  uart.o [1]
UART_Printf             0x0800b405    0x68  Code  Gb  uart.o [1]
UART_Printf_Direct      0x0800b46d    0x5c  Code  Gb  uart.o [1]
UART_QueryByte          0x0800b4f3    0x30  Code  Gb  uart.o [1]
UART_ReadData           0x0800b523    0x42  Code  Gb  uart.o [1]
UART_ReceiveByte_IRQ    0x0800b889    0x74  Code  Gb  uart.o [1]
[...]
__aeabi_dsub            0x08007cb5          Code  Gb  DblSub.o [4]
__aeabi_i2d             0x08007c85          Code  Gb  I32ToDbl.o [4]
__aeabi_ldiv0           0x08008331          Code  Gb  I64DivZer.o [5]
__aeabi_memset          0x0800931d          Code  Gb  ABImemset.o [5]
__aeabi_ui2d            0x08007c99          Code  Gb  I32ToDbl.o [4]
__aeabi_uldivmod        0x0800798d          Code  Gb  I64DivMod.o [5]
__cmain                 0x08015859          Code  Gb  cmain.o [5]
__data_GetMemChunk      0x08006645    0x2c  Code  Gb  xgetmemchunk.o [3]
__data_GetMemChunk::start
                        0x20009cd0     0x4  Data  Lc  xgetmemchunk.o [3]
__exit                  0x08006671    0x14  Code  Gb  exit.o [6]
__iar_Dnorm             0x08007a7b    0x44  Code  Gb  xdnorm.o [4]
__iar_Dscale            0x08007b21   0x10c  Code  Gb  xdscale.o [4]
__iar_Locale_lconv_init
                        0x08008231    0x3a  Code  Gb  localeconv.o [3]
__iar_Mbcurmax          0x080078f1     0xa  Code  Gb  xmbcurmax.o [3]
__iar_Memchr            0x08007899          Code  Gb  memchr.o [5]
__iar_Memset            0x0800931d          Code  Gb  ABImemset.o [5]
__iar_Memset_word       0x08009325          Code  Gb  ABImemset.o [5]
__iar_Strchr            0x08007849          Code  Gb  strchr.o [5]
__iar_Strstr            0x0800e21d    0x2e  Code  Gb  strstr.o [3]
__iar_d2uiz             0x08007c65          Code  Gb  DblToI32.o [4]
__iar_dadd              0x08008335          Code  Gb  DblAdd.o [4]
__iar_data_init3        0x08015105    0x28  Code  Gb  data_init.o [5]
__iar_dlfree            0x08006103   0x51a  Code  Gb  dlmalloc.o [3]
__iar_dlib_perthread_access
                        0x08008409     0x2  Code  Gb  xtls.o [3]
__iar_dlmalloc          0x08005e4d   0x2aa  Code  Gb  dlmalloc.o [3]
__iar_dsub              0x08007cc9          Code  Gb  DblSub.o [4]
__iar_dsubStart         0x08007cdb          Code  Gb  DblSub.o [4]
__iar_floor             0x0800941d          Code  Gb  floor.o [4]
__iar_floorl            0x0800941d          Code  Gb  floor.o [4]
__iar_lz77_init_single3
                        0x0801486d    0x78  Code  Gb  lz77_init_single.o [5]
__iar_program_start     0x08015d4d          Code  Gb  cstartup_M.o [5]
__iar_ui2d              0x08007c9d          Code  Gb  I32ToDbl.o [4]
__iar_unaligned___aeabi_memcpy
                        0x08007915          Code  Gb  ABImemcpy_unaligned.o [5]
__iar_unaligned___aeabi_memcpy4
                        0x08007935          Code  Gb  ABImemcpy_unaligned.o [5]
__iar_unaligned___aeabi_memcpy8
                        0x08007935          Code  Gb  ABImemcpy_unaligned.o [5]
__iar_unaligned_strcmp  0x0800d4c9          Code  Gb  strcmp_unaligned.o [5]
__iar_unaligned_strcpy  0x080093a5          Code  Gb  strcpy_unaligned.o [5]
__iar_zero_init3        0x08014b49    0x40  Code  Gb  zero_init3.o [5]
__low_level_init        0x08015873     0x4  Code  Gb  low_level_init.o [3]
__vector_table          0x08005000          Data  Gb  startup_stm32f103xe.o [1]
_call_main              0x08015865          Code  Gb  cmain.o [5]
_exit                   0x0801587d          Code  Gb  cexit.o [5]
_gm_                    0x20009010   0x1d8  Data  Lc  dlmalloc.o [3]
_main                   0x0801586f          Code  Gb  cmain.o [5]
abort                   0x08006625     0x6  Code  Gb  abort.o [3]
bufchar                 0x08013c7d    0x28  Code  Gb  MQTTPacket.o [1]
bufptr                  0x20009c3c     0x4  Data  Lc  MQTTPacket.o [1]
cJSON_AddItemToArray    0x08009227    0x2c  Code  Gb  cJSON.o [1]
cJSON_AddItemToObject   0x08009253    0x2c  Code  Gb  cJSON.o [1]
cJSON_AddItemToObjectCS
                        0x0800927f    0x34  Code  Gb  cJSON.o [1]
cJSON_CreateNumber      0x080092c9    0x26  Code  Gb  cJSON.o [1]
cJSON_CreateObject      0x0800930d    0x10  Code  Gb  cJSON.o [1]
cJSON_CreateString      0x080092ef    0x1e  Code  Gb  cJSON.o [1]
cJSON_Delete            0x08008461    0x5a  Code  Gb  cJSON.o [1]
cJSON_New_Item          0x0800843d    0x24  Code  Lc  cJSON.o [1]
cJSON_PrintUnformatted  0x080088eb    0x12  Code  Gb  cJSON.o [1]
cJSON_free              0x20000004     0x4  Data  Lc  cJSON.o [1]
cJSON_malloc            0x20000000     0x4  Data  Lc  cJSON.o [1]
cJSON_strdup            0x0800840d    0x30  Code  Lc  cJSON.o [1]
changeMsgTatail         0x08012d49    0x30  Code  Gb  Process.o [1]
connectData             0x20000048    0x58  Data  Lc  MQTT_Conn.o [1]
crc16tab                0x08014584   0x200  Data  Gb  prjlib.o [1]
cycle                   0x080136f5   0x162  Code  Gb  MQTTClient.o [1]
datasave_Console        0x08012b0b    0x22  Code  Lc  DataSave.o [1]
decodePacket            0x0801348f    0x6c  Code  Lc  MQTTClient.o [1]
defaultTaskHandle       0x20009c20     0x4  Data  Gb  main.o [1]
deliverMessage          0x08013607    0x92  Code  Gb  MQTTClient.o [1]
div                     0x0800829d     0xe  Code  Gb  div.o [3]
ensure                  0x080084d5    0x82  Code  Lc  cJSON.o [1]
exit                    0x08015877     0x4  Code  Gb  exit.o [3]
firstEnt                0x20009c44     0x4  Data  Lc  prjlib.o [1]
floor                   0x0800941d          Code  Gb  floor.o [4]
floorl                  0x0800941d          Code  Gb  floor.o [4]
g_ucDbgLevel            0x2000020c     0x1  Data  Lc  console.o [1]
getNextPacketId         0x080133a7    0x18  Code  Lc  MQTTClient.o [1]
hdma_uart4_tx           0x20009700    0x44  Data  Gb  main.o [1]
hdma_usart1_tx          0x20009744    0x44  Data  Gb  main.o [1]
hdma_usart2_tx          0x20009788    0x44  Data  Gb  main.o [1]
hdma_usart3_tx          0x200097cc    0x44  Data  Gb  main.o [1]
hi2c1                   0x2000965c    0x54  Data  Gb  main.o [1]
hiwdg                   0x20009bc8     0xc  Data  Gb  main.o [1]
hspi1                   0x200095ac    0x58  Data  Gb  main.o [1]
hspi2                   0x20009604    0x58  Data  Gb  main.o [1]
htim8                   0x20009950    0x40  Data  Gb  stm32f1xx_hal_timebase_TIM.o [1]
huart1                  0x20009890    0x40  Data  Gb  main.o [1]
huart2                  0x200098d0    0x40  Data  Gb  main.o [1]
huart3                  0x20009910    0x40  Data  Gb  main.o [1]
huart4                  0x20009810    0x40  Data  Gb  main.o [1]
huart5                  0x20009850    0x40  Data  Gb  main.o [1]
inHandlerMode           0x0800a327    0x12  Code  Lc  cmsis_os.o [1]
init_mparams            0x0800514d    0x32  Code  Lc  dlmalloc.o [3]
init_top                0x0800517f    0x34  Code  Lc  dlmalloc.o [3]
isTopicMatched          0x08013593    0x74  Code  Lc  MQTTClient.o [1]
isalpha                 0x0800e2e9    0x14  Code  Gb  isxxx.o [3]
isdigit                 0x0800c055     0xa  Code  Gb  isdigit.o [3]
isgraph                 0x0800d55f    0x30  Code  Gb  isgraph.o [3]
isprint                 0x0800d537    0x28  Code  Gb  isprint.o [3]
ispunct                 0x0800e2fd    0x14  Code  Gb  isxxx.o [3]
isxdigit                0x08013b97    0x1e  Code  Gb  isxdigit.o [3]
keepalive               0x08013699    0x5c  Code  Gb  MQTTClient.o [1]
localeconv              0x0800826b    0x16  Code  Gb  localeconv.o [3]
mClient                 0x2000946c    0xb4  Data  Lc  MQTT_Conn.o [1]
mNetwork                0x20009b68    0x10  Data  Lc  MQTT_Conn.o [1]
main                    0x080105fd    0x58  Code  Gb  main.o [1]
makeFreeRtosPriority    0x0800a315    0x12  Code  Lc  cmsis_os.o [1]
memchr                  0x08007899          Code  Gb  memchr.o [5]
messageArrived          0x08011773    0x82  Code  Gb  MQTT_Conn.o [1]
mon_table               0x08015cf8     0xc  Data  Lc  rtc_ext.o [1]
mparams                 0x20009a64    0x18  Data  Lc  dlmalloc.o [3]
mqtt_Console            0x08011d89    0xc8  Code  Lc  MQTT_Conn.o [1]
msgId                   0x200000e4     0x4  Data  Gb  Process.o [1]
msgTail                 0x2000020d     0x1  Data  Gb  Process.o [1]
osDelay                 0x0800a371    0x1c  Code  Gb  cmsis_os.o [1]
osKernelStart           0x0800a339     0xa  Code  Gb  cmsis_os.o [1]
osMessageCreate         0x0800a57b    0x12  Code  Gb  cmsis_os.o [1]
osMessageGet            0x0800a5f3    0xb6  Code  Gb  cmsis_os.o [1]
osMessagePut            0x0800a58d    0x66  Code  Gb  cmsis_os.o [1]
osMutexCreate           0x0800a38d     0xc  Code  Gb  cmsis_os.o [1]
osMutexRelease          0x0800a41f    0x54  Code  Gb  cmsis_os.o [1]
osMutexWait             0x0800a399    0x86  Code  Gb  cmsis_os.o [1]
osSemaphoreCreate       0x0800a473    0x2e  Code  Gb  cmsis_os.o [1]
osSemaphoreRelease      0x0800a527    0x54  Code  Gb  cmsis_os.o [1]
osSemaphoreWait         0x0800a4a1    0x86  Code  Gb  cmsis_os.o [1]
osSystickHandler        0x0800a6a9    0x10  Code  Gb  cmsis_os.o [1]
osThreadCreate          0x0800a343    0x2e  Code  Gb  cmsis_os.o [1]
pRspBuf                 0x20009bfc     0x4  Data  Lc  EC20.o [1]
pTWDGEnter              0x20009c48     0x4  Data  Lc  prjlib.o [1]
pcInterruptPriorityRegisters
                        0x08015fe8     0x4  Data  Lc  port.o [1]
pollFun                 0x20009c2c     0x4  Data  Lc  MQTT_Conn.o [1]
pow2gt                  0x080084bb    0x1a  Code  Lc  cJSON.o [1]
prepend_alloc           0x080051b3   0x372  Code  Lc  dlmalloc.o [3]
print_array             0x08008a51   0x2ac  Code  Lc  cJSON.o [1]
print_number            0x0800857d   0x168  Code  Lc  cJSON.o [1]
print_object            0x08008d2d   0x4f0  Code  Lc  cJSON.o [1]
print_string            0x080088db    0x10  Code  Lc  cJSON.o [1]
print_string_ptr        0x080086f9   0x1e2  Code  Lc  cJSON.o [1]
print_value             0x08008905   0x148  Code  Lc  cJSON.o [1]
process_Console         0x08012fb9     0x2  Code  Lc  Process.o [1]
prvAddCurrentTaskToDelayedList
                        0x0800cac9    0x82  Code  Lc  tasks.o [1]
prvAddNewTaskToReadyList
                        0x0800c1c1    0xb8  Code  Lc  tasks.o [1]
prvCheckTasksWaitingTermination
                        0x0800c845    0x66  Code  Lc  tasks.o [1]
prvCopyDataFromQueue    0x0800d3a7    0x30  Code  Lc  queue.o [1]
prvCopyDataToQueue      0x0800d309    0x9e  Code  Lc  queue.o [1]
prvDeleteTCB            0x0800c8ab    0x12  Code  Lc  tasks.o [1]
prvHeapInit             0x0800bd4d    0x6e  Code  Lc  heap_4.o [1]
prvIdleTask             0x0800c7b9    0x2a  Code  Lc  tasks.o [1]
prvInitialiseMutex      0x0800ccaf    0x22  Code  Lc  queue.o [1]
prvInitialiseNewQueue   0x0800cc7d    0x32  Code  Lc  queue.o [1]
prvInitialiseNewTask    0x0800c0e5    0xdc  Code  Lc  tasks.o [1]
prvInitialiseTaskLists  0x0800c7e3    0x58  Code  Lc  tasks.o [1]
prvInsertBlockIntoFreeList
                        0x0800bdbb    0x62  Code  Lc  heap_4.o [1]
prvIsQueueEmpty         0x0800d445    0x20  Code  Lc  queue.o [1]
prvIsQueueFull          0x0800d465    0x22  Code  Lc  queue.o [1]
prvResetNextTaskUnblockTime
                        0x0800c8bd    0x2e  Code  Lc  tasks.o [1]
prvTaskExitError        0x0800be59    0x2a  Code  Lc  port.o [1]
prvUnlockQueue          0x0800d3d7    0x6e  Code  Lc  queue.o [1]
publishData             0x08012d7d    0xc0  Code  Gb  Process.o [1]
publishReg              0x08012e3d    0xcc  Code  Gb  Process.o [1]
publishTopic            0x20009a00    0x24  Data  Lc  Process.o [1]
pvPortMalloc            0x0800bba9   0x124  Code  Gb  heap_4.o [1]
pvTaskIncrementMutexHeldCount
                        0x0800ca7b    0x1e  Code  Gb  tasks.o [1]
pxCurrentTCB            0x20009c90     0x4  Data  Gb  tasks.o [1]
pxDelayedTaskList       0x20009c94     0x4  Data  Lc  tasks.o [1]
pxEnd                   0x20009c10     0x4  Data  Lc  heap_4.o [1]
pxOverflowDelayedTaskList
                        0x20009c98     0x4  Data  Lc  tasks.o [1]
pxPortInitialiseStack   0x0800be39    0x20  Code  Gb  port.o [1]
pxReadyTasksLists       0x20009520    0x8c  Data  Lc  tasks.o [1]
readChar                0x08013cd5    0x10  Code  Gb  MQTTPacket.o [1]
readInt                 0x08013cb9    0x1c  Code  Gb  MQTTPacket.o [1]
readMQTTLenString       0x08013d8b    0x3c  Code  Gb  MQTTPacket.o [1]
readPacket              0x080134fb    0x98  Code  Lc  MQTTClient.o [1]
rtc_iic                 0x20009c5c     0x4  Data  Gb  rtc_ext.o [1]
rxBuffer                0x20008c10   0x400  Data  Lc  MQTT_Conn.o [1]
segment_holding         0x08005131    0x1c  Code  Lc  dlmalloc.o [3]
sendPacket              0x080133bf    0x6e  Code  Lc  MQTTClient.o [1]
sendfailFun             0x20009c30     0x4  Data  Lc  MQTT_Conn.o [1]
socketPar               0x20009be4     0x8  Data  Lc  system.o [1]
sprintf                 0x080093e9    0x34  Code  Gb  sprintf.o [3]
stateChangedUpdate      0x08012ccf    0x76  Code  Gb  Process.o [1]
strcat                  0x08013bb5    0x1c  Code  Gb  strcat.o [3]
strchr                  0x08007849          Code  Gb  strchr.o [5]
strlen                  0x08007861          Code  Gb  strlen.o [5]
strlen_t                0x0800adef    0x16  Code  Gb  prjlib.o [1]
strncmp                 0x0800d50b    0x2c  Code  Gb  strncmp.o [3]
strstr                  0x0800c045    0x10  Code  Gb  wifi.o [1]
subscribeTopic          0x200099dc    0x24  Data  Lc  Process.o [1]
suffix_object           0x08009221     0x6  Code  Lc  cJSON.o [1]
sys_alloc               0x08005525   0x388  Code  Lc  dlmalloc.o [3]
system_Console          0x080100fd   0x26e  Code  Lc  system.o [1]
system_Console{2}{4}{5}{7}{8}{12}{13}{15}{16}{18}{19}{21}{22}{24}{25}{28}{29}{34}{35}{37}{38}{39}::port
                        0x20009cda     0x2  Data  Lc  system.o [1]
system_Console{2}{4}{5}{7}{8}{12}{13}{15}{16}{18}{19}{21}{22}{24}{25}{28}{29}{34}{35}{37}{38}{39}::server
                        0x20009a44    0x20  Data  Lc  system.o [1]
tmalloc_large           0x080058b9   0x380  Code  Lc  dlmalloc.o [3]
tmalloc_small           0x08005c39   0x206  Code  Lc  dlmalloc.o [3]
tsPingOut               0x20009c28     0x4  Data  Lc  MQTT_Conn.o [1]
txBuffer                0x20008810   0x400  Data  Lc  MQTT_Conn.o [1]
uatoi                   0x0800ae05    0x26  Code  Gb  prjlib.o [1]
uatoix                  0x0800ae2b    0x70  Code  Gb  prjlib.o [1]
ucHeap                  0x20000810  0x7800  Data  Lc  heap_4.o [1]
ucMaxSysCallPriority    0x20009ce1     0x1  Data  Lc  port.o [1]
ulMaxPRIGROUPValue      0x20009c40     0x4  Data  Lc  port.o [1]
update                  0x08008557    0x26  Code  Lc  cJSON.o [1]
uwTick                  0x20009c70     0x4  Data  Gb  stm32f1xx_hal.o [1]
uwTickFreq              0x2000020e     0x1  Data  Gb  stm32f1xx_hal.o [1]
uxCriticalNesting       0x200000c0     0x4  Data  Lc  port.o [1]
uxCurrentNumberOfTasks  0x20009ca0     0x4  Data  Lc  tasks.o [1]
uxDeletedTasksWaitingCleanUp
                        0x20009c9c     0x4  Data  Lc  tasks.o [1]
uxListRemove            0x0800e2c1    0x28  Code  Gb  list.o [1]
uxPendedTicks           0x20009cb0     0x4  Data  Lc  tasks.o [1]
uxSchedulerSuspended    0x20009cc8     0x4  Data  Lc  tasks.o [1]
uxTaskNumber            0x20009cbc     0x4  Data  Lc  tasks.o [1]
uxTopReadyPriority      0x20009ca8     0x4  Data  Lc  tasks.o [1]
vApplicationIdleHook    0x0800e085    0x44  Code  Gb  freertos.o [1]
vApplicationMallocFailedHook
                        0x0800e115    0x32  Code  Gb  freertos.o [1]
vApplicationMallocFailedHook::failindex
                        0x20009cd4     0x2  Data  Lc  freertos.o [1]
vApplicationStackOverflowHook
                        0x0800e15d    0x38  Code  Wk  freertos.o [1]
vApplicationTickHook    0x0800e0c9    0x4c  Code  Gb  freertos.o [1]
vApplicationTickHook::save
                        0x20009c0c     0x4  Data  Lc  freertos.o [1]
vListInitialise         0x0800e24b    0x1e  Code  Gb  list.o [1]
vListInitialiseItem     0x0800e269     0x6  Code  Gb  list.o [1]
vListInsert             0x0800e287    0x3a  Code  Gb  list.o [1]
vListInsertEnd          0x0800e26f    0x18  Code  Gb  list.o [1]
vPortEnterCritical      0x0800bf0b    0x3a  Code  Gb  port.o [1]
vPortExitCritical       0x0800bf45    0x32  Code  Gb  port.o [1]
vPortFree               0x0800bccd    0x7a  Code  Gb  heap_4.o [1]
vPortSetupTimerInterrupt
                        0x0800c011    0x28  Code  Wk  port.o [1]
vPortStartFirstTask     0x0800e1fb          Code  Gb  portasm.o [1]
vPortValidateInterruptPriority
                        0x0800bfa1    0x50  Code  Gb  port.o [1]
vTaskDelay              0x0800c279    0x4e  Code  Gb  tasks.o [1]
vTaskMissedYield        0x0800c7ad     0xa  Code  Gb  tasks.o [1]
vTaskPlaceOnEventList   0x0800c629    0x34  Code  Gb  tasks.o [1]
vTaskPriorityInherit    0x0800c919    0xaa  Code  Gb  tasks.o [1]
vTaskSetTimeOutState    0x0800c6e1    0x26  Code  Gb  tasks.o [1]
vTaskStartScheduler     0x0800c2c7    0x68  Code  Gb  tasks.o [1]
vTaskSuspendAll         0x0800c32f    0x10  Code  Gb  tasks.o [1]
vTaskSwitchContext      0x0800c57d    0xac  Code  Gb  tasks.o [1]
vsnprintf               0x0800d48d    0x3c  Code  Gb  vsnprint.o [3]
waitfor                 0x08013891    0x28  Code  Gb  MQTTClient.o [1]
week_table              0x08015cec     0xc  Data  Lc  rtc_ext.o [1]
writeCString            0x08013d1b    0x2a  Code  Gb  MQTTPacket.o [1]
writeChar               0x08013ce5     0xc  Code  Gb  MQTTPacket.o [1]
writeInt                0x08013cf1    0x2a  Code  Gb  MQTTPacket.o [1]
writeMQTTString         0x08013d45    0x46  Code  Gb  MQTTPacket.o [1]
xBlockAllocatedBit      0x20009c1c     0x4  Data  Lc  heap_4.o [1]
xDelayedTaskList1       0x20009a7c    0x14  Data  Lc  tasks.o [1]
xDelayedTaskList2       0x20009a90    0x14  Data  Lc  tasks.o [1]
xFreeBytesRemaining     0x20009c14     0x4  Data  Lc  heap_4.o [1]
xHeapStructSize         0x08015fb4     0x4  Data  Lc  heap_4.o [1]
xIdleTaskHandle         0x20009cc4     0x4  Data  Lc  tasks.o [1]
xMinimumEverFreeBytesRemaining
                        0x20009c18     0x4  Data  Lc  heap_4.o [1]
xNextTaskUnblockTime    0x20009cc0     0x4  Data  Lc  tasks.o [1]
xNumOfOverflows         0x20009cb8     0x4  Data  Lc  tasks.o [1]
xPendingReadyList       0x20009aa4    0x14  Data  Lc  tasks.o [1]
xPortGetFreeHeapSize    0x0800bd47     0x6  Code  Gb  heap_4.o [1]
xPortStartScheduler     0x0800be83    0x88  Code  Gb  port.o [1]
xPortSysTickHandler     0x0800bf77    0x28  Code  Gb  port.o [1]
xQueueCreateMutex       0x0800ccd1    0x20  Code  Gb  queue.o [1]
xQueueGenericCreate     0x0800cc25    0x58  Code  Gb  queue.o [1]
xQueueGenericReceive    0x0800d069   0x1dc  Code  Gb  queue.o [1]
xQueueGenericReset      0x0800cb91    0x94  Code  Gb  queue.o [1]
xQueueGenericSend       0x0800ccf1   0x1b2  Code  Gb  queue.o [1]
xQueueGenericSendFromISR
                        0x0800cea3    0xee  Code  Gb  queue.o [1]
xQueueGiveFromISR       0x0800cf91    0xd8  Code  Gb  queue.o [1]
xQueueReceiveFromISR    0x0800d245    0xc4  Code  Gb  queue.o [1]
xSchedulerRunning       0x20009cac     0x4  Data  Lc  tasks.o [1]
xStart                  0x20009bdc     0x8  Data  Lc  heap_4.o [1]
xSuspendedTaskList      0x20009acc    0x14  Data  Lc  tasks.o [1]
xTaskCheckForTimeOut    0x0800c71d    0x8a  Code  Gb  tasks.o [1]
xTaskCreate             0x0800c061    0x84  Code  Gb  tasks.o [1]
xTaskGetSchedulerState  0x0800c8eb    0x26  Code  Gb  tasks.o [1]
xTaskIncrementTick      0x0800c43d   0x140  Code  Gb  tasks.o [1]
xTaskPriorityDisinherit
                        0x0800c9c3    0xb8  Code  Gb  tasks.o [1]
xTaskRemoveFromEventList
                        0x0800c65d    0x84  Code  Gb  tasks.o [1]
xTaskResumeAll          0x0800c33f    0xfe  Code  Gb  tasks.o [1]
xTasksWaitingTermination
                        0x20009ab8    0x14  Data  Lc  tasks.o [1]
xTickCount              0x20009ca4     0x4  Data  Lc  tasks.o [1]
xYieldPending           0x20009cb4     0x4  Data  Lc  tasks.o [1]


[1] = D:\车厂标签\Firmware\firmware\AB13BaseAD20New\EWARM\AD-20\Obj
[2] = command line
[3] = dl7M_tlf.a
[4] = m7M_tl.a
[5] = rt7M_tl.a
[6] = shb_l.a

  63 684 bytes of readonly  code memory
   6 289 bytes of readonly  data memory
  40 166 bytes of readwrite data memory

Errors: none
Warnings: none
